[2023-01-13T22:49:02.272+0300][gc,heap] Heap region size: 1M
[2023-01-13T22:49:02.280+0300][gc     ] Using G1
[2023-01-13T22:49:02.281+0300][gc,heap,coops] Heap address: 0x00000000c0000000, size: 1024 MB, Compressed Oops mode: 32-bit
[2023-01-13T22:49:02.281+0300][gc,cds       ] Mark closed archive regions in map: [0x00000000fff00000, 0x00000000fff6aff8]
[2023-01-13T22:49:02.282+0300][gc,cds       ] Mark open archive regions in map: [0x00000000ffe00000, 0x00000000ffe47ff8]
[2023-01-13T22:49:04.167+0300][gc,start     ] GC(0) Pause Young (Normal) (G1 Evacuation Pause)
[2023-01-13T22:49:04.168+0300][gc,task      ] GC(0) Using 10 workers of 10 for evacuation
[2023-01-13T22:49:04.178+0300][gc,phases    ] GC(0)   Pre Evacuate Collection Set: 0,0ms
[2023-01-13T22:49:04.178+0300][gc,phases    ] GC(0)   Evacuate Collection Set: 8,0ms
[2023-01-13T22:49:04.179+0300][gc,phases    ] GC(0)   Post Evacuate Collection Set: 0,7ms
[2023-01-13T22:49:04.179+0300][gc,phases    ] GC(0)   Other: 2,5ms
[2023-01-13T22:49:04.179+0300][gc,heap      ] GC(0) Eden regions: 51->0(44)
[2023-01-13T22:49:04.180+0300][gc,heap      ] GC(0) Survivor regions: 0->7(7)
[2023-01-13T22:49:04.180+0300][gc,heap      ] GC(0) Old regions: 2->2
[2023-01-13T22:49:04.180+0300][gc,heap      ] GC(0) Humongous regions: 0->0
[2023-01-13T22:49:04.181+0300][gc,metaspace ] GC(0) Metaspace: 14328K(15104K)->14328K(15104K) NonClass: 12538K(13056K)->12538K(13056K) Class: 1789K(2048K)->1789K(2048K)
[2023-01-13T22:49:04.181+0300][gc           ] GC(0) Pause Young (Normal) (G1 Evacuation Pause) 51M->7M(1024M) 14,507ms
[2023-01-13T22:49:04.181+0300][gc,cpu       ] GC(0) User=0,07s Sys=0,02s Real=0,02s
[2023-01-13T22:49:04.996+0300][gc,start     ] GC(1) Pause Young (Concurrent Start) (Metadata GC Threshold)
[2023-01-13T22:49:04.996+0300][gc,task      ] GC(1) Using 10 workers of 10 for evacuation
[2023-01-13T22:49:05.005+0300][gc,phases    ] GC(1)   Pre Evacuate Collection Set: 0,1ms
[2023-01-13T22:49:05.006+0300][gc,phases    ] GC(1)   Evacuate Collection Set: 7,9ms
[2023-01-13T22:49:05.006+0300][gc,phases    ] GC(1)   Post Evacuate Collection Set: 0,8ms
[2023-01-13T22:49:05.007+0300][gc,phases    ] GC(1)   Other: 1,0ms
[2023-01-13T22:49:05.007+0300][gc,heap      ] GC(1) Eden regions: 29->0(49)
[2023-01-13T22:49:05.007+0300][gc,heap      ] GC(1) Survivor regions: 7->2(7)
[2023-01-13T22:49:05.008+0300][gc,heap      ] GC(1) Old regions: 2->9
[2023-01-13T22:49:05.008+0300][gc,heap      ] GC(1) Humongous regions: 0->0
[2023-01-13T22:49:05.009+0300][gc,metaspace ] GC(1) Metaspace: 20561K(21248K)->20561K(21248K) NonClass: 18042K(18432K)->18042K(18432K) Class: 2519K(2816K)->2519K(2816K)
[2023-01-13T22:49:05.009+0300][gc           ] GC(1) Pause Young (Concurrent Start) (Metadata GC Threshold) 35M->8M(1024M) 13,378ms
[2023-01-13T22:49:05.010+0300][gc,cpu       ] GC(1) User=0,05s Sys=0,02s Real=0,02s
[2023-01-13T22:49:05.010+0300][gc           ] GC(2) Concurrent Cycle
[2023-01-13T22:49:05.011+0300][gc,marking   ] GC(2) Concurrent Clear Claimed Marks
[2023-01-13T22:49:05.011+0300][gc,marking   ] GC(2) Concurrent Clear Claimed Marks 0,663ms
[2023-01-13T22:49:05.012+0300][gc,marking   ] GC(2) Concurrent Scan Root Regions
[2023-01-13T22:49:05.013+0300][gc,marking   ] GC(2) Concurrent Scan Root Regions 1,403ms
[2023-01-13T22:49:05.013+0300][gc,marking   ] GC(2) Concurrent Mark (2,834s)
[2023-01-13T22:49:05.014+0300][gc,marking   ] GC(2) Concurrent Mark From Roots
[2023-01-13T22:49:05.014+0300][gc,task      ] GC(2) Using 3 workers of 3 for marking
[2023-01-13T22:49:05.017+0300][gc,marking   ] GC(2) Concurrent Mark From Roots 3,530ms
[2023-01-13T22:49:05.018+0300][gc,marking   ] GC(2) Concurrent Preclean
[2023-01-13T22:49:05.018+0300][gc,marking   ] GC(2) Concurrent Preclean 0,530ms
[2023-01-13T22:49:05.019+0300][gc,marking   ] GC(2) Concurrent Mark (2,834s, 2,839s) 5,125ms
[2023-01-13T22:49:05.019+0300][gc,start     ] GC(2) Pause Remark
[2023-01-13T22:49:05.021+0300][gc,stringtable] GC(2) Cleaned string and symbol table, strings: 5262 processed, 0 removed, symbols: 52359 processed, 43 removed
[2023-01-13T22:49:05.022+0300][gc            ] GC(2) Pause Remark 8M->8M(1024M) 2,478ms
[2023-01-13T22:49:05.022+0300][gc,cpu        ] GC(2) User=0,01s Sys=0,00s Real=0,00s
[2023-01-13T22:49:05.023+0300][gc,marking    ] GC(2) Concurrent Rebuild Remembered Sets
[2023-01-13T22:49:05.025+0300][gc,marking    ] GC(2) Concurrent Rebuild Remembered Sets 1,928ms
[2023-01-13T22:49:05.025+0300][gc,start      ] GC(2) Pause Cleanup
[2023-01-13T22:49:05.026+0300][gc            ] GC(2) Pause Cleanup 9M->9M(1024M) 0,670ms
[2023-01-13T22:49:05.026+0300][gc,cpu        ] GC(2) User=0,00s Sys=0,00s Real=0,00s
[2023-01-13T22:49:05.027+0300][gc,marking    ] GC(2) Concurrent Cleanup for Next Mark
[2023-01-13T22:49:05.029+0300][gc,marking    ] GC(2) Concurrent Cleanup for Next Mark 1,991ms
[2023-01-13T22:49:05.029+0300][gc            ] GC(2) Concurrent Cycle 19,336ms
[2023-01-13T22:49:06.080+0300][gc,start      ] GC(3) Pause Young (Normal) (G1 Evacuation Pause)
[2023-01-13T22:49:06.080+0300][gc,task       ] GC(3) Using 10 workers of 10 for evacuation
[2023-01-13T22:49:06.083+0300][gc,phases     ] GC(3)   Pre Evacuate Collection Set: 0,0ms
[2023-01-13T22:49:06.083+0300][gc,phases     ] GC(3)   Evacuate Collection Set: 1,7ms
[2023-01-13T22:49:06.084+0300][gc,phases     ] GC(3)   Post Evacuate Collection Set: 0,5ms
[2023-01-13T22:49:06.084+0300][gc,phases     ] GC(3)   Other: 1,0ms
[2023-01-13T22:49:06.085+0300][gc,heap       ] GC(3) Eden regions: 49->0(47)
[2023-01-13T22:49:06.085+0300][gc,heap       ] GC(3) Survivor regions: 2->4(7)
[2023-01-13T22:49:06.086+0300][gc,heap       ] GC(3) Old regions: 9->9
[2023-01-13T22:49:06.086+0300][gc,heap       ] GC(3) Humongous regions: 129->129
[2023-01-13T22:49:06.086+0300][gc,metaspace  ] GC(3) Metaspace: 29143K(30464K)->29143K(30464K) NonClass: 25659K(26368K)->25659K(26368K) Class: 3483K(4096K)->3483K(4096K)
[2023-01-13T22:49:06.087+0300][gc            ] GC(3) Pause Young (Normal) (G1 Evacuation Pause) 186M->140M(1024M) 7,163ms
[2023-01-13T22:49:06.087+0300][gc,cpu        ] GC(3) User=0,01s Sys=0,01s Real=0,00s
[2023-01-13T22:49:06.649+0300][gc,start      ] GC(4) Pause Young (Concurrent Start) (Metadata GC Threshold)
[2023-01-13T22:49:06.649+0300][gc,task       ] GC(4) Using 10 workers of 10 for evacuation
[2023-01-13T22:49:06.655+0300][gc,phases     ] GC(4)   Pre Evacuate Collection Set: 0,1ms
[2023-01-13T22:49:06.655+0300][gc,phases     ] GC(4)   Evacuate Collection Set: 4,3ms
[2023-01-13T22:49:06.656+0300][gc,phases     ] GC(4)   Post Evacuate Collection Set: 0,7ms
[2023-01-13T22:49:06.656+0300][gc,phases     ] GC(4)   Other: 0,8ms
[2023-01-13T22:49:06.656+0300][gc,heap       ] GC(4) Eden regions: 29->0(45)
[2023-01-13T22:49:06.657+0300][gc,heap       ] GC(4) Survivor regions: 4->6(7)
[2023-01-13T22:49:06.657+0300][gc,heap       ] GC(4) Old regions: 9->10
[2023-01-13T22:49:06.657+0300][gc,heap       ] GC(4) Humongous regions: 129->129
[2023-01-13T22:49:06.658+0300][gc,metaspace  ] GC(4) Metaspace: 34407K(35840K)->34407K(35840K) NonClass: 30311K(31104K)->30311K(31104K) Class: 4096K(4736K)->4096K(4736K)
[2023-01-13T22:49:06.658+0300][gc            ] GC(4) Pause Young (Concurrent Start) (Metadata GC Threshold) 168M->142M(1024M) 8,800ms
[2023-01-13T22:49:06.658+0300][gc,cpu        ] GC(4) User=0,04s Sys=0,01s Real=0,00s
[2023-01-13T22:49:06.659+0300][gc            ] GC(5) Concurrent Cycle
[2023-01-13T22:49:06.659+0300][gc,marking    ] GC(5) Concurrent Clear Claimed Marks
[2023-01-13T22:49:06.660+0300][gc,marking    ] GC(5) Concurrent Clear Claimed Marks 0,542ms
[2023-01-13T22:49:06.660+0300][gc,marking    ] GC(5) Concurrent Scan Root Regions
[2023-01-13T22:49:06.662+0300][gc,marking    ] GC(5) Concurrent Scan Root Regions 1,630ms
[2023-01-13T22:49:06.662+0300][gc,marking    ] GC(5) Concurrent Mark (4,482s)
[2023-01-13T22:49:06.662+0300][gc,marking    ] GC(5) Concurrent Mark From Roots
[2023-01-13T22:49:06.663+0300][gc,task       ] GC(5) Using 3 workers of 3 for marking
[2023-01-13T22:49:06.667+0300][gc,marking    ] GC(5) Concurrent Mark From Roots 5,191ms
[2023-01-13T22:49:06.668+0300][gc,marking    ] GC(5) Concurrent Preclean
[2023-01-13T22:49:06.668+0300][gc,marking    ] GC(5) Concurrent Preclean 0,719ms
[2023-01-13T22:49:06.669+0300][gc,marking    ] GC(5) Concurrent Mark (4,482s, 4,489s) 7,143ms
[2023-01-13T22:49:06.670+0300][gc,start      ] GC(5) Pause Remark
[2023-01-13T22:49:06.677+0300][gc,stringtable] GC(5) Cleaned string and symbol table, strings: 10421 processed, 12 removed, symbols: 85163 processed, 13 removed
[2023-01-13T22:49:06.678+0300][gc            ] GC(5) Pause Remark 144M->144M(1024M) 7,947ms
[2023-01-13T22:49:06.678+0300][gc,cpu        ] GC(5) User=0,06s Sys=0,01s Real=0,00s
[2023-01-13T22:49:06.678+0300][gc,marking    ] GC(5) Concurrent Rebuild Remembered Sets
[2023-01-13T22:49:06.681+0300][gc,marking    ] GC(5) Concurrent Rebuild Remembered Sets 2,505ms
[2023-01-13T22:49:06.681+0300][gc,start      ] GC(5) Pause Cleanup
[2023-01-13T22:49:06.682+0300][gc            ] GC(5) Pause Cleanup 144M->144M(1024M) 0,656ms
[2023-01-13T22:49:06.682+0300][gc,cpu        ] GC(5) User=0,00s Sys=0,00s Real=0,00s
[2023-01-13T22:49:06.683+0300][gc,marking    ] GC(5) Concurrent Cleanup for Next Mark
[2023-01-13T22:49:06.690+0300][gc,marking    ] GC(5) Concurrent Cleanup for Next Mark 6,768ms
[2023-01-13T22:49:06.690+0300][gc            ] GC(5) Concurrent Cycle 31,365ms
[2023-01-13T22:56:07.914+0300][gc,start      ] GC(6) Pause Young (Concurrent Start) (G1 Evacuation Pause)
[2023-01-13T22:56:07.915+0300][gc,task       ] GC(6) Using 10 workers of 10 for evacuation
[2023-01-13T22:56:08.032+0300][gc,mmu        ] GC(6) MMU target violated: 21,0ms (20,0ms/21,0ms)
[2023-01-13T22:56:08.032+0300][gc,phases     ] GC(6)   Pre Evacuate Collection Set: 3,4ms
[2023-01-13T22:56:08.033+0300][gc,phases     ] GC(6)   Evacuate Collection Set: 23,2ms
[2023-01-13T22:56:08.033+0300][gc,phases     ] GC(6)   Post Evacuate Collection Set: 2,9ms
[2023-01-13T22:56:08.033+0300][gc,phases     ] GC(6)   Other: 92,1ms
[2023-01-13T22:56:08.034+0300][gc,heap       ] GC(6) Eden regions: 45->0(45)
[2023-01-13T22:56:08.034+0300][gc,heap       ] GC(6) Survivor regions: 6->6(7)
[2023-01-13T22:56:08.034+0300][gc,heap       ] GC(6) Old regions: 10->13
[2023-01-13T22:56:08.034+0300][gc,heap       ] GC(6) Humongous regions: 129->129
[2023-01-13T22:56:08.035+0300][gc,metaspace  ] GC(6) Metaspace: 40863K(43392K)->40863K(43392K) NonClass: 35738K(37120K)->35738K(37120K) Class: 5124K(6272K)->5124K(6272K)
[2023-01-13T22:56:08.036+0300][gc            ] GC(6) Pause Young (Concurrent Start) (G1 Evacuation Pause) 187M->146M(1024M) 121,161ms
[2023-01-13T22:56:08.036+0300][gc,cpu        ] GC(6) User=0,05s Sys=0,00s Real=0,12s
[2023-01-13T22:56:08.037+0300][gc            ] GC(7) Concurrent Cycle
[2023-01-13T22:56:08.038+0300][gc,marking    ] GC(7) Concurrent Clear Claimed Marks
[2023-01-13T22:56:08.038+0300][gc,marking    ] GC(7) Concurrent Clear Claimed Marks 0,589ms
[2023-01-13T22:56:08.039+0300][gc,marking    ] GC(7) Concurrent Scan Root Regions
[2023-01-13T22:56:08.041+0300][gc,marking    ] GC(7) Concurrent Scan Root Regions 2,781ms
[2023-01-13T22:56:08.042+0300][gc,marking    ] GC(7) Concurrent Mark (425,862s)
[2023-01-13T22:56:08.042+0300][gc,marking    ] GC(7) Concurrent Mark From Roots
[2023-01-13T22:56:08.042+0300][gc,task       ] GC(7) Using 3 workers of 3 for marking
[2023-01-13T22:56:08.062+0300][gc,marking    ] GC(7) Concurrent Mark From Roots 20,440ms
[2023-01-13T22:56:08.063+0300][gc,marking    ] GC(7) Concurrent Preclean
[2023-01-13T22:56:08.063+0300][gc,marking    ] GC(7) Concurrent Preclean 0,422ms
[2023-01-13T22:56:08.064+0300][gc,marking    ] GC(7) Concurrent Mark (425,862s, 425,884s) 21,829ms
[2023-01-13T22:56:08.064+0300][gc,start      ] GC(7) Pause Remark
[2023-01-13T22:56:08.109+0300][gc,stringtable] GC(7) Cleaned string and symbol table, strings: 11363 processed, 3 removed, symbols: 91126 processed, 2 removed
[2023-01-13T22:56:08.111+0300][gc,mmu        ] GC(7) MMU target violated: 21,0ms (20,0ms/21,0ms)
[2023-01-13T22:56:08.111+0300][gc            ] GC(7) Pause Remark 148M->148M(1024M) 46,960ms
[2023-01-13T22:56:08.111+0300][gc,cpu        ] GC(7) User=0,01s Sys=0,01s Real=0,05s
[2023-01-13T22:56:08.112+0300][gc,marking    ] GC(7) Concurrent Rebuild Remembered Sets
[2023-01-13T22:56:08.115+0300][gc,marking    ] GC(7) Concurrent Rebuild Remembered Sets 2,814ms
[2023-01-13T22:56:08.115+0300][gc,start      ] GC(7) Pause Cleanup
[2023-01-13T22:56:08.116+0300][gc            ] GC(7) Pause Cleanup 148M->148M(1024M) 0,707ms
[2023-01-13T22:56:08.116+0300][gc,cpu        ] GC(7) User=0,00s Sys=0,00s Real=0,00s
[2023-01-13T22:56:08.117+0300][gc,marking    ] GC(7) Concurrent Cleanup for Next Mark
[2023-01-13T22:56:08.138+0300][gc,marking    ] GC(7) Concurrent Cleanup for Next Mark 20,790ms
[2023-01-13T22:56:08.138+0300][gc            ] GC(7) Concurrent Cycle 100,956ms
[2023-01-13T23:30:36.243+0300][gc,start      ] GC(8) Pause Young (Normal) (G1 Evacuation Pause)
[2023-01-13T23:30:36.243+0300][gc,task       ] GC(8) Using 10 workers of 10 for evacuation
[2023-01-13T23:30:36.270+0300][gc,mmu        ] GC(8) MMU target violated: 21,0ms (20,0ms/21,0ms)
[2023-01-13T23:30:36.270+0300][gc,phases     ] GC(8)   Pre Evacuate Collection Set: 4,9ms
[2023-01-13T23:30:36.270+0300][gc,phases     ] GC(8)   Evacuate Collection Set: 18,2ms
[2023-01-13T23:30:36.271+0300][gc,phases     ] GC(8)   Post Evacuate Collection Set: 1,9ms
[2023-01-13T23:30:36.272+0300][gc,phases     ] GC(8)   Other: 2,9ms
[2023-01-13T23:30:36.273+0300][gc,heap       ] GC(8) Eden regions: 45->0(46)
[2023-01-13T23:30:36.274+0300][gc,heap       ] GC(8) Survivor regions: 6->5(7)
[2023-01-13T23:30:36.275+0300][gc,heap       ] GC(8) Old regions: 13->15
[2023-01-13T23:30:36.275+0300][gc,heap       ] GC(8) Humongous regions: 129->129
[2023-01-13T23:30:36.275+0300][gc,metaspace  ] GC(8) Metaspace: 41545K(44032K)->41545K(44032K) NonClass: 36344K(37632K)->36344K(37632K) Class: 5200K(6400K)->5200K(6400K)
[2023-01-13T23:30:36.276+0300][gc            ] GC(8) Pause Young (Normal) (G1 Evacuation Pause) 191M->146M(1024M) 33,389ms
[2023-01-13T23:30:36.276+0300][gc,cpu        ] GC(8) User=0,17s Sys=0,03s Real=0,03s
[2023-01-13T23:37:57.138+0300][gc,heap,exit  ] Heap
[2023-01-13T23:37:57.139+0300][gc,heap,exit  ]  garbage-first heap   total 1048576K, used 165835K [0x00000000c0000000, 0x0000000100000000)
[2023-01-13T23:37:57.139+0300][gc,heap,exit  ]   region size 1024K, 21 young (21504K), 5 survivors (5120K)
[2023-01-13T23:37:57.140+0300][gc,heap,exit  ]  Metaspace       used 42435K, capacity 44927K, committed 45056K, reserved 1087488K
[2023-01-13T23:37:57.140+0300][gc,heap,exit  ]   class space    used 5417K, capacity 6609K, committed 6656K, reserved 1048576K
