[2023-01-13T14:58:27.761+0300][gc,heap] Heap region size: 1M
[2023-01-13T14:58:27.768+0300][gc     ] Using G1
[2023-01-13T14:58:27.769+0300][gc,heap,coops] Heap address: 0x00000000c0000000, size: 1024 MB, Compressed Oops mode: 32-bit
[2023-01-13T14:58:27.769+0300][gc,cds       ] Mark closed archive regions in map: [0x00000000fff00000, 0x00000000fff6aff8]
[2023-01-13T14:58:27.770+0300][gc,cds       ] Mark open archive regions in map: [0x00000000ffe00000, 0x00000000ffe47ff8]
[2023-01-13T14:58:29.480+0300][gc,start     ] GC(0) Pause Young (Normal) (G1 Evacuation Pause)
[2023-01-13T14:58:29.482+0300][gc,task      ] GC(0) Using 10 workers of 10 for evacuation
[2023-01-13T14:58:29.492+0300][gc,phases    ] GC(0)   Pre Evacuate Collection Set: 0,0ms
[2023-01-13T14:58:29.492+0300][gc,phases    ] GC(0)   Evacuate Collection Set: 8,6ms
[2023-01-13T14:58:29.493+0300][gc,phases    ] GC(0)   Post Evacuate Collection Set: 0,7ms
[2023-01-13T14:58:29.493+0300][gc,phases    ] GC(0)   Other: 2,2ms
[2023-01-13T14:58:29.494+0300][gc,heap      ] GC(0) Eden regions: 51->0(44)
[2023-01-13T14:58:29.494+0300][gc,heap      ] GC(0) Survivor regions: 0->7(7)
[2023-01-13T14:58:29.495+0300][gc,heap      ] GC(0) Old regions: 2->2
[2023-01-13T14:58:29.495+0300][gc,heap      ] GC(0) Humongous regions: 0->0
[2023-01-13T14:58:29.495+0300][gc,metaspace ] GC(0) Metaspace: 14312K(15104K)->14312K(15104K) NonClass: 12521K(13056K)->12521K(13056K) Class: 1790K(2048K)->1790K(2048K)
[2023-01-13T14:58:29.496+0300][gc           ] GC(0) Pause Young (Normal) (G1 Evacuation Pause) 51M->7M(1024M) 15,206ms
[2023-01-13T14:58:29.496+0300][gc,cpu       ] GC(0) User=0,08s Sys=0,00s Real=0,02s
[2023-01-13T14:58:30.152+0300][gc,start     ] GC(1) Pause Young (Concurrent Start) (Metadata GC Threshold)
[2023-01-13T14:58:30.152+0300][gc,task      ] GC(1) Using 10 workers of 10 for evacuation
[2023-01-13T14:58:30.162+0300][gc,phases    ] GC(1)   Pre Evacuate Collection Set: 0,0ms
[2023-01-13T14:58:30.162+0300][gc,phases    ] GC(1)   Evacuate Collection Set: 8,2ms
[2023-01-13T14:58:30.163+0300][gc,phases    ] GC(1)   Post Evacuate Collection Set: 0,7ms
[2023-01-13T14:58:30.163+0300][gc,phases    ] GC(1)   Other: 0,8ms
[2023-01-13T14:58:30.163+0300][gc,heap      ] GC(1) Eden regions: 29->0(49)
[2023-01-13T14:58:30.164+0300][gc,heap      ] GC(1) Survivor regions: 7->2(7)
[2023-01-13T14:58:30.164+0300][gc,heap      ] GC(1) Old regions: 2->9
[2023-01-13T14:58:30.164+0300][gc,heap      ] GC(1) Humongous regions: 0->0
[2023-01-13T14:58:30.165+0300][gc,metaspace ] GC(1) Metaspace: 20551K(21248K)->20551K(21248K) NonClass: 18030K(18432K)->18030K(18432K) Class: 2521K(2816K)->2521K(2816K)
[2023-01-13T14:58:30.165+0300][gc           ] GC(1) Pause Young (Concurrent Start) (Metadata GC Threshold) 35M->8M(1024M) 13,315ms
[2023-01-13T14:58:30.166+0300][gc,cpu       ] GC(1) User=0,03s Sys=0,04s Real=0,02s
[2023-01-13T14:58:30.166+0300][gc           ] GC(2) Concurrent Cycle
[2023-01-13T14:58:30.166+0300][gc,marking   ] GC(2) Concurrent Clear Claimed Marks
[2023-01-13T14:58:30.167+0300][gc,marking   ] GC(2) Concurrent Clear Claimed Marks 0,404ms
[2023-01-13T14:58:30.167+0300][gc,marking   ] GC(2) Concurrent Scan Root Regions
[2023-01-13T14:58:30.168+0300][gc,marking   ] GC(2) Concurrent Scan Root Regions 1,173ms
[2023-01-13T14:58:30.169+0300][gc,marking   ] GC(2) Concurrent Mark (2,486s)
[2023-01-13T14:58:30.169+0300][gc,marking   ] GC(2) Concurrent Mark From Roots
[2023-01-13T14:58:30.169+0300][gc,task      ] GC(2) Using 3 workers of 3 for marking
[2023-01-13T14:58:30.173+0300][gc,marking   ] GC(2) Concurrent Mark From Roots 3,591ms
[2023-01-13T14:58:30.173+0300][gc,marking   ] GC(2) Concurrent Preclean
[2023-01-13T14:58:30.173+0300][gc,marking   ] GC(2) Concurrent Preclean 0,520ms
[2023-01-13T14:58:30.174+0300][gc,marking   ] GC(2) Concurrent Mark (2,486s, 2,491s) 5,149ms
[2023-01-13T14:58:30.174+0300][gc,start     ] GC(2) Pause Remark
[2023-01-13T14:58:30.176+0300][gc,stringtable] GC(2) Cleaned string and symbol table, strings: 5266 processed, 0 removed, symbols: 52363 processed, 42 removed
[2023-01-13T14:58:30.177+0300][gc            ] GC(2) Pause Remark 9M->9M(1024M) 2,172ms
[2023-01-13T14:58:30.177+0300][gc,cpu        ] GC(2) User=0,01s Sys=0,00s Real=0,00s
[2023-01-13T14:58:30.177+0300][gc,marking    ] GC(2) Concurrent Rebuild Remembered Sets
[2023-01-13T14:58:30.179+0300][gc,marking    ] GC(2) Concurrent Rebuild Remembered Sets 1,899ms
[2023-01-13T14:58:30.180+0300][gc,start      ] GC(2) Pause Cleanup
[2023-01-13T14:58:30.181+0300][gc            ] GC(2) Pause Cleanup 9M->9M(1024M) 0,553ms
[2023-01-13T14:58:30.181+0300][gc,cpu        ] GC(2) User=0,00s Sys=0,00s Real=0,00s
[2023-01-13T14:58:30.181+0300][gc,marking    ] GC(2) Concurrent Cleanup for Next Mark
[2023-01-13T14:58:30.183+0300][gc,marking    ] GC(2) Concurrent Cleanup for Next Mark 1,913ms
[2023-01-13T14:58:30.184+0300][gc            ] GC(2) Concurrent Cycle 17,565ms
[2023-01-13T14:58:30.993+0300][gc,start      ] GC(3) Pause Young (Normal) (G1 Evacuation Pause)
[2023-01-13T14:58:30.993+0300][gc,task       ] GC(3) Using 10 workers of 10 for evacuation
[2023-01-13T14:58:30.996+0300][gc,phases     ] GC(3)   Pre Evacuate Collection Set: 0,0ms
[2023-01-13T14:58:30.997+0300][gc,phases     ] GC(3)   Evacuate Collection Set: 1,8ms
[2023-01-13T14:58:30.997+0300][gc,phases     ] GC(3)   Post Evacuate Collection Set: 0,7ms
[2023-01-13T14:58:30.998+0300][gc,phases     ] GC(3)   Other: 1,0ms
[2023-01-13T14:58:30.998+0300][gc,heap       ] GC(3) Eden regions: 49->0(46)
[2023-01-13T14:58:30.999+0300][gc,heap       ] GC(3) Survivor regions: 2->5(7)
[2023-01-13T14:58:30.999+0300][gc,heap       ] GC(3) Old regions: 9->9
[2023-01-13T14:58:30.999+0300][gc,heap       ] GC(3) Humongous regions: 129->129
[2023-01-13T14:58:31.000+0300][gc,metaspace  ] GC(3) Metaspace: 29173K(30464K)->29173K(30464K) NonClass: 25687K(26368K)->25687K(26368K) Class: 3485K(4096K)->3485K(4096K)
[2023-01-13T14:58:31.000+0300][gc            ] GC(3) Pause Young (Normal) (G1 Evacuation Pause) 186M->140M(1024M) 7,535ms
[2023-01-13T14:58:31.001+0300][gc,cpu        ] GC(3) User=0,03s Sys=0,01s Real=0,01s
[2023-01-13T14:58:31.467+0300][gc,start      ] GC(4) Pause Young (Concurrent Start) (Metadata GC Threshold)
[2023-01-13T14:58:31.467+0300][gc,task       ] GC(4) Using 10 workers of 10 for evacuation
[2023-01-13T14:58:31.472+0300][gc,phases     ] GC(4)   Pre Evacuate Collection Set: 0,1ms
[2023-01-13T14:58:31.472+0300][gc,phases     ] GC(4)   Evacuate Collection Set: 3,5ms
[2023-01-13T14:58:31.472+0300][gc,phases     ] GC(4)   Post Evacuate Collection Set: 0,6ms
[2023-01-13T14:58:31.473+0300][gc,phases     ] GC(4)   Other: 0,8ms
[2023-01-13T14:58:31.473+0300][gc,heap       ] GC(4) Eden regions: 29->0(45)
[2023-01-13T14:58:31.473+0300][gc,heap       ] GC(4) Survivor regions: 5->6(7)
[2023-01-13T14:58:31.474+0300][gc,heap       ] GC(4) Old regions: 9->10
[2023-01-13T14:58:31.474+0300][gc,heap       ] GC(4) Humongous regions: 129->129
[2023-01-13T14:58:31.474+0300][gc,metaspace  ] GC(4) Metaspace: 34360K(35840K)->34360K(35840K) NonClass: 30271K(31104K)->30271K(31104K) Class: 4089K(4736K)->4089K(4736K)
[2023-01-13T14:58:31.475+0300][gc            ] GC(4) Pause Young (Concurrent Start) (Metadata GC Threshold) 168M->143M(1024M) 8,040ms
[2023-01-13T14:58:31.475+0300][gc,cpu        ] GC(4) User=0,05s Sys=0,01s Real=0,01s
[2023-01-13T14:58:31.475+0300][gc            ] GC(5) Concurrent Cycle
[2023-01-13T14:58:31.476+0300][gc,marking    ] GC(5) Concurrent Clear Claimed Marks
[2023-01-13T14:58:31.476+0300][gc,marking    ] GC(5) Concurrent Clear Claimed Marks 0,440ms
[2023-01-13T14:58:31.476+0300][gc,marking    ] GC(5) Concurrent Scan Root Regions
[2023-01-13T14:58:31.478+0300][gc,marking    ] GC(5) Concurrent Scan Root Regions 1,684ms
[2023-01-13T14:58:31.478+0300][gc,marking    ] GC(5) Concurrent Mark (3,796s)
[2023-01-13T14:58:31.479+0300][gc,marking    ] GC(5) Concurrent Mark From Roots
[2023-01-13T14:58:31.479+0300][gc,task       ] GC(5) Using 3 workers of 3 for marking
[2023-01-13T14:58:31.483+0300][gc,marking    ] GC(5) Concurrent Mark From Roots 3,918ms
[2023-01-13T14:58:31.483+0300][gc,marking    ] GC(5) Concurrent Preclean
[2023-01-13T14:58:31.484+0300][gc,marking    ] GC(5) Concurrent Preclean 0,454ms
[2023-01-13T14:58:31.484+0300][gc,marking    ] GC(5) Concurrent Mark (3,796s, 3,801s) 5,419ms
[2023-01-13T14:58:31.484+0300][gc,start      ] GC(5) Pause Remark
[2023-01-13T14:58:31.487+0300][gc,stringtable] GC(5) Cleaned string and symbol table, strings: 10405 processed, 12 removed, symbols: 85152 processed, 14 removed
[2023-01-13T14:58:31.487+0300][gc            ] GC(5) Pause Remark 144M->144M(1024M) 2,988ms
[2023-01-13T14:58:31.488+0300][gc,cpu        ] GC(5) User=0,01s Sys=0,00s Real=0,00s
[2023-01-13T14:58:31.488+0300][gc,marking    ] GC(5) Concurrent Rebuild Remembered Sets
[2023-01-13T14:58:31.490+0300][gc,marking    ] GC(5) Concurrent Rebuild Remembered Sets 2,061ms
[2023-01-13T14:58:31.491+0300][gc,start      ] GC(5) Pause Cleanup
[2023-01-13T14:58:31.492+0300][gc            ] GC(5) Pause Cleanup 144M->144M(1024M) 0,598ms
[2023-01-13T14:58:31.492+0300][gc,cpu        ] GC(5) User=0,00s Sys=0,00s Real=0,00s
[2023-01-13T14:58:31.493+0300][gc,marking    ] GC(5) Concurrent Cleanup for Next Mark
[2023-01-13T14:58:31.499+0300][gc,marking    ] GC(5) Concurrent Cleanup for Next Mark 6,303ms
[2023-01-13T14:58:31.499+0300][gc            ] GC(5) Concurrent Cycle 23,879ms
[2023-01-13T15:18:41.720+0300][gc,start      ] GC(6) Pause Young (Concurrent Start) (G1 Evacuation Pause)
[2023-01-13T15:18:41.720+0300][gc,task       ] GC(6) Using 10 workers of 10 for evacuation
[2023-01-13T15:18:41.746+0300][gc,mmu        ] GC(6) MMU target violated: 21,0ms (20,0ms/21,0ms)
[2023-01-13T15:18:41.746+0300][gc,phases     ] GC(6)   Pre Evacuate Collection Set: 1,7ms
[2023-01-13T15:18:41.747+0300][gc,phases     ] GC(6)   Evacuate Collection Set: 22,1ms
[2023-01-13T15:18:41.747+0300][gc,phases     ] GC(6)   Post Evacuate Collection Set: 1,0ms
[2023-01-13T15:18:41.748+0300][gc,phases     ] GC(6)   Other: 2,1ms
[2023-01-13T15:18:41.748+0300][gc,heap       ] GC(6) Eden regions: 45->0(47)
[2023-01-13T15:18:41.749+0300][gc,heap       ] GC(6) Survivor regions: 6->4(7)
[2023-01-13T15:18:41.749+0300][gc,heap       ] GC(6) Old regions: 10->13
[2023-01-13T15:18:41.750+0300][gc,heap       ] GC(6) Humongous regions: 129->129
[2023-01-13T15:18:41.750+0300][gc,metaspace  ] GC(6) Metaspace: 40506K(42880K)->40506K(42880K) NonClass: 35312K(36608K)->35312K(36608K) Class: 5194K(6272K)->5194K(6272K)
[2023-01-13T15:18:41.751+0300][gc            ] GC(6) Pause Young (Concurrent Start) (G1 Evacuation Pause) 188M->144M(1024M) 30,956ms
[2023-01-13T15:18:41.751+0300][gc,cpu        ] GC(6) User=0,15s Sys=0,00s Real=0,03s
[2023-01-13T15:18:41.751+0300][gc            ] GC(7) Concurrent Cycle
[2023-01-13T15:18:41.752+0300][gc,marking    ] GC(7) Concurrent Clear Claimed Marks
[2023-01-13T15:18:41.753+0300][gc,marking    ] GC(7) Concurrent Clear Claimed Marks 0,751ms
[2023-01-13T15:18:41.753+0300][gc,marking    ] GC(7) Concurrent Scan Root Regions
[2023-01-13T15:18:41.756+0300][gc,marking    ] GC(7) Concurrent Scan Root Regions 2,855ms
[2023-01-13T15:18:41.756+0300][gc,marking    ] GC(7) Concurrent Mark (1214,074s)
[2023-01-13T15:18:41.757+0300][gc,marking    ] GC(7) Concurrent Mark From Roots
[2023-01-13T15:18:41.757+0300][gc,task       ] GC(7) Using 3 workers of 3 for marking
[2023-01-13T15:18:41.764+0300][gc,marking    ] GC(7) Concurrent Mark From Roots 7,584ms
[2023-01-13T15:18:41.765+0300][gc,marking    ] GC(7) Concurrent Preclean
[2023-01-13T15:18:41.766+0300][gc,marking    ] GC(7) Concurrent Preclean 0,806ms
[2023-01-13T15:18:41.766+0300][gc,marking    ] GC(7) Concurrent Mark (1214,074s, 1214,083s) 9,554ms
[2023-01-13T15:18:41.767+0300][gc,start      ] GC(7) Pause Remark
[2023-01-13T15:18:41.777+0300][gc,stringtable] GC(7) Cleaned string and symbol table, strings: 11229 processed, 256 removed, symbols: 91243 processed, 2 removed
[2023-01-13T15:18:41.778+0300][gc            ] GC(7) Pause Remark 144M->144M(1024M) 11,522ms
[2023-01-13T15:18:41.779+0300][gc,cpu        ] GC(7) User=0,07s Sys=0,00s Real=0,01s
[2023-01-13T15:18:41.779+0300][gc,marking    ] GC(7) Concurrent Rebuild Remembered Sets
[2023-01-13T15:18:41.782+0300][gc,marking    ] GC(7) Concurrent Rebuild Remembered Sets 3,017ms
[2023-01-13T15:18:41.783+0300][gc,start      ] GC(7) Pause Cleanup
[2023-01-13T15:18:41.784+0300][gc            ] GC(7) Pause Cleanup 144M->144M(1024M) 0,782ms
[2023-01-13T15:18:41.784+0300][gc,cpu        ] GC(7) User=0,00s Sys=0,00s Real=0,00s
[2023-01-13T15:18:41.785+0300][gc,marking    ] GC(7) Concurrent Cleanup for Next Mark
[2023-01-13T15:18:41.802+0300][gc,marking    ] GC(7) Concurrent Cleanup for Next Mark 17,372ms
[2023-01-13T15:18:41.803+0300][gc            ] GC(7) Concurrent Cycle 51,202ms
[2023-01-13T16:04:26.724+0300][gc,start      ] GC(8) Pause Young (Normal) (G1 Evacuation Pause)
[2023-01-13T16:04:26.725+0300][gc,task       ] GC(8) Using 10 workers of 10 for evacuation
[2023-01-13T16:04:26.783+0300][gc,mmu        ] GC(8) MMU target violated: 21,0ms (20,0ms/21,0ms)
[2023-01-13T16:04:26.784+0300][gc,phases     ] GC(8)   Pre Evacuate Collection Set: 12,5ms
[2023-01-13T16:04:26.784+0300][gc,phases     ] GC(8)   Evacuate Collection Set: 38,2ms
[2023-01-13T16:04:26.785+0300][gc,phases     ] GC(8)   Post Evacuate Collection Set: 5,0ms
[2023-01-13T16:04:26.785+0300][gc,phases     ] GC(8)   Other: 5,7ms
[2023-01-13T16:04:26.786+0300][gc,heap       ] GC(8) Eden regions: 47->0(46)
[2023-01-13T16:04:26.786+0300][gc,heap       ] GC(8) Survivor regions: 4->5(7)
[2023-01-13T16:04:26.787+0300][gc,heap       ] GC(8) Old regions: 13->13
[2023-01-13T16:04:26.787+0300][gc,heap       ] GC(8) Humongous regions: 129->129
[2023-01-13T16:04:26.787+0300][gc,metaspace  ] GC(8) Metaspace: 41553K(43904K)->41553K(43904K) NonClass: 36386K(37632K)->36386K(37632K) Class: 5166K(6272K)->5166K(6272K)
[2023-01-13T16:04:26.788+0300][gc            ] GC(8) Pause Young (Normal) (G1 Evacuation Pause) 191M->145M(1024M) 64,353ms
[2023-01-13T16:04:26.788+0300][gc,cpu        ] GC(8) User=0,16s Sys=0,04s Real=0,06s
[2023-01-13T16:21:52.129+0300][gc,start      ] GC(9) Pause Young (Normal) (G1 Evacuation Pause)
[2023-01-13T16:21:52.130+0300][gc,task       ] GC(9) Using 10 workers of 10 for evacuation
[2023-01-13T16:21:52.135+0300][gc,phases     ] GC(9)   Pre Evacuate Collection Set: 0,2ms
[2023-01-13T16:21:52.136+0300][gc,phases     ] GC(9)   Evacuate Collection Set: 3,6ms
[2023-01-13T16:21:52.136+0300][gc,phases     ] GC(9)   Post Evacuate Collection Set: 1,2ms
[2023-01-13T16:21:52.137+0300][gc,phases     ] GC(9)   Other: 1,4ms
[2023-01-13T16:21:52.137+0300][gc,heap       ] GC(9) Eden regions: 46->0(46)
[2023-01-13T16:21:52.137+0300][gc,heap       ] GC(9) Survivor regions: 5->5(7)
[2023-01-13T16:21:52.138+0300][gc,heap       ] GC(9) Old regions: 13->15
[2023-01-13T16:21:52.138+0300][gc,heap       ] GC(9) Humongous regions: 129->129
[2023-01-13T16:21:52.139+0300][gc,metaspace  ] GC(9) Metaspace: 41591K(43904K)->41591K(43904K) NonClass: 36418K(37632K)->36418K(37632K) Class: 5172K(6272K)->5172K(6272K)
[2023-01-13T16:21:52.139+0300][gc            ] GC(9) Pause Young (Normal) (G1 Evacuation Pause) 191M->146M(1024M) 10,023ms
[2023-01-13T16:21:52.139+0300][gc,cpu        ] GC(9) User=0,04s Sys=0,00s Real=0,01s
[2023-01-13T16:40:09.742+0300][gc,start      ] GC(10) Pause Young (Normal) (G1 Evacuation Pause)
[2023-01-13T16:40:09.743+0300][gc,task       ] GC(10) Using 10 workers of 10 for evacuation
[2023-01-13T16:40:09.747+0300][gc,phases     ] GC(10)   Pre Evacuate Collection Set: 0,1ms
[2023-01-13T16:40:09.748+0300][gc,phases     ] GC(10)   Evacuate Collection Set: 2,1ms
[2023-01-13T16:40:09.748+0300][gc,phases     ] GC(10)   Post Evacuate Collection Set: 1,2ms
[2023-01-13T16:40:09.748+0300][gc,phases     ] GC(10)   Other: 1,2ms
[2023-01-13T16:40:09.749+0300][gc,heap       ] GC(10) Eden regions: 46->0(49)
[2023-01-13T16:40:09.750+0300][gc,heap       ] GC(10) Survivor regions: 5->2(7)
[2023-01-13T16:40:09.750+0300][gc,heap       ] GC(10) Old regions: 15->16
[2023-01-13T16:40:09.751+0300][gc,heap       ] GC(10) Humongous regions: 129->129
[2023-01-13T16:40:09.751+0300][gc,metaspace  ] GC(10) Metaspace: 41631K(43904K)->41631K(43904K) NonClass: 36458K(37632K)->36458K(37632K) Class: 5172K(6272K)->5172K(6272K)
[2023-01-13T16:40:09.752+0300][gc            ] GC(10) Pause Young (Normal) (G1 Evacuation Pause) 192M->145M(1024M) 9,357ms
[2023-01-13T16:40:09.752+0300][gc,cpu        ] GC(10) User=0,01s Sys=0,01s Real=0,01s
[2023-01-13T17:00:46.719+0300][gc,start      ] GC(11) Pause Young (Normal) (G1 Evacuation Pause)
[2023-01-13T17:00:46.720+0300][gc,task       ] GC(11) Using 10 workers of 10 for evacuation
[2023-01-13T17:00:46.729+0300][gc,phases     ] GC(11)   Pre Evacuate Collection Set: 0,2ms
[2023-01-13T17:00:46.729+0300][gc,phases     ] GC(11)   Evacuate Collection Set: 7,0ms
[2023-01-13T17:00:46.730+0300][gc,phases     ] GC(11)   Post Evacuate Collection Set: 0,7ms
[2023-01-13T17:00:46.730+0300][gc,phases     ] GC(11)   Other: 1,5ms
[2023-01-13T17:00:46.731+0300][gc,heap       ] GC(11) Eden regions: 49->0(49)
[2023-01-13T17:00:46.731+0300][gc,heap       ] GC(11) Survivor regions: 2->3(7)
[2023-01-13T17:00:46.732+0300][gc,heap       ] GC(11) Old regions: 16->16
[2023-01-13T17:00:46.732+0300][gc,heap       ] GC(11) Humongous regions: 129->129
[2023-01-13T17:00:46.732+0300][gc,metaspace  ] GC(11) Metaspace: 41631K(43904K)->41631K(43904K) NonClass: 36458K(37632K)->36458K(37632K) Class: 5172K(6272K)->5172K(6272K)
[2023-01-13T17:00:46.733+0300][gc            ] GC(11) Pause Young (Normal) (G1 Evacuation Pause) 194M->146M(1024M) 13,557ms
[2023-01-13T17:00:46.733+0300][gc,cpu        ] GC(11) User=0,06s Sys=0,00s Real=0,02s
[2023-01-13T17:21:00.413+0300][gc,start      ] GC(12) Pause Young (Normal) (G1 Evacuation Pause)
[2023-01-13T17:21:00.414+0300][gc,task       ] GC(12) Using 10 workers of 10 for evacuation
[2023-01-13T17:21:00.418+0300][gc,phases     ] GC(12)   Pre Evacuate Collection Set: 0,1ms
[2023-01-13T17:21:00.419+0300][gc,phases     ] GC(12)   Evacuate Collection Set: 3,1ms
[2023-01-13T17:21:00.419+0300][gc,phases     ] GC(12)   Post Evacuate Collection Set: 0,8ms
[2023-01-13T17:21:00.420+0300][gc,phases     ] GC(12)   Other: 1,4ms
[2023-01-13T17:21:00.420+0300][gc,heap       ] GC(12) Eden regions: 49->0(59)
[2023-01-13T17:21:00.421+0300][gc,heap       ] GC(12) Survivor regions: 3->3(7)
[2023-01-13T17:21:00.422+0300][gc,heap       ] GC(12) Old regions: 16->16
[2023-01-13T17:21:00.423+0300][gc,heap       ] GC(12) Humongous regions: 129->129
[2023-01-13T17:21:00.423+0300][gc,metaspace  ] GC(12) Metaspace: 41665K(43904K)->41665K(43904K) NonClass: 36492K(37632K)->36492K(37632K) Class: 5172K(6272K)->5172K(6272K)
[2023-01-13T17:21:00.423+0300][gc            ] GC(12) Pause Young (Normal) (G1 Evacuation Pause) 195M->146M(1024M) 10,488ms
[2023-01-13T17:21:00.424+0300][gc,cpu        ] GC(12) User=0,00s Sys=0,03s Real=0,02s
[2023-01-13T17:58:44.546+0300][gc,start      ] GC(13) Pause Young (Normal) (G1 Evacuation Pause)
[2023-01-13T17:58:44.546+0300][gc,task       ] GC(13) Using 10 workers of 10 for evacuation
[2023-01-13T17:58:44.575+0300][gc,mmu        ] GC(13) MMU target violated: 21,0ms (20,0ms/21,0ms)
[2023-01-13T17:58:44.575+0300][gc,phases     ] GC(13)   Pre Evacuate Collection Set: 8,1ms
[2023-01-13T17:58:44.576+0300][gc,phases     ] GC(13)   Evacuate Collection Set: 14,6ms
[2023-01-13T17:58:44.576+0300][gc,phases     ] GC(13)   Post Evacuate Collection Set: 1,6ms
[2023-01-13T17:58:44.577+0300][gc,phases     ] GC(13)   Other: 5,8ms
[2023-01-13T17:58:44.578+0300][gc,heap       ] GC(13) Eden regions: 59->0(384)
[2023-01-13T17:58:44.578+0300][gc,heap       ] GC(13) Survivor regions: 3->3(8)
[2023-01-13T17:58:44.578+0300][gc,heap       ] GC(13) Old regions: 16->16
[2023-01-13T17:58:44.579+0300][gc,heap       ] GC(13) Humongous regions: 129->129
[2023-01-13T17:58:44.579+0300][gc,metaspace  ] GC(13) Metaspace: 41677K(43904K)->41677K(43904K) NonClass: 36504K(37632K)->36504K(37632K) Class: 5172K(6272K)->5172K(6272K)
[2023-01-13T17:58:44.580+0300][gc            ] GC(13) Pause Young (Normal) (G1 Evacuation Pause) 205M->145M(1024M) 34,172ms
[2023-01-13T17:58:44.580+0300][gc,cpu        ] GC(13) User=0,14s Sys=0,00s Real=0,03s
[2023-01-13T21:53:51.684+0300][gc,start      ] GC(14) Pause Young (Normal) (G1 Evacuation Pause)
[2023-01-13T21:53:51.688+0300][gc,task       ] GC(14) Using 10 workers of 10 for evacuation
[2023-01-13T21:53:51.793+0300][gc,mmu        ] GC(14) MMU target violated: 21,0ms (20,0ms/21,0ms)
[2023-01-13T21:53:51.794+0300][gc,phases     ] GC(14)   Pre Evacuate Collection Set: 12,4ms
[2023-01-13T21:53:51.794+0300][gc,phases     ] GC(14)   Evacuate Collection Set: 61,9ms
[2023-01-13T21:53:51.795+0300][gc,phases     ] GC(14)   Post Evacuate Collection Set: 20,9ms
[2023-01-13T21:53:51.795+0300][gc,phases     ] GC(14)   Other: 17,6ms
[2023-01-13T21:53:51.796+0300][gc,heap       ] GC(14) Eden regions: 384->0(48)
[2023-01-13T21:53:51.796+0300][gc,heap       ] GC(14) Survivor regions: 3->3(49)
[2023-01-13T21:53:51.797+0300][gc,heap       ] GC(14) Old regions: 16->16
[2023-01-13T21:53:51.797+0300][gc,heap       ] GC(14) Humongous regions: 129->129
[2023-01-13T21:53:51.797+0300][gc,metaspace  ] GC(14) Metaspace: 42314K(44928K)->42314K(44928K) NonClass: 36984K(38400K)->36984K(38400K) Class: 5329K(6528K)->5329K(6528K)
[2023-01-13T21:53:51.798+0300][gc            ] GC(14) Pause Young (Normal) (G1 Evacuation Pause) 529M->146M(1024M) 114,285ms
[2023-01-13T21:53:51.798+0300][gc,cpu        ] GC(14) User=0,57s Sys=0,00s Real=0,11s
[2023-01-13T22:14:20.348+0300][gc,start      ] GC(15) Pause Young (Normal) (G1 Evacuation Pause)
[2023-01-13T22:14:20.349+0300][gc,task       ] GC(15) Using 10 workers of 10 for evacuation
[2023-01-13T22:14:20.357+0300][gc,phases     ] GC(15)   Pre Evacuate Collection Set: 0,2ms
[2023-01-13T22:14:20.358+0300][gc,phases     ] GC(15)   Evacuate Collection Set: 6,6ms
[2023-01-13T22:14:20.358+0300][gc,phases     ] GC(15)   Post Evacuate Collection Set: 1,3ms
[2023-01-13T22:14:20.359+0300][gc,phases     ] GC(15)   Other: 1,1ms
[2023-01-13T22:14:20.359+0300][gc,heap       ] GC(15) Eden regions: 48->0(47)
[2023-01-13T22:14:20.360+0300][gc,heap       ] GC(15) Survivor regions: 3->4(7)
[2023-01-13T22:14:20.360+0300][gc,heap       ] GC(15) Old regions: 16->16
[2023-01-13T22:14:20.361+0300][gc,heap       ] GC(15) Humongous regions: 129->129
[2023-01-13T22:14:20.361+0300][gc,metaspace  ] GC(15) Metaspace: 42322K(44928K)->42322K(44928K) NonClass: 36992K(38400K)->36992K(38400K) Class: 5329K(6528K)->5329K(6528K)
[2023-01-13T22:14:20.362+0300][gc            ] GC(15) Pause Young (Normal) (G1 Evacuation Pause) 194M->146M(1024M) 13,692ms
[2023-01-13T22:14:20.362+0300][gc,cpu        ] GC(15) User=0,05s Sys=0,02s Real=0,02s
[2023-01-13T22:21:40.572+0300][gc,heap,exit  ] Heap
[2023-01-13T22:21:40.572+0300][gc,heap,exit  ]  garbage-first heap   total 1048576K, used 178133K [0x00000000c0000000, 0x0000000100000000)
[2023-01-13T22:21:40.573+0300][gc,heap,exit  ]   region size 1024K, 33 young (33792K), 4 survivors (4096K)
[2023-01-13T22:21:40.573+0300][gc,heap,exit  ]  Metaspace       used 43070K, capacity 45596K, committed 45696K, reserved 1087488K
[2023-01-13T22:21:40.574+0300][gc,heap,exit  ]   class space    used 5537K, capacity 6769K, committed 6784K, reserved 1048576K
