[2023-01-14T00:23:45.424+0300][gc,heap] Heap region size: 1M
[2023-01-14T00:23:45.432+0300][gc     ] Using G1
[2023-01-14T00:23:45.433+0300][gc,heap,coops] Heap address: 0x00000000c0000000, size: 1024 MB, Compressed Oops mode: 32-bit
[2023-01-14T00:23:45.433+0300][gc,cds       ] Mark closed archive regions in map: [0x00000000fff00000, 0x00000000fff6aff8]
[2023-01-14T00:23:45.434+0300][gc,cds       ] Mark open archive regions in map: [0x00000000ffe00000, 0x00000000ffe47ff8]
[2023-01-14T00:23:47.408+0300][gc,start     ] GC(0) Pause Young (Normal) (G1 Evacuation Pause)
[2023-01-14T00:23:47.410+0300][gc,task      ] GC(0) Using 10 workers of 10 for evacuation
[2023-01-14T00:23:47.421+0300][gc,phases    ] GC(0)   Pre Evacuate Collection Set: 0,0ms
[2023-01-14T00:23:47.422+0300][gc,phases    ] GC(0)   Evacuate Collection Set: 10,0ms
[2023-01-14T00:23:47.422+0300][gc,phases    ] GC(0)   Post Evacuate Collection Set: 0,8ms
[2023-01-14T00:23:47.423+0300][gc,phases    ] GC(0)   Other: 2,3ms
[2023-01-14T00:23:47.423+0300][gc,heap      ] GC(0) Eden regions: 51->0(44)
[2023-01-14T00:23:47.423+0300][gc,heap      ] GC(0) Survivor regions: 0->7(7)
[2023-01-14T00:23:47.424+0300][gc,heap      ] GC(0) Old regions: 2->2
[2023-01-14T00:23:47.424+0300][gc,heap      ] GC(0) Humongous regions: 0->0
[2023-01-14T00:23:47.425+0300][gc,metaspace ] GC(0) Metaspace: 14331K(15104K)->14331K(15104K) NonClass: 12541K(13056K)->12541K(13056K) Class: 1790K(2048K)->1790K(2048K)
[2023-01-14T00:23:47.425+0300][gc           ] GC(0) Pause Young (Normal) (G1 Evacuation Pause) 51M->7M(1024M) 16,514ms
[2023-01-14T00:23:47.425+0300][gc,cpu       ] GC(0) User=0,09s Sys=0,00s Real=0,02s
[2023-01-14T00:23:48.236+0300][gc,start     ] GC(1) Pause Young (Concurrent Start) (Metadata GC Threshold)
[2023-01-14T00:23:48.236+0300][gc,task      ] GC(1) Using 10 workers of 10 for evacuation
[2023-01-14T00:23:48.244+0300][gc,phases    ] GC(1)   Pre Evacuate Collection Set: 0,0ms
[2023-01-14T00:23:48.244+0300][gc,phases    ] GC(1)   Evacuate Collection Set: 6,4ms
[2023-01-14T00:23:48.245+0300][gc,phases    ] GC(1)   Post Evacuate Collection Set: 0,6ms
[2023-01-14T00:23:48.245+0300][gc,phases    ] GC(1)   Other: 1,3ms
[2023-01-14T00:23:48.246+0300][gc,heap      ] GC(1) Eden regions: 29->0(49)
[2023-01-14T00:23:48.246+0300][gc,heap      ] GC(1) Survivor regions: 7->2(7)
[2023-01-14T00:23:48.247+0300][gc,heap      ] GC(1) Old regions: 2->9
[2023-01-14T00:23:48.247+0300][gc,heap      ] GC(1) Humongous regions: 0->0
[2023-01-14T00:23:48.247+0300][gc,metaspace ] GC(1) Metaspace: 20489K(21248K)->20489K(21248K) NonClass: 17977K(18432K)->17977K(18432K) Class: 2512K(2816K)->2512K(2816K)
[2023-01-14T00:23:48.248+0300][gc           ] GC(1) Pause Young (Concurrent Start) (Metadata GC Threshold) 35M->8M(1024M) 12,289ms
[2023-01-14T00:23:48.248+0300][gc,cpu       ] GC(1) User=0,03s Sys=0,01s Real=0,01s
[2023-01-14T00:23:48.249+0300][gc           ] GC(2) Concurrent Cycle
[2023-01-14T00:23:48.249+0300][gc,marking   ] GC(2) Concurrent Clear Claimed Marks
[2023-01-14T00:23:48.250+0300][gc,marking   ] GC(2) Concurrent Clear Claimed Marks 0,437ms
[2023-01-14T00:23:48.250+0300][gc,marking   ] GC(2) Concurrent Scan Root Regions
[2023-01-14T00:23:48.251+0300][gc,marking   ] GC(2) Concurrent Scan Root Regions 1,308ms
[2023-01-14T00:23:48.251+0300][gc,marking   ] GC(2) Concurrent Mark (2,956s)
[2023-01-14T00:23:48.252+0300][gc,marking   ] GC(2) Concurrent Mark From Roots
[2023-01-14T00:23:48.252+0300][gc,task      ] GC(2) Using 3 workers of 3 for marking
[2023-01-14T00:23:48.255+0300][gc,marking   ] GC(2) Concurrent Mark From Roots 3,426ms
[2023-01-14T00:23:48.256+0300][gc,marking   ] GC(2) Concurrent Preclean
[2023-01-14T00:23:48.256+0300][gc,marking   ] GC(2) Concurrent Preclean 0,499ms
[2023-01-14T00:23:48.257+0300][gc,marking   ] GC(2) Concurrent Mark (2,956s, 2,961s) 5,018ms
[2023-01-14T00:23:48.257+0300][gc,start     ] GC(2) Pause Remark
[2023-01-14T00:23:48.259+0300][gc,stringtable] GC(2) Cleaned string and symbol table, strings: 5262 processed, 0 removed, symbols: 51483 processed, 44 removed
[2023-01-14T00:23:48.260+0300][gc            ] GC(2) Pause Remark 8M->8M(1024M) 2,445ms
[2023-01-14T00:23:48.260+0300][gc,cpu        ] GC(2) User=0,00s Sys=0,01s Real=0,01s
[2023-01-14T00:23:48.260+0300][gc,marking    ] GC(2) Concurrent Rebuild Remembered Sets
[2023-01-14T00:23:48.262+0300][gc,marking    ] GC(2) Concurrent Rebuild Remembered Sets 2,000ms
[2023-01-14T00:23:48.263+0300][gc,start      ] GC(2) Pause Cleanup
[2023-01-14T00:23:48.264+0300][gc            ] GC(2) Pause Cleanup 8M->8M(1024M) 0,628ms
[2023-01-14T00:23:48.264+0300][gc,cpu        ] GC(2) User=0,00s Sys=0,00s Real=0,00s
[2023-01-14T00:23:48.265+0300][gc,marking    ] GC(2) Concurrent Cleanup for Next Mark
[2023-01-14T00:23:48.269+0300][gc,marking    ] GC(2) Concurrent Cleanup for Next Mark 4,718ms
[2023-01-14T00:23:48.270+0300][gc            ] GC(2) Concurrent Cycle 21,015ms
[2023-01-14T00:23:49.375+0300][gc,start      ] GC(3) Pause Young (Normal) (G1 Evacuation Pause)
[2023-01-14T00:23:49.376+0300][gc,task       ] GC(3) Using 10 workers of 10 for evacuation
[2023-01-14T00:23:49.379+0300][gc,phases     ] GC(3)   Pre Evacuate Collection Set: 0,0ms
[2023-01-14T00:23:49.379+0300][gc,phases     ] GC(3)   Evacuate Collection Set: 1,7ms
[2023-01-14T00:23:49.380+0300][gc,phases     ] GC(3)   Post Evacuate Collection Set: 0,6ms
[2023-01-14T00:23:49.380+0300][gc,phases     ] GC(3)   Other: 1,2ms
[2023-01-14T00:23:49.381+0300][gc,heap       ] GC(3) Eden regions: 49->0(47)
[2023-01-14T00:23:49.381+0300][gc,heap       ] GC(3) Survivor regions: 2->4(7)
[2023-01-14T00:23:49.381+0300][gc,heap       ] GC(3) Old regions: 9->9
[2023-01-14T00:23:49.382+0300][gc,heap       ] GC(3) Humongous regions: 129->129
[2023-01-14T00:23:49.382+0300][gc,metaspace  ] GC(3) Metaspace: 29117K(30464K)->29117K(30464K) NonClass: 25633K(26368K)->25633K(26368K) Class: 3483K(4096K)->3483K(4096K)
[2023-01-14T00:23:49.383+0300][gc            ] GC(3) Pause Young (Normal) (G1 Evacuation Pause) 186M->140M(1024M) 7,313ms
[2023-01-14T00:23:49.383+0300][gc,cpu        ] GC(3) User=0,02s Sys=0,00s Real=0,01s
[2023-01-14T00:23:49.989+0300][gc,start      ] GC(4) Pause Young (Concurrent Start) (Metadata GC Threshold)
[2023-01-14T00:23:49.989+0300][gc,task       ] GC(4) Using 10 workers of 10 for evacuation
[2023-01-14T00:23:49.993+0300][gc,phases     ] GC(4)   Pre Evacuate Collection Set: 0,1ms
[2023-01-14T00:23:49.994+0300][gc,phases     ] GC(4)   Evacuate Collection Set: 2,7ms
[2023-01-14T00:23:49.994+0300][gc,phases     ] GC(4)   Post Evacuate Collection Set: 0,6ms
[2023-01-14T00:23:49.995+0300][gc,phases     ] GC(4)   Other: 0,8ms
[2023-01-14T00:23:49.995+0300][gc,heap       ] GC(4) Eden regions: 29->0(45)
[2023-01-14T00:23:49.995+0300][gc,heap       ] GC(4) Survivor regions: 4->6(7)
[2023-01-14T00:23:49.996+0300][gc,heap       ] GC(4) Old regions: 9->10
[2023-01-14T00:23:49.996+0300][gc,heap       ] GC(4) Humongous regions: 129->129
[2023-01-14T00:23:49.997+0300][gc,metaspace  ] GC(4) Metaspace: 34438K(35840K)->34438K(35840K) NonClass: 30323K(31104K)->30323K(31104K) Class: 4114K(4736K)->4114K(4736K)
[2023-01-14T00:23:49.997+0300][gc            ] GC(4) Pause Young (Concurrent Start) (Metadata GC Threshold) 169M->142M(1024M) 7,989ms
[2023-01-14T00:23:49.998+0300][gc,cpu        ] GC(4) User=0,02s Sys=0,00s Real=0,00s
[2023-01-14T00:23:49.998+0300][gc            ] GC(5) Concurrent Cycle
[2023-01-14T00:23:49.998+0300][gc,marking    ] GC(5) Concurrent Clear Claimed Marks
[2023-01-14T00:23:49.999+0300][gc,marking    ] GC(5) Concurrent Clear Claimed Marks 0,471ms
[2023-01-14T00:23:49.999+0300][gc,marking    ] GC(5) Concurrent Scan Root Regions
[2023-01-14T00:23:50.001+0300][gc,marking    ] GC(5) Concurrent Scan Root Regions 1,815ms
[2023-01-14T00:23:50.002+0300][gc,marking    ] GC(5) Concurrent Mark (4,706s)
[2023-01-14T00:23:50.002+0300][gc,marking    ] GC(5) Concurrent Mark From Roots
[2023-01-14T00:23:50.002+0300][gc,task       ] GC(5) Using 3 workers of 3 for marking
[2023-01-14T00:23:50.009+0300][gc,marking    ] GC(5) Concurrent Mark From Roots 7,287ms
[2023-01-14T00:23:50.010+0300][gc,marking    ] GC(5) Concurrent Preclean
[2023-01-14T00:23:50.010+0300][gc,marking    ] GC(5) Concurrent Preclean 0,639ms
[2023-01-14T00:23:50.011+0300][gc,marking    ] GC(5) Concurrent Mark (4,706s, 4,715s) 9,210ms
[2023-01-14T00:23:50.011+0300][gc,start      ] GC(5) Pause Remark
[2023-01-14T00:23:50.014+0300][gc,stringtable] GC(5) Cleaned string and symbol table, strings: 10402 processed, 12 removed, symbols: 85200 processed, 14 removed
[2023-01-14T00:23:50.014+0300][gc            ] GC(5) Pause Remark 143M->143M(1024M) 2,983ms
[2023-01-14T00:23:50.015+0300][gc,cpu        ] GC(5) User=0,01s Sys=0,01s Real=0,00s
[2023-01-14T00:23:50.015+0300][gc,marking    ] GC(5) Concurrent Rebuild Remembered Sets
[2023-01-14T00:23:50.018+0300][gc,marking    ] GC(5) Concurrent Rebuild Remembered Sets 3,166ms
[2023-01-14T00:23:50.019+0300][gc,start      ] GC(5) Pause Cleanup
[2023-01-14T00:23:50.020+0300][gc            ] GC(5) Pause Cleanup 144M->144M(1024M) 0,566ms
[2023-01-14T00:23:50.020+0300][gc,cpu        ] GC(5) User=0,01s Sys=0,00s Real=0,00s
[2023-01-14T00:23:50.021+0300][gc,marking    ] GC(5) Concurrent Cleanup for Next Mark
[2023-01-14T00:23:50.028+0300][gc,marking    ] GC(5) Concurrent Cleanup for Next Mark 7,156ms
[2023-01-14T00:23:50.028+0300][gc            ] GC(5) Concurrent Cycle 30,217ms
[2023-01-14T00:27:03.361+0300][gc,start      ] GC(6) Pause Young (Concurrent Start) (G1 Evacuation Pause)
[2023-01-14T00:27:03.364+0300][gc,task       ] GC(6) Using 10 workers of 10 for evacuation
[2023-01-14T00:27:03.473+0300][gc,mmu        ] GC(6) MMU target violated: 21,0ms (20,0ms/21,0ms)
[2023-01-14T00:27:03.473+0300][gc,phases     ] GC(6)   Pre Evacuate Collection Set: 11,6ms
[2023-01-14T00:27:03.474+0300][gc,phases     ] GC(6)   Evacuate Collection Set: 36,8ms
[2023-01-14T00:27:03.474+0300][gc,phases     ] GC(6)   Post Evacuate Collection Set: 9,0ms
[2023-01-14T00:27:03.474+0300][gc,phases     ] GC(6)   Other: 60,9ms
[2023-01-14T00:27:03.475+0300][gc,heap       ] GC(6) Eden regions: 45->0(46)
[2023-01-14T00:27:03.475+0300][gc,heap       ] GC(6) Survivor regions: 6->5(7)
[2023-01-14T00:27:03.476+0300][gc,heap       ] GC(6) Old regions: 10->12
[2023-01-14T00:27:03.476+0300][gc,heap       ] GC(6) Humongous regions: 129->0
[2023-01-14T00:27:03.477+0300][gc,metaspace  ] GC(6) Metaspace: 41870K(44800K)->41870K(44800K) NonClass: 36367K(37888K)->36367K(37888K) Class: 5503K(6912K)->5503K(6912K)
[2023-01-14T00:27:03.478+0300][gc            ] GC(6) Pause Young (Concurrent Start) (G1 Evacuation Pause) 187M->15M(1024M) 116,820ms
[2023-01-14T00:27:03.478+0300][gc,cpu        ] GC(6) User=0,37s Sys=0,00s Real=0,11s
[2023-01-14T00:27:03.479+0300][gc            ] GC(7) Concurrent Cycle
[2023-01-14T00:27:03.479+0300][gc,marking    ] GC(7) Concurrent Clear Claimed Marks
[2023-01-14T00:27:03.480+0300][gc,marking    ] GC(7) Concurrent Clear Claimed Marks 0,495ms
[2023-01-14T00:27:03.480+0300][gc,marking    ] GC(7) Concurrent Scan Root Regions
[2023-01-14T00:27:03.489+0300][gc,marking    ] GC(7) Concurrent Scan Root Regions 8,182ms
[2023-01-14T00:27:03.489+0300][gc,marking    ] GC(7) Concurrent Mark (198,194s)
[2023-01-14T00:27:03.489+0300][gc,marking    ] GC(7) Concurrent Mark From Roots
[2023-01-14T00:27:03.490+0300][gc,task       ] GC(7) Using 3 workers of 3 for marking
[2023-01-14T00:27:03.508+0300][gc,marking    ] GC(7) Concurrent Mark From Roots 18,988ms
[2023-01-14T00:27:03.509+0300][gc,marking    ] GC(7) Concurrent Preclean
[2023-01-14T00:27:03.510+0300][gc,marking    ] GC(7) Concurrent Preclean 0,923ms
[2023-01-14T00:27:03.510+0300][gc,marking    ] GC(7) Concurrent Mark (198,194s, 198,215s) 21,061ms
[2023-01-14T00:27:03.511+0300][gc,start      ] GC(7) Pause Remark
[2023-01-14T00:27:03.521+0300][gc,stringtable] GC(7) Cleaned string and symbol table, strings: 11381 processed, 34 removed, symbols: 91649 processed, 2 removed
[2023-01-14T00:27:03.525+0300][gc            ] GC(7) Pause Remark 15M->15M(1024M) 13,948ms
[2023-01-14T00:27:03.525+0300][gc,cpu        ] GC(7) User=0,08s Sys=0,00s Real=0,01s
[2023-01-14T00:27:03.526+0300][gc,marking    ] GC(7) Concurrent Rebuild Remembered Sets
[2023-01-14T00:27:03.530+0300][gc,marking    ] GC(7) Concurrent Rebuild Remembered Sets 3,909ms
[2023-01-14T00:27:03.531+0300][gc,start      ] GC(7) Pause Cleanup
[2023-01-14T00:27:03.531+0300][gc            ] GC(7) Pause Cleanup 15M->15M(1024M) 0,715ms
[2023-01-14T00:27:03.532+0300][gc,cpu        ] GC(7) User=0,00s Sys=0,00s Real=0,00s
[2023-01-14T00:27:03.532+0300][gc,marking    ] GC(7) Concurrent Cleanup for Next Mark
[2023-01-14T00:27:03.556+0300][gc,marking    ] GC(7) Concurrent Cleanup for Next Mark 23,730ms
[2023-01-14T00:27:03.556+0300][gc            ] GC(7) Concurrent Cycle 77,691ms
[2023-01-14T00:27:03.758+0300][gc,heap,exit  ] Heap
[2023-01-14T00:27:03.759+0300][gc,heap,exit  ]  garbage-first heap   total 1048576K, used 20644K [0x00000000c0000000, 0x0000000100000000)
[2023-01-14T00:27:03.759+0300][gc,heap,exit  ]   region size 1024K, 11 young (11264K), 5 survivors (5120K)
[2023-01-14T00:27:03.760+0300][gc,heap,exit  ]  Metaspace       used 42176K, capacity 44831K, committed 45056K, reserved 1087488K
[2023-01-14T00:27:03.760+0300][gc,heap,exit  ]   class space    used 5576K, capacity 6891K, committed 6912K, reserved 1048576K
