[2023-01-14T00:18:18.899+0300][gc,heap] Heap region size: 1M
[2023-01-14T00:18:18.915+0300][gc     ] Using G1
[2023-01-14T00:18:18.915+0300][gc,heap,coops] Heap address: 0x00000000c0000000, size: 1024 MB, Compressed Oops mode: 32-bit
[2023-01-14T00:18:18.916+0300][gc,cds       ] Mark closed archive regions in map: [0x00000000fff00000, 0x00000000fff6aff8]
[2023-01-14T00:18:18.916+0300][gc,cds       ] Mark open archive regions in map: [0x00000000ffe00000, 0x00000000ffe47ff8]
[2023-01-14T00:18:21.122+0300][gc,start     ] GC(0) Pause Young (Normal) (G1 Evacuation Pause)
[2023-01-14T00:18:21.124+0300][gc,task      ] GC(0) Using 10 workers of 10 for evacuation
[2023-01-14T00:18:21.132+0300][gc,phases    ] GC(0)   Pre Evacuate Collection Set: 0,0ms
[2023-01-14T00:18:21.132+0300][gc,phases    ] GC(0)   Evacuate Collection Set: 6,7ms
[2023-01-14T00:18:21.133+0300][gc,phases    ] GC(0)   Post Evacuate Collection Set: 0,8ms
[2023-01-14T00:18:21.133+0300][gc,phases    ] GC(0)   Other: 2,5ms
[2023-01-14T00:18:21.134+0300][gc,heap      ] GC(0) Eden regions: 51->0(44)
[2023-01-14T00:18:21.134+0300][gc,heap      ] GC(0) Survivor regions: 0->7(7)
[2023-01-14T00:18:21.134+0300][gc,heap      ] GC(0) Old regions: 2->2
[2023-01-14T00:18:21.135+0300][gc,heap      ] GC(0) Humongous regions: 0->0
[2023-01-14T00:18:21.135+0300][gc,metaspace ] GC(0) Metaspace: 14332K(15104K)->14332K(15104K) NonClass: 12542K(13056K)->12542K(13056K) Class: 1790K(2048K)->1790K(2048K)
[2023-01-14T00:18:21.135+0300][gc           ] GC(0) Pause Young (Normal) (G1 Evacuation Pause) 51M->7M(1024M) 13,544ms
[2023-01-14T00:18:21.136+0300][gc,cpu       ] GC(0) User=0,07s Sys=0,00s Real=0,01s
[2023-01-14T00:18:22.032+0300][gc,start     ] GC(1) Pause Young (Concurrent Start) (Metadata GC Threshold)
[2023-01-14T00:18:22.032+0300][gc,task      ] GC(1) Using 10 workers of 10 for evacuation
[2023-01-14T00:18:22.047+0300][gc,phases    ] GC(1)   Pre Evacuate Collection Set: 0,1ms
[2023-01-14T00:18:22.048+0300][gc,phases    ] GC(1)   Evacuate Collection Set: 13,1ms
[2023-01-14T00:18:22.048+0300][gc,phases    ] GC(1)   Post Evacuate Collection Set: 0,7ms
[2023-01-14T00:18:22.048+0300][gc,phases    ] GC(1)   Other: 1,1ms
[2023-01-14T00:18:22.049+0300][gc,heap      ] GC(1) Eden regions: 29->0(49)
[2023-01-14T00:18:22.049+0300][gc,heap      ] GC(1) Survivor regions: 7->2(7)
[2023-01-14T00:18:22.049+0300][gc,heap      ] GC(1) Old regions: 2->9
[2023-01-14T00:18:22.050+0300][gc,heap      ] GC(1) Humongous regions: 0->0
[2023-01-14T00:18:22.050+0300][gc,metaspace ] GC(1) Metaspace: 20509K(21248K)->20509K(21248K) NonClass: 17993K(18432K)->17993K(18432K) Class: 2516K(2816K)->2516K(2816K)
[2023-01-14T00:18:22.051+0300][gc           ] GC(1) Pause Young (Concurrent Start) (Metadata GC Threshold) 36M->8M(1024M) 18,437ms
[2023-01-14T00:18:22.051+0300][gc,cpu       ] GC(1) User=0,07s Sys=0,04s Real=0,02s
[2023-01-14T00:18:22.051+0300][gc           ] GC(2) Concurrent Cycle
[2023-01-14T00:18:22.052+0300][gc,marking   ] GC(2) Concurrent Clear Claimed Marks
[2023-01-14T00:18:22.052+0300][gc,marking   ] GC(2) Concurrent Clear Claimed Marks 0,400ms
[2023-01-14T00:18:22.052+0300][gc,marking   ] GC(2) Concurrent Scan Root Regions
[2023-01-14T00:18:22.054+0300][gc,marking   ] GC(2) Concurrent Scan Root Regions 1,431ms
[2023-01-14T00:18:22.054+0300][gc,marking   ] GC(2) Concurrent Mark (3,289s)
[2023-01-14T00:18:22.055+0300][gc,marking   ] GC(2) Concurrent Mark From Roots
[2023-01-14T00:18:22.055+0300][gc,task      ] GC(2) Using 3 workers of 3 for marking
[2023-01-14T00:18:22.058+0300][gc,marking   ] GC(2) Concurrent Mark From Roots 3,745ms
[2023-01-14T00:18:22.059+0300][gc,marking   ] GC(2) Concurrent Preclean
[2023-01-14T00:18:22.059+0300][gc,marking   ] GC(2) Concurrent Preclean 0,511ms
[2023-01-14T00:18:22.059+0300][gc,marking   ] GC(2) Concurrent Mark (3,289s, 3,295s) 5,278ms
[2023-01-14T00:18:22.060+0300][gc,start     ] GC(2) Pause Remark
[2023-01-14T00:18:22.063+0300][gc,stringtable] GC(2) Cleaned string and symbol table, strings: 5263 processed, 0 removed, symbols: 51484 processed, 44 removed
[2023-01-14T00:18:22.063+0300][gc            ] GC(2) Pause Remark 9M->9M(1024M) 3,273ms
[2023-01-14T00:18:22.064+0300][gc,cpu        ] GC(2) User=0,01s Sys=0,00s Real=0,00s
[2023-01-14T00:18:22.064+0300][gc,marking    ] GC(2) Concurrent Rebuild Remembered Sets
[2023-01-14T00:18:22.066+0300][gc,marking    ] GC(2) Concurrent Rebuild Remembered Sets 1,936ms
[2023-01-14T00:18:22.067+0300][gc,start      ] GC(2) Pause Cleanup
[2023-01-14T00:18:22.068+0300][gc            ] GC(2) Pause Cleanup 9M->9M(1024M) 0,617ms
[2023-01-14T00:18:22.068+0300][gc,cpu        ] GC(2) User=0,00s Sys=0,00s Real=0,00s
[2023-01-14T00:18:22.068+0300][gc,marking    ] GC(2) Concurrent Cleanup for Next Mark
[2023-01-14T00:18:22.101+0300][gc,marking    ] GC(2) Concurrent Cleanup for Next Mark 32,456ms
[2023-01-14T00:18:22.101+0300][gc            ] GC(2) Concurrent Cycle 49,905ms
[2023-01-14T00:18:24.689+0300][gc,start      ] GC(3) Pause Young (Normal) (G1 Evacuation Pause)
[2023-01-14T00:18:24.690+0300][gc,task       ] GC(3) Using 10 workers of 10 for evacuation
[2023-01-14T00:18:24.693+0300][gc,phases     ] GC(3)   Pre Evacuate Collection Set: 0,0ms
[2023-01-14T00:18:24.693+0300][gc,phases     ] GC(3)   Evacuate Collection Set: 1,8ms
[2023-01-14T00:18:24.694+0300][gc,phases     ] GC(3)   Post Evacuate Collection Set: 0,6ms
[2023-01-14T00:18:24.694+0300][gc,phases     ] GC(3)   Other: 1,0ms
[2023-01-14T00:18:24.694+0300][gc,heap       ] GC(3) Eden regions: 49->0(47)
[2023-01-14T00:18:24.695+0300][gc,heap       ] GC(3) Survivor regions: 2->4(7)
[2023-01-14T00:18:24.695+0300][gc,heap       ] GC(3) Old regions: 9->9
[2023-01-14T00:18:24.696+0300][gc,heap       ] GC(3) Humongous regions: 129->129
[2023-01-14T00:18:24.696+0300][gc,metaspace  ] GC(3) Metaspace: 29096K(30464K)->29096K(30464K) NonClass: 25612K(26368K)->25612K(26368K) Class: 3483K(4096K)->3483K(4096K)
[2023-01-14T00:18:24.696+0300][gc            ] GC(3) Pause Young (Normal) (G1 Evacuation Pause) 186M->140M(1024M) 7,016ms
[2023-01-14T00:18:24.697+0300][gc,cpu        ] GC(3) User=0,01s Sys=0,01s Real=0,00s
[2023-01-14T00:18:25.421+0300][gc,start      ] GC(4) Pause Young (Concurrent Start) (Metadata GC Threshold)
[2023-01-14T00:18:25.421+0300][gc,task       ] GC(4) Using 10 workers of 10 for evacuation
[2023-01-14T00:18:25.425+0300][gc,phases     ] GC(4)   Pre Evacuate Collection Set: 0,1ms
[2023-01-14T00:18:25.426+0300][gc,phases     ] GC(4)   Evacuate Collection Set: 2,9ms
[2023-01-14T00:18:25.426+0300][gc,phases     ] GC(4)   Post Evacuate Collection Set: 0,6ms
[2023-01-14T00:18:25.426+0300][gc,phases     ] GC(4)   Other: 1,0ms
[2023-01-14T00:18:25.427+0300][gc,heap       ] GC(4) Eden regions: 30->0(45)
[2023-01-14T00:18:25.427+0300][gc,heap       ] GC(4) Survivor regions: 4->6(7)
[2023-01-14T00:18:25.427+0300][gc,heap       ] GC(4) Old regions: 9->10
[2023-01-14T00:18:25.428+0300][gc,heap       ] GC(4) Humongous regions: 129->129
[2023-01-14T00:18:25.428+0300][gc,metaspace  ] GC(4) Metaspace: 34432K(35840K)->34432K(35840K) NonClass: 30321K(31104K)->30321K(31104K) Class: 4111K(4736K)->4111K(4736K)
[2023-01-14T00:18:25.429+0300][gc            ] GC(4) Pause Young (Concurrent Start) (Metadata GC Threshold) 169M->143M(1024M) 8,355ms
[2023-01-14T00:18:25.429+0300][gc,cpu        ] GC(4) User=0,02s Sys=0,01s Real=0,01s
[2023-01-14T00:18:25.430+0300][gc            ] GC(5) Concurrent Cycle
[2023-01-14T00:18:25.430+0300][gc,marking    ] GC(5) Concurrent Clear Claimed Marks
[2023-01-14T00:18:25.431+0300][gc,marking    ] GC(5) Concurrent Clear Claimed Marks 0,507ms
[2023-01-14T00:18:25.431+0300][gc,marking    ] GC(5) Concurrent Scan Root Regions
[2023-01-14T00:18:25.433+0300][gc,marking    ] GC(5) Concurrent Scan Root Regions 1,806ms
[2023-01-14T00:18:25.433+0300][gc,marking    ] GC(5) Concurrent Mark (6,668s)
[2023-01-14T00:18:25.433+0300][gc,marking    ] GC(5) Concurrent Mark From Roots
[2023-01-14T00:18:25.434+0300][gc,task       ] GC(5) Using 3 workers of 3 for marking
[2023-01-14T00:18:25.451+0300][gc,marking    ] GC(5) Concurrent Mark From Roots 18,039ms
[2023-01-14T00:18:25.452+0300][gc,marking    ] GC(5) Concurrent Preclean
[2023-01-14T00:18:25.452+0300][gc,marking    ] GC(5) Concurrent Preclean 0,559ms
[2023-01-14T00:18:25.453+0300][gc,marking    ] GC(5) Concurrent Mark (6,668s, 6,688s) 19,730ms
[2023-01-14T00:18:25.453+0300][gc,start      ] GC(5) Pause Remark
[2023-01-14T00:18:25.455+0300][gc,stringtable] GC(5) Cleaned string and symbol table, strings: 10381 processed, 12 removed, symbols: 85162 processed, 14 removed
[2023-01-14T00:18:25.456+0300][gc            ] GC(5) Pause Remark 144M->144M(1024M) 3,035ms
[2023-01-14T00:18:25.457+0300][gc,cpu        ] GC(5) User=0,01s Sys=0,01s Real=0,00s
[2023-01-14T00:18:25.457+0300][gc,marking    ] GC(5) Concurrent Rebuild Remembered Sets
[2023-01-14T00:18:25.459+0300][gc,marking    ] GC(5) Concurrent Rebuild Remembered Sets 2,189ms
[2023-01-14T00:18:25.460+0300][gc,start      ] GC(5) Pause Cleanup
[2023-01-14T00:18:25.461+0300][gc            ] GC(5) Pause Cleanup 144M->144M(1024M) 0,597ms
[2023-01-14T00:18:25.461+0300][gc,cpu        ] GC(5) User=0,00s Sys=0,00s Real=0,00s
[2023-01-14T00:18:25.462+0300][gc,marking    ] GC(5) Concurrent Cleanup for Next Mark
[2023-01-14T00:18:25.575+0300][gc,marking    ] GC(5) Concurrent Cleanup for Next Mark 113,230ms
[2023-01-14T00:18:25.575+0300][gc            ] GC(5) Concurrent Cycle 145,652ms
[2023-01-14T00:20:57.886+0300][gc,start      ] GC(6) Pause Young (Concurrent Start) (G1 Evacuation Pause)
[2023-01-14T00:20:57.887+0300][gc,task       ] GC(6) Using 10 workers of 10 for evacuation
[2023-01-14T00:20:57.932+0300][gc,mmu        ] GC(6) MMU target violated: 21,0ms (20,0ms/21,0ms)
[2023-01-14T00:20:57.932+0300][gc,phases     ] GC(6)   Pre Evacuate Collection Set: 4,3ms
[2023-01-14T00:20:57.933+0300][gc,phases     ] GC(6)   Evacuate Collection Set: 27,5ms
[2023-01-14T00:20:57.933+0300][gc,phases     ] GC(6)   Post Evacuate Collection Set: 4,8ms
[2023-01-14T00:20:57.933+0300][gc,phases     ] GC(6)   Other: 10,5ms
[2023-01-14T00:20:57.934+0300][gc,heap       ] GC(6) Eden regions: 45->0(46)
[2023-01-14T00:20:57.934+0300][gc,heap       ] GC(6) Survivor regions: 6->5(7)
[2023-01-14T00:20:57.934+0300][gc,heap       ] GC(6) Old regions: 10->12
[2023-01-14T00:20:57.935+0300][gc,heap       ] GC(6) Humongous regions: 129->0
[2023-01-14T00:20:57.935+0300][gc,metaspace  ] GC(6) Metaspace: 41972K(44800K)->41972K(44800K) NonClass: 36440K(37888K)->36440K(37888K) Class: 5532K(6912K)->5532K(6912K)
[2023-01-14T00:20:57.935+0300][gc            ] GC(6) Pause Young (Concurrent Start) (G1 Evacuation Pause) 188M->15M(1024M) 49,655ms
[2023-01-14T00:20:57.936+0300][gc,cpu        ] GC(6) User=0,14s Sys=0,04s Real=0,05s
[2023-01-14T00:20:57.937+0300][gc            ] GC(7) Concurrent Cycle
[2023-01-14T00:20:57.937+0300][gc,marking    ] GC(7) Concurrent Clear Claimed Marks
[2023-01-14T00:20:57.938+0300][gc,marking    ] GC(7) Concurrent Clear Claimed Marks 0,564ms
[2023-01-14T00:20:57.938+0300][gc,marking    ] GC(7) Concurrent Scan Root Regions
[2023-01-14T00:20:57.947+0300][gc,marking    ] GC(7) Concurrent Scan Root Regions 9,428ms
[2023-01-14T00:20:57.948+0300][gc,marking    ] GC(7) Concurrent Mark (159,183s)
[2023-01-14T00:20:57.948+0300][gc,marking    ] GC(7) Concurrent Mark From Roots
[2023-01-14T00:20:57.948+0300][gc,task       ] GC(7) Using 3 workers of 3 for marking
[2023-01-14T00:20:57.964+0300][gc,marking    ] GC(7) Concurrent Mark From Roots 15,539ms
[2023-01-14T00:20:57.964+0300][gc,marking    ] GC(7) Concurrent Preclean
[2023-01-14T00:20:57.965+0300][gc,marking    ] GC(7) Concurrent Preclean 0,630ms
[2023-01-14T00:20:57.965+0300][gc,marking    ] GC(7) Concurrent Mark (159,183s, 159,200s) 17,378ms
[2023-01-14T00:20:57.966+0300][gc,start      ] GC(7) Pause Remark
[2023-01-14T00:20:58.009+0300][gc,stringtable] GC(7) Cleaned string and symbol table, strings: 11369 processed, 34 removed, symbols: 91667 processed, 3 removed
[2023-01-14T00:20:58.010+0300][gc,mmu        ] GC(7) MMU target violated: 21,0ms (20,0ms/21,0ms)
[2023-01-14T00:20:58.011+0300][gc            ] GC(7) Pause Remark 17M->17M(1024M) 44,815ms
[2023-01-14T00:20:58.011+0300][gc,cpu        ] GC(7) User=0,11s Sys=0,00s Real=0,05s
[2023-01-14T00:20:58.012+0300][gc,marking    ] GC(7) Concurrent Rebuild Remembered Sets
[2023-01-14T00:20:58.016+0300][gc,marking    ] GC(7) Concurrent Rebuild Remembered Sets 4,033ms
[2023-01-14T00:20:58.016+0300][gc,start      ] GC(7) Pause Cleanup
[2023-01-14T00:20:58.017+0300][gc            ] GC(7) Pause Cleanup 18M->18M(1024M) 0,782ms
[2023-01-14T00:20:58.018+0300][gc,cpu        ] GC(7) User=0,00s Sys=0,00s Real=0,00s
[2023-01-14T00:20:58.018+0300][gc,marking    ] GC(7) Concurrent Cleanup for Next Mark
[2023-01-14T00:20:58.079+0300][gc,marking    ] GC(7) Concurrent Cleanup for Next Mark 60,678ms
[2023-01-14T00:20:58.079+0300][gc            ] GC(7) Concurrent Cycle 142,859ms
[2023-01-14T00:20:58.080+0300][gc,heap,exit  ] Heap
[2023-01-14T00:20:58.080+0300][gc,heap,exit  ]  garbage-first heap   total 1048576K, used 18554K [0x00000000c0000000, 0x0000000100000000)
[2023-01-14T00:20:58.080+0300][gc,heap,exit  ]   region size 1024K, 9 young (9216K), 5 survivors (5120K)
[2023-01-14T00:20:58.081+0300][gc,heap,exit  ]  Metaspace       used 42019K, capacity 44646K, committed 44800K, reserved 1087488K
[2023-01-14T00:20:58.081+0300][gc,heap,exit  ]   class space    used 5547K, capacity 6820K, committed 6912K, reserved 1048576K
