[2023-01-13T13:12:33.925+0300][gc,heap] Heap region size: 1M
[2023-01-13T13:12:33.934+0300][gc     ] Using G1
[2023-01-13T13:12:33.936+0300][gc,heap,coops] Heap address: 0x00000000c0000000, size: 1024 MB, Compressed Oops mode: 32-bit
[2023-01-13T13:12:33.937+0300][gc,cds       ] Mark closed archive regions in map: [0x00000000fff00000, 0x00000000fff6aff8]
[2023-01-13T13:12:33.937+0300][gc,cds       ] Mark open archive regions in map: [0x00000000ffe00000, 0x00000000ffe47ff8]
[2023-01-13T13:12:35.323+0300][gc,start     ] GC(0) Pause Young (Normal) (G1 Evacuation Pause)
[2023-01-13T13:12:35.324+0300][gc,task      ] GC(0) Using 10 workers of 10 for evacuation
[2023-01-13T13:12:35.336+0300][gc,phases    ] GC(0)   Pre Evacuate Collection Set: 0,0ms
[2023-01-13T13:12:35.336+0300][gc,phases    ] GC(0)   Evacuate Collection Set: 10,1ms
[2023-01-13T13:12:35.336+0300][gc,phases    ] GC(0)   Post Evacuate Collection Set: 0,9ms
[2023-01-13T13:12:35.336+0300][gc,phases    ] GC(0)   Other: 1,7ms
[2023-01-13T13:12:35.336+0300][gc,heap      ] GC(0) Eden regions: 51->0(44)
[2023-01-13T13:12:35.336+0300][gc,heap      ] GC(0) Survivor regions: 0->7(7)
[2023-01-13T13:12:35.337+0300][gc,heap      ] GC(0) Old regions: 2->2
[2023-01-13T13:12:35.337+0300][gc,heap      ] GC(0) Humongous regions: 0->0
[2023-01-13T13:12:35.337+0300][gc,metaspace ] GC(0) Metaspace: 14336K(15104K)->14336K(15104K) NonClass: 12546K(13056K)->12546K(13056K) Class: 1790K(2048K)->1790K(2048K)
[2023-01-13T13:12:35.337+0300][gc           ] GC(0) Pause Young (Normal) (G1 Evacuation Pause) 51M->7M(1024M) 14,138ms
[2023-01-13T13:12:35.337+0300][gc,cpu       ] GC(0) User=0,00s Sys=0,10s Real=0,01s
[2023-01-13T13:12:35.904+0300][gc,start     ] GC(1) Pause Young (Concurrent Start) (Metadata GC Threshold)
[2023-01-13T13:12:35.905+0300][gc,task      ] GC(1) Using 10 workers of 10 for evacuation
[2023-01-13T13:12:35.913+0300][gc,phases    ] GC(1)   Pre Evacuate Collection Set: 0,1ms
[2023-01-13T13:12:35.913+0300][gc,phases    ] GC(1)   Evacuate Collection Set: 6,8ms
[2023-01-13T13:12:35.913+0300][gc,phases    ] GC(1)   Post Evacuate Collection Set: 0,9ms
[2023-01-13T13:12:35.913+0300][gc,phases    ] GC(1)   Other: 0,5ms
[2023-01-13T13:12:35.913+0300][gc,heap      ] GC(1) Eden regions: 29->0(49)
[2023-01-13T13:12:35.913+0300][gc,heap      ] GC(1) Survivor regions: 7->2(7)
[2023-01-13T13:12:35.913+0300][gc,heap      ] GC(1) Old regions: 2->9
[2023-01-13T13:12:35.914+0300][gc,heap      ] GC(1) Humongous regions: 0->0
[2023-01-13T13:12:35.914+0300][gc,metaspace ] GC(1) Metaspace: 20484K(21248K)->20484K(21248K) NonClass: 17973K(18432K)->17973K(18432K) Class: 2511K(2816K)->2511K(2816K)
[2023-01-13T13:12:35.914+0300][gc           ] GC(1) Pause Young (Concurrent Start) (Metadata GC Threshold) 35M->8M(1024M) 9,525ms
[2023-01-13T13:12:35.914+0300][gc,cpu       ] GC(1) User=0,04s Sys=0,00s Real=0,01s
[2023-01-13T13:12:35.914+0300][gc           ] GC(2) Concurrent Cycle
[2023-01-13T13:12:35.914+0300][gc,marking   ] GC(2) Concurrent Clear Claimed Marks
[2023-01-13T13:12:35.915+0300][gc,marking   ] GC(2) Concurrent Clear Claimed Marks 0,195ms
[2023-01-13T13:12:35.915+0300][gc,marking   ] GC(2) Concurrent Scan Root Regions
[2023-01-13T13:12:35.916+0300][gc,marking   ] GC(2) Concurrent Scan Root Regions 1,333ms
[2023-01-13T13:12:35.916+0300][gc,marking   ] GC(2) Concurrent Mark (2,008s)
[2023-01-13T13:12:35.917+0300][gc,marking   ] GC(2) Concurrent Mark From Roots
[2023-01-13T13:12:35.917+0300][gc,task      ] GC(2) Using 3 workers of 3 for marking
[2023-01-13T13:12:35.921+0300][gc,marking   ] GC(2) Concurrent Mark From Roots 4,558ms
[2023-01-13T13:12:35.921+0300][gc,marking   ] GC(2) Concurrent Preclean
[2023-01-13T13:12:35.922+0300][gc,marking   ] GC(2) Concurrent Preclean 0,307ms
[2023-01-13T13:12:35.922+0300][gc,marking   ] GC(2) Concurrent Mark (2,008s, 2,014s) 5,435ms
[2023-01-13T13:12:35.922+0300][gc,start     ] GC(2) Pause Remark
[2023-01-13T13:12:35.924+0300][gc,stringtable] GC(2) Cleaned string and symbol table, strings: 5259 processed, 0 removed, symbols: 51459 processed, 44 removed
[2023-01-13T13:12:35.925+0300][gc            ] GC(2) Pause Remark 8M->8M(1024M) 2,297ms
[2023-01-13T13:12:35.925+0300][gc,cpu        ] GC(2) User=0,00s Sys=0,00s Real=0,00s
[2023-01-13T13:12:35.925+0300][gc,marking    ] GC(2) Concurrent Rebuild Remembered Sets
[2023-01-13T13:12:35.927+0300][gc,marking    ] GC(2) Concurrent Rebuild Remembered Sets 2,273ms
[2023-01-13T13:12:35.928+0300][gc,start      ] GC(2) Pause Cleanup
[2023-01-13T13:12:35.928+0300][gc            ] GC(2) Pause Cleanup 8M->8M(1024M) 0,404ms
[2023-01-13T13:12:35.928+0300][gc,cpu        ] GC(2) User=0,00s Sys=0,00s Real=0,00s
[2023-01-13T13:12:35.928+0300][gc,marking    ] GC(2) Concurrent Cleanup for Next Mark
[2023-01-13T13:12:35.930+0300][gc,marking    ] GC(2) Concurrent Cleanup for Next Mark 1,837ms
[2023-01-13T13:12:35.931+0300][gc            ] GC(2) Concurrent Cycle 16,372ms
[2023-01-13T13:12:36.699+0300][gc,start      ] GC(3) Pause Young (Normal) (G1 Evacuation Pause)
[2023-01-13T13:12:36.699+0300][gc,task       ] GC(3) Using 10 workers of 10 for evacuation
[2023-01-13T13:12:36.706+0300][gc,phases     ] GC(3)   Pre Evacuate Collection Set: 0,0ms
[2023-01-13T13:12:36.706+0300][gc,phases     ] GC(3)   Evacuate Collection Set: 5,3ms
[2023-01-13T13:12:36.706+0300][gc,phases     ] GC(3)   Post Evacuate Collection Set: 0,8ms
[2023-01-13T13:12:36.707+0300][gc,phases     ] GC(3)   Other: 0,8ms
[2023-01-13T13:12:36.707+0300][gc,heap       ] GC(3) Eden regions: 49->0(46)
[2023-01-13T13:12:36.707+0300][gc,heap       ] GC(3) Survivor regions: 2->5(7)
[2023-01-13T13:12:36.707+0300][gc,heap       ] GC(3) Old regions: 9->9
[2023-01-13T13:12:36.707+0300][gc,heap       ] GC(3) Humongous regions: 129->129
[2023-01-13T13:12:36.708+0300][gc,metaspace  ] GC(3) Metaspace: 29211K(30464K)->29211K(30464K) NonClass: 25725K(26368K)->25725K(26368K) Class: 3485K(4096K)->3485K(4096K)
[2023-01-13T13:12:36.708+0300][gc            ] GC(3) Pause Young (Normal) (G1 Evacuation Pause) 186M->140M(1024M) 8,920ms
[2023-01-13T13:12:36.708+0300][gc,cpu        ] GC(3) User=0,04s Sys=0,02s Real=0,01s
[2023-01-13T13:12:37.141+0300][gc,start      ] GC(4) Pause Young (Concurrent Start) (Metadata GC Threshold)
[2023-01-13T13:12:37.141+0300][gc,task       ] GC(4) Using 10 workers of 10 for evacuation
[2023-01-13T13:12:37.147+0300][gc,phases     ] GC(4)   Pre Evacuate Collection Set: 0,1ms
[2023-01-13T13:12:37.147+0300][gc,phases     ] GC(4)   Evacuate Collection Set: 4,8ms
[2023-01-13T13:12:37.147+0300][gc,phases     ] GC(4)   Post Evacuate Collection Set: 0,6ms
[2023-01-13T13:12:37.147+0300][gc,phases     ] GC(4)   Other: 0,5ms
[2023-01-13T13:12:37.147+0300][gc,heap       ] GC(4) Eden regions: 29->0(45)
[2023-01-13T13:12:37.148+0300][gc,heap       ] GC(4) Survivor regions: 5->6(7)
[2023-01-13T13:12:37.148+0300][gc,heap       ] GC(4) Old regions: 9->10
[2023-01-13T13:12:37.148+0300][gc,heap       ] GC(4) Humongous regions: 129->129
[2023-01-13T13:12:37.148+0300][gc,metaspace  ] GC(4) Metaspace: 34377K(35840K)->34377K(35840K) NonClass: 30293K(31104K)->30293K(31104K) Class: 4084K(4736K)->4084K(4736K)
[2023-01-13T13:12:37.148+0300][gc            ] GC(4) Pause Young (Concurrent Start) (Metadata GC Threshold) 168M->142M(1024M) 7,275ms
[2023-01-13T13:12:37.148+0300][gc,cpu        ] GC(4) User=0,04s Sys=0,01s Real=0,00s
[2023-01-13T13:12:37.148+0300][gc            ] GC(5) Concurrent Cycle
[2023-01-13T13:12:37.149+0300][gc,marking    ] GC(5) Concurrent Clear Claimed Marks
[2023-01-13T13:12:37.149+0300][gc,marking    ] GC(5) Concurrent Clear Claimed Marks 0,302ms
[2023-01-13T13:12:37.149+0300][gc,marking    ] GC(5) Concurrent Scan Root Regions
[2023-01-13T13:12:37.151+0300][gc,marking    ] GC(5) Concurrent Scan Root Regions 2,034ms
[2023-01-13T13:12:37.151+0300][gc,marking    ] GC(5) Concurrent Mark (3,243s)
[2023-01-13T13:12:37.152+0300][gc,marking    ] GC(5) Concurrent Mark From Roots
[2023-01-13T13:12:37.152+0300][gc,task       ] GC(5) Using 3 workers of 3 for marking
[2023-01-13T13:12:37.157+0300][gc,marking    ] GC(5) Concurrent Mark From Roots 4,979ms
[2023-01-13T13:12:37.157+0300][gc,marking    ] GC(5) Concurrent Preclean
[2023-01-13T13:12:37.157+0300][gc,marking    ] GC(5) Concurrent Preclean 0,374ms
[2023-01-13T13:12:37.158+0300][gc,marking    ] GC(5) Concurrent Mark (3,243s, 3,249s) 6,095ms
[2023-01-13T13:12:37.158+0300][gc,start      ] GC(5) Pause Remark
[2023-01-13T13:12:37.160+0300][gc,stringtable] GC(5) Cleaned string and symbol table, strings: 10402 processed, 12 removed, symbols: 85112 processed, 14 removed
[2023-01-13T13:12:37.161+0300][gc            ] GC(5) Pause Remark 143M->143M(1024M) 2,653ms
[2023-01-13T13:12:37.161+0300][gc,cpu        ] GC(5) User=0,02s Sys=0,01s Real=0,01s
[2023-01-13T13:12:37.161+0300][gc,marking    ] GC(5) Concurrent Rebuild Remembered Sets
[2023-01-13T13:12:37.164+0300][gc,marking    ] GC(5) Concurrent Rebuild Remembered Sets 2,563ms
[2023-01-13T13:12:37.164+0300][gc,start      ] GC(5) Pause Cleanup
[2023-01-13T13:12:37.164+0300][gc            ] GC(5) Pause Cleanup 143M->143M(1024M) 0,398ms
[2023-01-13T13:12:37.165+0300][gc,cpu        ] GC(5) User=0,00s Sys=0,00s Real=0,00s
[2023-01-13T13:12:37.165+0300][gc,marking    ] GC(5) Concurrent Cleanup for Next Mark
[2023-01-13T13:12:37.169+0300][gc,marking    ] GC(5) Concurrent Cleanup for Next Mark 4,295ms
[2023-01-13T13:12:37.169+0300][gc            ] GC(5) Concurrent Cycle 20,917ms
[2023-01-13T13:44:31.182+0300][gc,start      ] GC(6) Pause Young (Concurrent Start) (G1 Evacuation Pause)
[2023-01-13T13:44:31.182+0300][gc,task       ] GC(6) Using 10 workers of 10 for evacuation
[2023-01-13T13:44:31.207+0300][gc,mmu        ] GC(6) MMU target violated: 21,0ms (20,0ms/21,0ms)
[2023-01-13T13:44:31.208+0300][gc,phases     ] GC(6)   Pre Evacuate Collection Set: 1,4ms
[2023-01-13T13:44:31.208+0300][gc,phases     ] GC(6)   Evacuate Collection Set: 21,5ms
[2023-01-13T13:44:31.208+0300][gc,phases     ] GC(6)   Post Evacuate Collection Set: 0,8ms
[2023-01-13T13:44:31.209+0300][gc,phases     ] GC(6)   Other: 2,2ms
[2023-01-13T13:44:31.209+0300][gc,heap       ] GC(6) Eden regions: 45->0(47)
[2023-01-13T13:44:31.210+0300][gc,heap       ] GC(6) Survivor regions: 6->4(7)
[2023-01-13T13:44:31.210+0300][gc,heap       ] GC(6) Old regions: 10->13
[2023-01-13T13:44:31.210+0300][gc,heap       ] GC(6) Humongous regions: 129->129
[2023-01-13T13:44:31.211+0300][gc,metaspace  ] GC(6) Metaspace: 39137K(41216K)->39137K(41216K) NonClass: 34235K(35328K)->34235K(35328K) Class: 4901K(5888K)->4901K(5888K)
[2023-01-13T13:44:31.211+0300][gc            ] GC(6) Pause Young (Concurrent Start) (G1 Evacuation Pause) 187M->143M(1024M) 29,242ms
[2023-01-13T13:44:31.211+0300][gc,cpu        ] GC(6) User=0,14s Sys=0,00s Real=0,03s
[2023-01-13T13:44:31.212+0300][gc            ] GC(7) Concurrent Cycle
[2023-01-13T13:44:31.212+0300][gc,marking    ] GC(7) Concurrent Clear Claimed Marks
[2023-01-13T13:44:31.213+0300][gc,marking    ] GC(7) Concurrent Clear Claimed Marks 0,467ms
[2023-01-13T13:44:31.213+0300][gc,marking    ] GC(7) Concurrent Scan Root Regions
[2023-01-13T13:44:31.216+0300][gc,marking    ] GC(7) Concurrent Scan Root Regions 2,823ms
[2023-01-13T13:44:31.216+0300][gc,marking    ] GC(7) Concurrent Mark (1917,308s)
[2023-01-13T13:44:31.216+0300][gc,marking    ] GC(7) Concurrent Mark From Roots
[2023-01-13T13:44:31.216+0300][gc,task       ] GC(7) Using 3 workers of 3 for marking
[2023-01-13T13:44:31.223+0300][gc,marking    ] GC(7) Concurrent Mark From Roots 7,092ms
[2023-01-13T13:44:31.224+0300][gc,marking    ] GC(7) Concurrent Preclean
[2023-01-13T13:44:31.224+0300][gc,marking    ] GC(7) Concurrent Preclean 0,530ms
[2023-01-13T13:44:31.224+0300][gc,marking    ] GC(7) Concurrent Mark (1917,308s, 1917,316s) 8,524ms
[2023-01-13T13:44:31.225+0300][gc,start      ] GC(7) Pause Remark
[2023-01-13T13:44:31.235+0300][gc,stringtable] GC(7) Cleaned string and symbol table, strings: 11124 processed, 256 removed, symbols: 89876 processed, 3 removed
[2023-01-13T13:44:31.236+0300][gc            ] GC(7) Pause Remark 144M->144M(1024M) 10,467ms
[2023-01-13T13:44:31.236+0300][gc,cpu        ] GC(7) User=0,08s Sys=0,00s Real=0,01s
[2023-01-13T13:44:31.236+0300][gc,marking    ] GC(7) Concurrent Rebuild Remembered Sets
[2023-01-13T13:44:31.239+0300][gc,marking    ] GC(7) Concurrent Rebuild Remembered Sets 2,565ms
[2023-01-13T13:44:31.240+0300][gc,start      ] GC(7) Pause Cleanup
[2023-01-13T13:44:31.240+0300][gc            ] GC(7) Pause Cleanup 144M->144M(1024M) 0,603ms
[2023-01-13T13:44:31.241+0300][gc,cpu        ] GC(7) User=0,00s Sys=0,00s Real=0,01s
[2023-01-13T13:44:31.241+0300][gc,marking    ] GC(7) Concurrent Cleanup for Next Mark
[2023-01-13T13:44:31.258+0300][gc,marking    ] GC(7) Concurrent Cleanup for Next Mark 17,346ms
[2023-01-13T13:44:31.259+0300][gc            ] GC(7) Concurrent Cycle 46,796ms
[2023-01-13T14:17:28.022+0300][gc,start      ] GC(8) Pause Young (Normal) (G1 Evacuation Pause)
[2023-01-13T14:17:28.025+0300][gc,task       ] GC(8) Using 10 workers of 10 for evacuation
[2023-01-13T14:17:28.097+0300][gc,mmu        ] GC(8) MMU target violated: 21,0ms (20,0ms/21,0ms)
[2023-01-13T14:17:28.097+0300][gc,phases     ] GC(8)   Pre Evacuate Collection Set: 14,5ms
[2023-01-13T14:17:28.098+0300][gc,phases     ] GC(8)   Evacuate Collection Set: 46,7ms
[2023-01-13T14:17:28.098+0300][gc,phases     ] GC(8)   Post Evacuate Collection Set: 4,5ms
[2023-01-13T14:17:28.098+0300][gc,phases     ] GC(8)   Other: 11,4ms
[2023-01-13T14:17:28.099+0300][gc,heap       ] GC(8) Eden regions: 47->0(45)
[2023-01-13T14:17:28.099+0300][gc,heap       ] GC(8) Survivor regions: 4->6(7)
[2023-01-13T14:17:28.099+0300][gc,heap       ] GC(8) Old regions: 13->13
[2023-01-13T14:17:28.100+0300][gc,heap       ] GC(8) Humongous regions: 129->129
[2023-01-13T14:17:28.100+0300][gc,metaspace  ] GC(8) Metaspace: 41548K(43904K)->41548K(43904K) NonClass: 36386K(37632K)->36386K(37632K) Class: 5161K(6272K)->5161K(6272K)
[2023-01-13T14:17:28.100+0300][gc            ] GC(8) Pause Young (Normal) (G1 Evacuation Pause) 190M->145M(1024M) 78,618ms
[2023-01-13T14:17:28.101+0300][gc,cpu        ] GC(8) User=0,49s Sys=0,00s Real=0,08s
[2023-01-13T14:47:05.486+0300][gc,heap,exit  ] Heap
[2023-01-13T14:47:05.487+0300][gc,heap,exit  ]  garbage-first heap   total 1048576K, used 182113K [0x00000000c0000000, 0x0000000100000000)
[2023-01-13T14:47:05.487+0300][gc,heap,exit  ]   region size 1024K, 40 young (40960K), 6 survivors (6144K)
[2023-01-13T14:47:05.487+0300][gc,heap,exit  ]  Metaspace       used 42449K, capacity 44890K, committed 45056K, reserved 1087488K
[2023-01-13T14:47:05.488+0300][gc,heap,exit  ]   class space    used 5386K, capacity 6573K, committed 6656K, reserved 1048576K
