[2023-01-13T14:49:39.240+0300][gc,heap] Heap region size: 1M
[2023-01-13T14:49:39.246+0300][gc     ] Using G1
[2023-01-13T14:49:39.247+0300][gc,heap,coops] Heap address: 0x00000000c0000000, size: 1024 MB, Compressed Oops mode: 32-bit
[2023-01-13T14:49:39.247+0300][gc,cds       ] Mark closed archive regions in map: [0x00000000fff00000, 0x00000000fff6aff8]
[2023-01-13T14:49:39.247+0300][gc,cds       ] Mark open archive regions in map: [0x00000000ffe00000, 0x00000000ffe47ff8]
[2023-01-13T14:49:40.495+0300][gc,start     ] GC(0) Pause Young (Normal) (G1 Evacuation Pause)
[2023-01-13T14:49:40.496+0300][gc,task      ] GC(0) Using 10 workers of 10 for evacuation
[2023-01-13T14:49:40.507+0300][gc,phases    ] GC(0)   Pre Evacuate Collection Set: 0,0ms
[2023-01-13T14:49:40.507+0300][gc,phases    ] GC(0)   Evacuate Collection Set: 9,4ms
[2023-01-13T14:49:40.507+0300][gc,phases    ] GC(0)   Post Evacuate Collection Set: 0,7ms
[2023-01-13T14:49:40.508+0300][gc,phases    ] GC(0)   Other: 1,4ms
[2023-01-13T14:49:40.508+0300][gc,heap      ] GC(0) Eden regions: 51->0(44)
[2023-01-13T14:49:40.508+0300][gc,heap      ] GC(0) Survivor regions: 0->7(7)
[2023-01-13T14:49:40.508+0300][gc,heap      ] GC(0) Old regions: 2->2
[2023-01-13T14:49:40.509+0300][gc,heap      ] GC(0) Humongous regions: 0->0
[2023-01-13T14:49:40.509+0300][gc,metaspace ] GC(0) Metaspace: 14319K(15104K)->14319K(15104K) NonClass: 12529K(13056K)->12529K(13056K) Class: 1790K(2048K)->1790K(2048K)
[2023-01-13T14:49:40.509+0300][gc           ] GC(0) Pause Young (Normal) (G1 Evacuation Pause) 51M->7M(1024M) 13,685ms
[2023-01-13T14:49:40.509+0300][gc,cpu       ] GC(0) User=0,10s Sys=0,00s Real=0,01s
[2023-01-13T14:49:41.104+0300][gc,start     ] GC(1) Pause Young (Concurrent Start) (Metadata GC Threshold)
[2023-01-13T14:49:41.104+0300][gc,task      ] GC(1) Using 10 workers of 10 for evacuation
[2023-01-13T14:49:41.112+0300][gc,phases    ] GC(1)   Pre Evacuate Collection Set: 0,0ms
[2023-01-13T14:49:41.112+0300][gc,phases    ] GC(1)   Evacuate Collection Set: 6,9ms
[2023-01-13T14:49:41.113+0300][gc,phases    ] GC(1)   Post Evacuate Collection Set: 0,6ms
[2023-01-13T14:49:41.113+0300][gc,phases    ] GC(1)   Other: 0,6ms
[2023-01-13T14:49:41.113+0300][gc,heap      ] GC(1) Eden regions: 29->0(49)
[2023-01-13T14:49:41.114+0300][gc,heap      ] GC(1) Survivor regions: 7->2(7)
[2023-01-13T14:49:41.114+0300][gc,heap      ] GC(1) Old regions: 2->9
[2023-01-13T14:49:41.114+0300][gc,heap      ] GC(1) Humongous regions: 0->0
[2023-01-13T14:49:41.114+0300][gc,metaspace ] GC(1) Metaspace: 20545K(21248K)->20545K(21248K) NonClass: 18021K(18432K)->18021K(18432K) Class: 2524K(2816K)->2524K(2816K)
[2023-01-13T14:49:41.114+0300][gc           ] GC(1) Pause Young (Concurrent Start) (Metadata GC Threshold) 36M->8M(1024M) 10,441ms
[2023-01-13T14:49:41.115+0300][gc,cpu       ] GC(1) User=0,06s Sys=0,00s Real=0,02s
[2023-01-13T14:49:41.115+0300][gc           ] GC(2) Concurrent Cycle
[2023-01-13T14:49:41.115+0300][gc,marking   ] GC(2) Concurrent Clear Claimed Marks
[2023-01-13T14:49:41.115+0300][gc,marking   ] GC(2) Concurrent Clear Claimed Marks 0,243ms
[2023-01-13T14:49:41.116+0300][gc,marking   ] GC(2) Concurrent Scan Root Regions
[2023-01-13T14:49:41.117+0300][gc,marking   ] GC(2) Concurrent Scan Root Regions 1,039ms
[2023-01-13T14:49:41.117+0300][gc,marking   ] GC(2) Concurrent Mark (1,898s)
[2023-01-13T14:49:41.117+0300][gc,marking   ] GC(2) Concurrent Mark From Roots
[2023-01-13T14:49:41.117+0300][gc,task      ] GC(2) Using 3 workers of 3 for marking
[2023-01-13T14:49:41.120+0300][gc,marking   ] GC(2) Concurrent Mark From Roots 2,835ms
[2023-01-13T14:49:41.120+0300][gc,marking   ] GC(2) Concurrent Preclean
[2023-01-13T14:49:41.120+0300][gc,marking   ] GC(2) Concurrent Preclean 0,283ms
[2023-01-13T14:49:41.121+0300][gc,marking   ] GC(2) Concurrent Mark (1,898s, 1,902s) 3,808ms
[2023-01-13T14:49:41.121+0300][gc,start     ] GC(2) Pause Remark
[2023-01-13T14:49:41.122+0300][gc,stringtable] GC(2) Cleaned string and symbol table, strings: 5267 processed, 0 removed, symbols: 52365 processed, 42 removed
[2023-01-13T14:49:41.123+0300][gc            ] GC(2) Pause Remark 8M->8M(1024M) 1,960ms
[2023-01-13T14:49:41.123+0300][gc,cpu        ] GC(2) User=0,01s Sys=0,00s Real=0,00s
[2023-01-13T14:49:41.123+0300][gc,marking    ] GC(2) Concurrent Rebuild Remembered Sets
[2023-01-13T14:49:41.125+0300][gc,marking    ] GC(2) Concurrent Rebuild Remembered Sets 1,809ms
[2023-01-13T14:49:41.126+0300][gc,start      ] GC(2) Pause Cleanup
[2023-01-13T14:49:41.126+0300][gc            ] GC(2) Pause Cleanup 8M->8M(1024M) 0,504ms
[2023-01-13T14:49:41.127+0300][gc,cpu        ] GC(2) User=0,01s Sys=0,00s Real=0,00s
[2023-01-13T14:49:41.127+0300][gc,marking    ] GC(2) Concurrent Cleanup for Next Mark
[2023-01-13T14:49:41.129+0300][gc,marking    ] GC(2) Concurrent Cleanup for Next Mark 2,314ms
[2023-01-13T14:49:41.129+0300][gc            ] GC(2) Concurrent Cycle 14,526ms
[2023-01-13T14:49:41.956+0300][gc,start      ] GC(3) Pause Young (Normal) (G1 Evacuation Pause)
[2023-01-13T14:49:41.956+0300][gc,task       ] GC(3) Using 10 workers of 10 for evacuation
[2023-01-13T14:49:41.959+0300][gc,phases     ] GC(3)   Pre Evacuate Collection Set: 0,0ms
[2023-01-13T14:49:41.959+0300][gc,phases     ] GC(3)   Evacuate Collection Set: 1,7ms
[2023-01-13T14:49:41.959+0300][gc,phases     ] GC(3)   Post Evacuate Collection Set: 0,5ms
[2023-01-13T14:49:41.959+0300][gc,phases     ] GC(3)   Other: 0,6ms
[2023-01-13T14:49:41.960+0300][gc,heap       ] GC(3) Eden regions: 49->0(46)
[2023-01-13T14:49:41.960+0300][gc,heap       ] GC(3) Survivor regions: 2->5(7)
[2023-01-13T14:49:41.960+0300][gc,heap       ] GC(3) Old regions: 9->9
[2023-01-13T14:49:41.960+0300][gc,heap       ] GC(3) Humongous regions: 129->129
[2023-01-13T14:49:41.960+0300][gc,metaspace  ] GC(3) Metaspace: 29257K(30720K)->29257K(30720K) NonClass: 25763K(26624K)->25763K(26624K) Class: 3494K(4096K)->3494K(4096K)
[2023-01-13T14:49:41.961+0300][gc            ] GC(3) Pause Young (Normal) (G1 Evacuation Pause) 186M->140M(1024M) 4,626ms
[2023-01-13T14:49:41.961+0300][gc,cpu        ] GC(3) User=0,01s Sys=0,01s Real=0,00s
[2023-01-13T14:49:42.449+0300][gc,heap,exit  ] Heap
[2023-01-13T14:49:42.449+0300][gc,heap,exit  ]  garbage-first heap   total 1048576K, used 166100K [0x00000000c0000000, 0x0000000100000000)
[2023-01-13T14:49:42.449+0300][gc,heap,exit  ]   region size 1024K, 28 young (28672K), 5 survivors (5120K)
[2023-01-13T14:49:42.450+0300][gc,heap,exit  ]  Metaspace       used 32479K, capacity 33818K, committed 34048K, reserved 1079296K
[2023-01-13T14:49:42.450+0300][gc,heap,exit  ]   class space    used 4000K, capacity 4603K, committed 4608K, reserved 1048576K
