[2023-01-13T23:38:18.803+0300][gc,heap] Heap region size: 1M
[2023-01-13T23:38:18.810+0300][gc     ] Using G1
[2023-01-13T23:38:18.810+0300][gc,heap,coops] Heap address: 0x00000000c0000000, size: 1024 MB, Compressed Oops mode: 32-bit
[2023-01-13T23:38:18.811+0300][gc,cds       ] Mark closed archive regions in map: [0x00000000fff00000, 0x00000000fff6aff8]
[2023-01-13T23:38:18.811+0300][gc,cds       ] Mark open archive regions in map: [0x00000000ffe00000, 0x00000000ffe47ff8]
[2023-01-13T23:38:20.577+0300][gc,start     ] GC(0) Pause Young (Normal) (G1 Evacuation Pause)
[2023-01-13T23:38:20.579+0300][gc,task      ] GC(0) Using 10 workers of 10 for evacuation
[2023-01-13T23:38:20.589+0300][gc,phases    ] GC(0)   Pre Evacuate Collection Set: 0,0ms
[2023-01-13T23:38:20.590+0300][gc,phases    ] GC(0)   Evacuate Collection Set: 9,0ms
[2023-01-13T23:38:20.590+0300][gc,phases    ] GC(0)   Post Evacuate Collection Set: 0,7ms
[2023-01-13T23:38:20.591+0300][gc,phases    ] GC(0)   Other: 2,5ms
[2023-01-13T23:38:20.591+0300][gc,heap      ] GC(0) Eden regions: 51->0(44)
[2023-01-13T23:38:20.591+0300][gc,heap      ] GC(0) Survivor regions: 0->7(7)
[2023-01-13T23:38:20.592+0300][gc,heap      ] GC(0) Old regions: 2->2
[2023-01-13T23:38:20.592+0300][gc,heap      ] GC(0) Humongous regions: 0->0
[2023-01-13T23:38:20.593+0300][gc,metaspace ] GC(0) Metaspace: 14312K(15104K)->14312K(15104K) NonClass: 12521K(13056K)->12521K(13056K) Class: 1790K(2048K)->1790K(2048K)
[2023-01-13T23:38:20.593+0300][gc           ] GC(0) Pause Young (Normal) (G1 Evacuation Pause) 51M->7M(1024M) 15,806ms
[2023-01-13T23:38:20.593+0300][gc,cpu       ] GC(0) User=0,07s Sys=0,03s Real=0,02s
[2023-01-13T23:38:21.259+0300][gc,start     ] GC(1) Pause Young (Concurrent Start) (Metadata GC Threshold)
[2023-01-13T23:38:21.259+0300][gc,task      ] GC(1) Using 10 workers of 10 for evacuation
[2023-01-13T23:38:21.267+0300][gc,phases    ] GC(1)   Pre Evacuate Collection Set: 0,1ms
[2023-01-13T23:38:21.268+0300][gc,phases    ] GC(1)   Evacuate Collection Set: 6,9ms
[2023-01-13T23:38:21.268+0300][gc,phases    ] GC(1)   Post Evacuate Collection Set: 0,9ms
[2023-01-13T23:38:21.269+0300][gc,phases    ] GC(1)   Other: 0,9ms
[2023-01-13T23:38:21.269+0300][gc,heap      ] GC(1) Eden regions: 29->0(49)
[2023-01-13T23:38:21.270+0300][gc,heap      ] GC(1) Survivor regions: 7->2(7)
[2023-01-13T23:38:21.270+0300][gc,heap      ] GC(1) Old regions: 2->9
[2023-01-13T23:38:21.270+0300][gc,heap      ] GC(1) Humongous regions: 0->0
[2023-01-13T23:38:21.271+0300][gc,metaspace ] GC(1) Metaspace: 20529K(21248K)->20529K(21248K) NonClass: 18004K(18432K)->18004K(18432K) Class: 2524K(2816K)->2524K(2816K)
[2023-01-13T23:38:21.271+0300][gc           ] GC(1) Pause Young (Concurrent Start) (Metadata GC Threshold) 36M->8M(1024M) 12,267ms
[2023-01-13T23:38:21.271+0300][gc,cpu       ] GC(1) User=0,05s Sys=0,01s Real=0,02s
[2023-01-13T23:38:21.272+0300][gc           ] GC(2) Concurrent Cycle
[2023-01-13T23:38:21.272+0300][gc,marking   ] GC(2) Concurrent Clear Claimed Marks
[2023-01-13T23:38:21.273+0300][gc,marking   ] GC(2) Concurrent Clear Claimed Marks 0,438ms
[2023-01-13T23:38:21.273+0300][gc,marking   ] GC(2) Concurrent Scan Root Regions
[2023-01-13T23:38:21.274+0300][gc,marking   ] GC(2) Concurrent Scan Root Regions 1,304ms
[2023-01-13T23:38:21.275+0300][gc,marking   ] GC(2) Concurrent Mark (2,587s)
[2023-01-13T23:38:21.275+0300][gc,marking   ] GC(2) Concurrent Mark From Roots
[2023-01-13T23:38:21.275+0300][gc,task      ] GC(2) Using 3 workers of 3 for marking
[2023-01-13T23:38:21.279+0300][gc,marking   ] GC(2) Concurrent Mark From Roots 3,933ms
[2023-01-13T23:38:21.279+0300][gc,marking   ] GC(2) Concurrent Preclean
[2023-01-13T23:38:21.280+0300][gc,marking   ] GC(2) Concurrent Preclean 0,560ms
[2023-01-13T23:38:21.280+0300][gc,marking   ] GC(2) Concurrent Mark (2,587s, 2,593s) 5,686ms
[2023-01-13T23:38:21.281+0300][gc,start     ] GC(2) Pause Remark
[2023-01-13T23:38:21.283+0300][gc,stringtable] GC(2) Cleaned string and symbol table, strings: 5269 processed, 0 removed, symbols: 52367 processed, 41 removed
[2023-01-13T23:38:21.284+0300][gc            ] GC(2) Pause Remark 8M->8M(1024M) 3,427ms
[2023-01-13T23:38:21.285+0300][gc,cpu        ] GC(2) User=0,00s Sys=0,01s Real=0,00s
[2023-01-13T23:38:21.285+0300][gc,marking    ] GC(2) Concurrent Rebuild Remembered Sets
[2023-01-13T23:38:21.287+0300][gc,marking    ] GC(2) Concurrent Rebuild Remembered Sets 1,827ms
[2023-01-13T23:38:21.288+0300][gc,start      ] GC(2) Pause Cleanup
[2023-01-13T23:38:21.288+0300][gc            ] GC(2) Pause Cleanup 8M->8M(1024M) 0,616ms
[2023-01-13T23:38:21.289+0300][gc,cpu        ] GC(2) User=0,00s Sys=0,00s Real=0,00s
[2023-01-13T23:38:21.289+0300][gc,marking    ] GC(2) Concurrent Cleanup for Next Mark
[2023-01-13T23:38:21.291+0300][gc,marking    ] GC(2) Concurrent Cleanup for Next Mark 1,699ms
[2023-01-13T23:38:21.291+0300][gc            ] GC(2) Concurrent Cycle 19,633ms
[2023-01-13T23:38:22.213+0300][gc,start      ] GC(3) Pause Young (Normal) (G1 Evacuation Pause)
[2023-01-13T23:38:22.214+0300][gc,task       ] GC(3) Using 10 workers of 10 for evacuation
[2023-01-13T23:38:22.217+0300][gc,phases     ] GC(3)   Pre Evacuate Collection Set: 0,0ms
[2023-01-13T23:38:22.218+0300][gc,phases     ] GC(3)   Evacuate Collection Set: 2,2ms
[2023-01-13T23:38:22.218+0300][gc,phases     ] GC(3)   Post Evacuate Collection Set: 0,8ms
[2023-01-13T23:38:22.218+0300][gc,phases     ] GC(3)   Other: 1,0ms
[2023-01-13T23:38:22.219+0300][gc,heap       ] GC(3) Eden regions: 49->0(46)
[2023-01-13T23:38:22.219+0300][gc,heap       ] GC(3) Survivor regions: 2->5(7)
[2023-01-13T23:38:22.220+0300][gc,heap       ] GC(3) Old regions: 9->9
[2023-01-13T23:38:22.220+0300][gc,heap       ] GC(3) Humongous regions: 129->129
[2023-01-13T23:38:22.220+0300][gc,metaspace  ] GC(3) Metaspace: 29190K(30720K)->29190K(30720K) NonClass: 25704K(26624K)->25704K(26624K) Class: 3485K(4096K)->3485K(4096K)
[2023-01-13T23:38:22.221+0300][gc            ] GC(3) Pause Young (Normal) (G1 Evacuation Pause) 186M->140M(1024M) 7,634ms
[2023-01-13T23:38:22.221+0300][gc,cpu        ] GC(3) User=0,01s Sys=0,00s Real=0,01s
[2023-01-13T23:38:22.807+0300][gc,heap,exit  ] Heap
[2023-01-13T23:38:22.807+0300][gc,heap,exit  ]  garbage-first heap   total 1048576K, used 165113K [0x00000000c0000000, 0x0000000100000000)
[2023-01-13T23:38:22.808+0300][gc,heap,exit  ]   region size 1024K, 28 young (28672K), 5 survivors (5120K)
[2023-01-13T23:38:22.808+0300][gc,heap,exit  ]  Metaspace       used 32466K, capacity 33814K, committed 34048K, reserved 1079296K
[2023-01-13T23:38:22.808+0300][gc,heap,exit  ]   class space    used 4000K, capacity 4602K, committed 4608K, reserved 1048576K
