[2023-01-13T23:38:10.986+0300][gc,heap] Heap region size: 1M
[2023-01-13T23:38:10.995+0300][gc     ] Using G1
[2023-01-13T23:38:10.995+0300][gc,heap,coops] Heap address: 0x00000000c0000000, size: 1024 MB, Compressed Oops mode: 32-bit
[2023-01-13T23:38:10.996+0300][gc,cds       ] Mark closed archive regions in map: [0x00000000fff00000, 0x00000000fff6aff8]
[2023-01-13T23:38:10.996+0300][gc,cds       ] Mark open archive regions in map: [0x00000000ffe00000, 0x00000000ffe47ff8]
[2023-01-13T23:38:12.925+0300][gc,start     ] GC(0) Pause Young (Normal) (G1 Evacuation Pause)
[2023-01-13T23:38:12.927+0300][gc,task      ] GC(0) Using 10 workers of 10 for evacuation
[2023-01-13T23:38:12.937+0300][gc,phases    ] GC(0)   Pre Evacuate Collection Set: 0,0ms
[2023-01-13T23:38:12.937+0300][gc,phases    ] GC(0)   Evacuate Collection Set: 8,4ms
[2023-01-13T23:38:12.937+0300][gc,phases    ] GC(0)   Post Evacuate Collection Set: 0,8ms
[2023-01-13T23:38:12.938+0300][gc,phases    ] GC(0)   Other: 2,4ms
[2023-01-13T23:38:12.938+0300][gc,heap      ] GC(0) Eden regions: 51->0(44)
[2023-01-13T23:38:12.939+0300][gc,heap      ] GC(0) Survivor regions: 0->7(7)
[2023-01-13T23:38:12.939+0300][gc,heap      ] GC(0) Old regions: 2->2
[2023-01-13T23:38:12.939+0300][gc,heap      ] GC(0) Humongous regions: 0->0
[2023-01-13T23:38:12.940+0300][gc,metaspace ] GC(0) Metaspace: 14324K(15104K)->14324K(15104K) NonClass: 12534K(13056K)->12534K(13056K) Class: 1790K(2048K)->1790K(2048K)
[2023-01-13T23:38:12.940+0300][gc           ] GC(0) Pause Young (Normal) (G1 Evacuation Pause) 51M->7M(1024M) 14,712ms
[2023-01-13T23:38:12.940+0300][gc,cpu       ] GC(0) User=0,00s Sys=0,09s Real=0,02s
[2023-01-13T23:38:13.754+0300][gc,start     ] GC(1) Pause Young (Concurrent Start) (Metadata GC Threshold)
[2023-01-13T23:38:13.755+0300][gc,task      ] GC(1) Using 10 workers of 10 for evacuation
[2023-01-13T23:38:13.764+0300][gc,phases    ] GC(1)   Pre Evacuate Collection Set: 0,0ms
[2023-01-13T23:38:13.764+0300][gc,phases    ] GC(1)   Evacuate Collection Set: 8,0ms
[2023-01-13T23:38:13.765+0300][gc,phases    ] GC(1)   Post Evacuate Collection Set: 0,7ms
[2023-01-13T23:38:13.765+0300][gc,phases    ] GC(1)   Other: 0,8ms
[2023-01-13T23:38:13.766+0300][gc,heap      ] GC(1) Eden regions: 29->0(49)
[2023-01-13T23:38:13.766+0300][gc,heap      ] GC(1) Survivor regions: 7->2(7)
[2023-01-13T23:38:13.767+0300][gc,heap      ] GC(1) Old regions: 2->9
[2023-01-13T23:38:13.767+0300][gc,heap      ] GC(1) Humongous regions: 0->0
[2023-01-13T23:38:13.768+0300][gc,metaspace ] GC(1) Metaspace: 20546K(21248K)->20546K(21248K) NonClass: 18021K(18432K)->18021K(18432K) Class: 2524K(2816K)->2524K(2816K)
[2023-01-13T23:38:13.768+0300][gc           ] GC(1) Pause Young (Concurrent Start) (Metadata GC Threshold) 36M->8M(1024M) 13,755ms
[2023-01-13T23:38:13.769+0300][gc,cpu       ] GC(1) User=0,03s Sys=0,01s Real=0,01s
[2023-01-13T23:38:13.769+0300][gc           ] GC(2) Concurrent Cycle
[2023-01-13T23:38:13.770+0300][gc,marking   ] GC(2) Concurrent Clear Claimed Marks
[2023-01-13T23:38:13.770+0300][gc,marking   ] GC(2) Concurrent Clear Claimed Marks 0,418ms
[2023-01-13T23:38:13.770+0300][gc,marking   ] GC(2) Concurrent Scan Root Regions
[2023-01-13T23:38:13.771+0300][gc,marking   ] GC(2) Concurrent Scan Root Regions 1,148ms
[2023-01-13T23:38:13.772+0300][gc,marking   ] GC(2) Concurrent Mark (2,890s)
[2023-01-13T23:38:13.772+0300][gc,marking   ] GC(2) Concurrent Mark From Roots
[2023-01-13T23:38:13.773+0300][gc,task      ] GC(2) Using 3 workers of 3 for marking
[2023-01-13T23:38:13.776+0300][gc,marking   ] GC(2) Concurrent Mark From Roots 3,479ms
[2023-01-13T23:38:13.776+0300][gc,marking   ] GC(2) Concurrent Preclean
[2023-01-13T23:38:13.777+0300][gc,marking   ] GC(2) Concurrent Preclean 0,565ms
[2023-01-13T23:38:13.777+0300][gc,marking   ] GC(2) Concurrent Mark (2,890s, 2,895s) 5,256ms
[2023-01-13T23:38:13.778+0300][gc,start     ] GC(2) Pause Remark
[2023-01-13T23:38:13.779+0300][gc,stringtable] GC(2) Cleaned string and symbol table, strings: 5268 processed, 0 removed, symbols: 52366 processed, 42 removed
[2023-01-13T23:38:13.780+0300][gc            ] GC(2) Pause Remark 9M->9M(1024M) 2,709ms
[2023-01-13T23:38:13.781+0300][gc,cpu        ] GC(2) User=0,00s Sys=0,00s Real=0,01s
[2023-01-13T23:38:13.781+0300][gc,marking    ] GC(2) Concurrent Rebuild Remembered Sets
[2023-01-13T23:38:13.784+0300][gc,marking    ] GC(2) Concurrent Rebuild Remembered Sets 2,887ms
[2023-01-13T23:38:13.785+0300][gc,start      ] GC(2) Pause Cleanup
[2023-01-13T23:38:13.785+0300][gc            ] GC(2) Pause Cleanup 9M->9M(1024M) 0,651ms
[2023-01-13T23:38:13.786+0300][gc,cpu        ] GC(2) User=0,00s Sys=0,00s Real=0,00s
[2023-01-13T23:38:13.786+0300][gc,marking    ] GC(2) Concurrent Cleanup for Next Mark
[2023-01-13T23:38:13.789+0300][gc,marking    ] GC(2) Concurrent Cleanup for Next Mark 2,416ms
[2023-01-13T23:38:13.789+0300][gc            ] GC(2) Concurrent Cycle 20,229ms
[2023-01-13T23:38:14.868+0300][gc,start      ] GC(3) Pause Young (Normal) (G1 Evacuation Pause)
[2023-01-13T23:38:14.868+0300][gc,task       ] GC(3) Using 10 workers of 10 for evacuation
[2023-01-13T23:38:14.871+0300][gc,phases     ] GC(3)   Pre Evacuate Collection Set: 0,0ms
[2023-01-13T23:38:14.872+0300][gc,phases     ] GC(3)   Evacuate Collection Set: 1,8ms
[2023-01-13T23:38:14.872+0300][gc,phases     ] GC(3)   Post Evacuate Collection Set: 0,6ms
[2023-01-13T23:38:14.872+0300][gc,phases     ] GC(3)   Other: 1,0ms
[2023-01-13T23:38:14.873+0300][gc,heap       ] GC(3) Eden regions: 49->0(46)
[2023-01-13T23:38:14.873+0300][gc,heap       ] GC(3) Survivor regions: 2->5(7)
[2023-01-13T23:38:14.873+0300][gc,heap       ] GC(3) Old regions: 9->9
[2023-01-13T23:38:14.874+0300][gc,heap       ] GC(3) Humongous regions: 129->129
[2023-01-13T23:38:14.874+0300][gc,metaspace  ] GC(3) Metaspace: 29164K(30464K)->29164K(30464K) NonClass: 25680K(26368K)->25680K(26368K) Class: 3483K(4096K)->3483K(4096K)
[2023-01-13T23:38:14.874+0300][gc            ] GC(3) Pause Young (Normal) (G1 Evacuation Pause) 186M->140M(1024M) 6,555ms
[2023-01-13T23:38:14.875+0300][gc,cpu        ] GC(3) User=0,03s Sys=0,00s Real=0,01s
[2023-01-13T23:38:15.491+0300][gc,heap,exit  ] Heap
[2023-01-13T23:38:15.491+0300][gc,heap,exit  ]  garbage-first heap   total 1048576K, used 166189K [0x00000000c0000000, 0x0000000100000000)
[2023-01-13T23:38:15.491+0300][gc,heap,exit  ]   region size 1024K, 28 young (28672K), 5 survivors (5120K)
[2023-01-13T23:38:15.492+0300][gc,heap,exit  ]  Metaspace       used 32481K, capacity 33870K, committed 34048K, reserved 1079296K
[2023-01-13T23:38:15.492+0300][gc,heap,exit  ]   class space    used 4000K, capacity 4603K, committed 4608K, reserved 1048576K
