[2023-01-13T23:42:57.257+0300][gc,heap] Heap region size: 1M
[2023-01-13T23:42:57.264+0300][gc     ] Using G1
[2023-01-13T23:42:57.265+0300][gc,heap,coops] Heap address: 0x00000000c0000000, size: 1024 MB, Compressed Oops mode: 32-bit
[2023-01-13T23:42:57.266+0300][gc,cds       ] Mark closed archive regions in map: [0x00000000fff00000, 0x00000000fff6aff8]
[2023-01-13T23:42:57.266+0300][gc,cds       ] Mark open archive regions in map: [0x00000000ffe00000, 0x00000000ffe47ff8]
[2023-01-13T23:42:59.023+0300][gc,start     ] GC(0) Pause Young (Normal) (G1 Evacuation Pause)
[2023-01-13T23:42:59.025+0300][gc,task      ] GC(0) Using 10 workers of 10 for evacuation
[2023-01-13T23:42:59.035+0300][gc,phases    ] GC(0)   Pre Evacuate Collection Set: 0,0ms
[2023-01-13T23:42:59.035+0300][gc,phases    ] GC(0)   Evacuate Collection Set: 8,6ms
[2023-01-13T23:42:59.036+0300][gc,phases    ] GC(0)   Post Evacuate Collection Set: 0,8ms
[2023-01-13T23:42:59.036+0300][gc,phases    ] GC(0)   Other: 2,4ms
[2023-01-13T23:42:59.037+0300][gc,heap      ] GC(0) Eden regions: 51->0(44)
[2023-01-13T23:42:59.037+0300][gc,heap      ] GC(0) Survivor regions: 0->7(7)
[2023-01-13T23:42:59.037+0300][gc,heap      ] GC(0) Old regions: 2->2
[2023-01-13T23:42:59.038+0300][gc,heap      ] GC(0) Humongous regions: 0->0
[2023-01-13T23:42:59.038+0300][gc,metaspace ] GC(0) Metaspace: 14330K(15104K)->14330K(15104K) NonClass: 12540K(13056K)->12540K(13056K) Class: 1790K(2048K)->1790K(2048K)
[2023-01-13T23:42:59.038+0300][gc           ] GC(0) Pause Young (Normal) (G1 Evacuation Pause) 51M->7M(1024M) 15,500ms
[2023-01-13T23:42:59.039+0300][gc,cpu       ] GC(0) User=0,06s Sys=0,02s Real=0,01s
[2023-01-13T23:42:59.731+0300][gc,start     ] GC(1) Pause Young (Concurrent Start) (Metadata GC Threshold)
[2023-01-13T23:42:59.731+0300][gc,task      ] GC(1) Using 10 workers of 10 for evacuation
[2023-01-13T23:42:59.741+0300][gc,phases    ] GC(1)   Pre Evacuate Collection Set: 0,1ms
[2023-01-13T23:42:59.741+0300][gc,phases    ] GC(1)   Evacuate Collection Set: 8,1ms
[2023-01-13T23:42:59.742+0300][gc,phases    ] GC(1)   Post Evacuate Collection Set: 0,7ms
[2023-01-13T23:42:59.742+0300][gc,phases    ] GC(1)   Other: 0,9ms
[2023-01-13T23:42:59.743+0300][gc,heap      ] GC(1) Eden regions: 29->0(49)
[2023-01-13T23:42:59.743+0300][gc,heap      ] GC(1) Survivor regions: 7->2(7)
[2023-01-13T23:42:59.743+0300][gc,heap      ] GC(1) Old regions: 2->9
[2023-01-13T23:42:59.744+0300][gc,heap      ] GC(1) Humongous regions: 0->0
[2023-01-13T23:42:59.744+0300][gc,metaspace ] GC(1) Metaspace: 20571K(21248K)->20571K(21248K) NonClass: 18046K(18432K)->18046K(18432K) Class: 2524K(2816K)->2524K(2816K)
[2023-01-13T23:42:59.745+0300][gc           ] GC(1) Pause Young (Concurrent Start) (Metadata GC Threshold) 36M->8M(1024M) 13,550ms
[2023-01-13T23:42:59.745+0300][gc,cpu       ] GC(1) User=0,07s Sys=0,00s Real=0,01s
[2023-01-13T23:42:59.745+0300][gc           ] GC(2) Concurrent Cycle
[2023-01-13T23:42:59.746+0300][gc,marking   ] GC(2) Concurrent Clear Claimed Marks
[2023-01-13T23:42:59.746+0300][gc,marking   ] GC(2) Concurrent Clear Claimed Marks 0,399ms
[2023-01-13T23:42:59.746+0300][gc,marking   ] GC(2) Concurrent Scan Root Regions
[2023-01-13T23:42:59.748+0300][gc,marking   ] GC(2) Concurrent Scan Root Regions 1,247ms
[2023-01-13T23:42:59.748+0300][gc,marking   ] GC(2) Concurrent Mark (2,614s)
[2023-01-13T23:42:59.748+0300][gc,marking   ] GC(2) Concurrent Mark From Roots
[2023-01-13T23:42:59.749+0300][gc,task      ] GC(2) Using 3 workers of 3 for marking
[2023-01-13T23:42:59.752+0300][gc,marking   ] GC(2) Concurrent Mark From Roots 3,599ms
[2023-01-13T23:42:59.752+0300][gc,marking   ] GC(2) Concurrent Preclean
[2023-01-13T23:42:59.753+0300][gc,marking   ] GC(2) Concurrent Preclean 0,493ms
[2023-01-13T23:42:59.753+0300][gc,marking   ] GC(2) Concurrent Mark (2,614s, 2,619s) 5,182ms
[2023-01-13T23:42:59.754+0300][gc,start     ] GC(2) Pause Remark
[2023-01-13T23:42:59.755+0300][gc,stringtable] GC(2) Cleaned string and symbol table, strings: 5269 processed, 0 removed, symbols: 52367 processed, 41 removed
[2023-01-13T23:42:59.756+0300][gc            ] GC(2) Pause Remark 8M->8M(1024M) 2,382ms
[2023-01-13T23:42:59.757+0300][gc,cpu        ] GC(2) User=0,01s Sys=0,00s Real=0,00s
[2023-01-13T23:42:59.757+0300][gc,marking    ] GC(2) Concurrent Rebuild Remembered Sets
[2023-01-13T23:42:59.759+0300][gc,marking    ] GC(2) Concurrent Rebuild Remembered Sets 2,083ms
[2023-01-13T23:42:59.760+0300][gc,start      ] GC(2) Pause Cleanup
[2023-01-13T23:42:59.760+0300][gc            ] GC(2) Pause Cleanup 8M->8M(1024M) 0,699ms
[2023-01-13T23:42:59.761+0300][gc,cpu        ] GC(2) User=0,00s Sys=0,00s Real=0,00s
[2023-01-13T23:42:59.761+0300][gc,marking    ] GC(2) Concurrent Cleanup for Next Mark
[2023-01-13T23:42:59.763+0300][gc,marking    ] GC(2) Concurrent Cleanup for Next Mark 1,884ms
[2023-01-13T23:42:59.764+0300][gc            ] GC(2) Concurrent Cycle 18,216ms
[2023-01-13T23:43:00.636+0300][gc,start      ] GC(3) Pause Young (Normal) (G1 Evacuation Pause)
[2023-01-13T23:43:00.637+0300][gc,task       ] GC(3) Using 10 workers of 10 for evacuation
[2023-01-13T23:43:00.641+0300][gc,phases     ] GC(3)   Pre Evacuate Collection Set: 0,0ms
[2023-01-13T23:43:00.641+0300][gc,phases     ] GC(3)   Evacuate Collection Set: 2,3ms
[2023-01-13T23:43:00.641+0300][gc,phases     ] GC(3)   Post Evacuate Collection Set: 0,7ms
[2023-01-13T23:43:00.642+0300][gc,phases     ] GC(3)   Other: 1,1ms
[2023-01-13T23:43:00.642+0300][gc,heap       ] GC(3) Eden regions: 49->0(46)
[2023-01-13T23:43:00.643+0300][gc,heap       ] GC(3) Survivor regions: 2->5(7)
[2023-01-13T23:43:00.643+0300][gc,heap       ] GC(3) Old regions: 9->9
[2023-01-13T23:43:00.644+0300][gc,heap       ] GC(3) Humongous regions: 129->129
[2023-01-13T23:43:00.644+0300][gc,metaspace  ] GC(3) Metaspace: 29204K(30464K)->29204K(30464K) NonClass: 25718K(26368K)->25718K(26368K) Class: 3485K(4096K)->3485K(4096K)
[2023-01-13T23:43:00.645+0300][gc            ] GC(3) Pause Young (Normal) (G1 Evacuation Pause) 186M->140M(1024M) 8,181ms
[2023-01-13T23:43:00.645+0300][gc,cpu        ] GC(3) User=0,04s Sys=0,00s Real=0,01s
[2023-01-13T23:43:01.171+0300][gc,start      ] GC(4) Pause Young (Concurrent Start) (Metadata GC Threshold)
[2023-01-13T23:43:01.171+0300][gc,task       ] GC(4) Using 10 workers of 10 for evacuation
[2023-01-13T23:43:01.178+0300][gc,phases     ] GC(4)   Pre Evacuate Collection Set: 0,1ms
[2023-01-13T23:43:01.178+0300][gc,phases     ] GC(4)   Evacuate Collection Set: 4,6ms
[2023-01-13T23:43:01.179+0300][gc,phases     ] GC(4)   Post Evacuate Collection Set: 0,9ms
[2023-01-13T23:43:01.179+0300][gc,phases     ] GC(4)   Other: 0,8ms
[2023-01-13T23:43:01.179+0300][gc,heap       ] GC(4) Eden regions: 29->0(45)
[2023-01-13T23:43:01.180+0300][gc,heap       ] GC(4) Survivor regions: 5->6(7)
[2023-01-13T23:43:01.180+0300][gc,heap       ] GC(4) Old regions: 9->10
[2023-01-13T23:43:01.181+0300][gc,heap       ] GC(4) Humongous regions: 129->129
[2023-01-13T23:43:01.181+0300][gc,metaspace  ] GC(4) Metaspace: 34450K(35840K)->34450K(35840K) NonClass: 30338K(31104K)->30338K(31104K) Class: 4111K(4736K)->4111K(4736K)
[2023-01-13T23:43:01.181+0300][gc            ] GC(4) Pause Young (Concurrent Start) (Metadata GC Threshold) 168M->142M(1024M) 10,342ms
[2023-01-13T23:43:01.182+0300][gc,cpu        ] GC(4) User=0,05s Sys=0,01s Real=0,01s
[2023-01-13T23:43:01.182+0300][gc            ] GC(5) Concurrent Cycle
[2023-01-13T23:43:01.183+0300][gc,marking    ] GC(5) Concurrent Clear Claimed Marks
[2023-01-13T23:43:01.184+0300][gc,marking    ] GC(5) Concurrent Clear Claimed Marks 1,013ms
[2023-01-13T23:43:01.184+0300][gc,marking    ] GC(5) Concurrent Scan Root Regions
[2023-01-13T23:43:01.186+0300][gc,marking    ] GC(5) Concurrent Scan Root Regions 2,132ms
[2023-01-13T23:43:01.187+0300][gc,marking    ] GC(5) Concurrent Mark (4,053s)
[2023-01-13T23:43:01.187+0300][gc,marking    ] GC(5) Concurrent Mark From Roots
[2023-01-13T23:43:01.188+0300][gc,task       ] GC(5) Using 3 workers of 3 for marking
[2023-01-13T23:43:01.194+0300][gc,marking    ] GC(5) Concurrent Mark From Roots 6,757ms
[2023-01-13T23:43:01.194+0300][gc,marking    ] GC(5) Concurrent Preclean
[2023-01-13T23:43:01.195+0300][gc,marking    ] GC(5) Concurrent Preclean 0,612ms
[2023-01-13T23:43:01.196+0300][gc,marking    ] GC(5) Concurrent Mark (4,053s, 4,061s) 8,710ms
[2023-01-13T23:43:01.196+0300][gc,start      ] GC(5) Pause Remark
[2023-01-13T23:43:01.199+0300][gc,stringtable] GC(5) Cleaned string and symbol table, strings: 10440 processed, 12 removed, symbols: 85200 processed, 13 removed
[2023-01-13T23:43:01.199+0300][gc            ] GC(5) Pause Remark 143M->143M(1024M) 3,344ms
[2023-01-13T23:43:01.200+0300][gc,cpu        ] GC(5) User=0,02s Sys=0,00s Real=0,01s
[2023-01-13T23:43:01.201+0300][gc,marking    ] GC(5) Concurrent Rebuild Remembered Sets
[2023-01-13T23:43:01.205+0300][gc,marking    ] GC(5) Concurrent Rebuild Remembered Sets 4,210ms
[2023-01-13T23:43:01.206+0300][gc,start      ] GC(5) Pause Cleanup
[2023-01-13T23:43:01.206+0300][gc            ] GC(5) Pause Cleanup 144M->144M(1024M) 0,670ms
[2023-01-13T23:43:01.207+0300][gc,cpu        ] GC(5) User=0,00s Sys=0,00s Real=0,00s
[2023-01-13T23:43:01.207+0300][gc,marking    ] GC(5) Concurrent Cleanup for Next Mark
[2023-01-13T23:43:01.211+0300][gc,marking    ] GC(5) Concurrent Cleanup for Next Mark 3,670ms
[2023-01-13T23:43:01.211+0300][gc            ] GC(5) Concurrent Cycle 28,972ms
[2023-01-13T23:49:36.768+0300][gc,start      ] GC(6) Pause Young (Concurrent Start) (G1 Evacuation Pause)
[2023-01-13T23:49:36.771+0300][gc,task       ] GC(6) Using 10 workers of 10 for evacuation
[2023-01-13T23:49:36.915+0300][gc,mmu        ] GC(6) MMU target violated: 21,0ms (20,0ms/21,0ms)
[2023-01-13T23:49:36.916+0300][gc,phases     ] GC(6)   Pre Evacuate Collection Set: 24,7ms
[2023-01-13T23:49:36.917+0300][gc,phases     ] GC(6)   Evacuate Collection Set: 74,9ms
[2023-01-13T23:49:36.917+0300][gc,phases     ] GC(6)   Post Evacuate Collection Set: 5,9ms
[2023-01-13T23:49:36.917+0300][gc,phases     ] GC(6)   Other: 46,3ms
[2023-01-13T23:49:36.917+0300][gc,heap       ] GC(6) Eden regions: 45->0(46)
[2023-01-13T23:49:36.918+0300][gc,heap       ] GC(6) Survivor regions: 6->5(7)
[2023-01-13T23:49:36.918+0300][gc,heap       ] GC(6) Old regions: 10->13
[2023-01-13T23:49:36.918+0300][gc,heap       ] GC(6) Humongous regions: 129->129
[2023-01-13T23:49:36.919+0300][gc,metaspace  ] GC(6) Metaspace: 41214K(43648K)->41214K(43648K) NonClass: 36025K(37376K)->36025K(37376K) Class: 5189K(6272K)->5189K(6272K)
[2023-01-13T23:49:36.919+0300][gc            ] GC(6) Pause Young (Concurrent Start) (G1 Evacuation Pause) 187M->144M(1024M) 151,122ms
[2023-01-13T23:49:36.920+0300][gc,cpu        ] GC(6) User=0,28s Sys=0,01s Real=0,16s
[2023-01-13T23:49:36.920+0300][gc            ] GC(7) Concurrent Cycle
[2023-01-13T23:49:36.921+0300][gc,marking    ] GC(7) Concurrent Clear Claimed Marks
[2023-01-13T23:49:36.922+0300][gc,marking    ] GC(7) Concurrent Clear Claimed Marks 0,867ms
[2023-01-13T23:49:36.922+0300][gc,marking    ] GC(7) Concurrent Scan Root Regions
[2023-01-13T23:49:36.931+0300][gc,marking    ] GC(7) Concurrent Scan Root Regions 9,301ms
[2023-01-13T23:49:36.932+0300][gc,marking    ] GC(7) Concurrent Mark (399,797s)
[2023-01-13T23:49:36.932+0300][gc,marking    ] GC(7) Concurrent Mark From Roots
[2023-01-13T23:49:36.932+0300][gc,task       ] GC(7) Using 3 workers of 3 for marking
[2023-01-13T23:49:36.965+0300][gc,marking    ] GC(7) Concurrent Mark From Roots 32,997ms
[2023-01-13T23:49:36.965+0300][gc,marking    ] GC(7) Concurrent Preclean
[2023-01-13T23:49:36.966+0300][gc,marking    ] GC(7) Concurrent Preclean 0,458ms
[2023-01-13T23:49:36.966+0300][gc,marking    ] GC(7) Concurrent Mark (399,797s, 399,832s) 34,280ms
[2023-01-13T23:49:36.966+0300][gc,start      ] GC(7) Pause Remark
[2023-01-13T23:49:37.059+0300][gc,stringtable] GC(7) Cleaned string and symbol table, strings: 11368 processed, 4 removed, symbols: 91221 processed, 2 removed
[2023-01-13T23:49:37.061+0300][gc,mmu        ] GC(7) MMU target violated: 21,0ms (20,0ms/21,0ms)
[2023-01-13T23:49:37.061+0300][gc            ] GC(7) Pause Remark 146M->146M(1024M) 94,484ms
[2023-01-13T23:49:37.061+0300][gc,cpu        ] GC(7) User=0,02s Sys=0,01s Real=0,10s
[2023-01-13T23:49:37.062+0300][gc,marking    ] GC(7) Concurrent Rebuild Remembered Sets
[2023-01-13T23:49:37.065+0300][gc,marking    ] GC(7) Concurrent Rebuild Remembered Sets 3,018ms
[2023-01-13T23:49:37.065+0300][gc,start      ] GC(7) Pause Cleanup
[2023-01-13T23:49:37.067+0300][gc            ] GC(7) Pause Cleanup 146M->146M(1024M) 1,246ms
[2023-01-13T23:49:37.067+0300][gc,cpu        ] GC(7) User=0,00s Sys=0,00s Real=0,00s
[2023-01-13T23:49:37.067+0300][gc,marking    ] GC(7) Concurrent Cleanup for Next Mark
[2023-01-13T23:49:37.139+0300][gc,marking    ] GC(7) Concurrent Cleanup for Next Mark 71,726ms
[2023-01-13T23:49:37.139+0300][gc            ] GC(7) Concurrent Cycle 219,091ms
[2023-01-14T00:05:41.521+0300][gc,start      ] GC(8) Pause Young (Normal) (G1 Evacuation Pause)
[2023-01-14T00:05:41.521+0300][gc,task       ] GC(8) Using 10 workers of 10 for evacuation
[2023-01-14T00:05:41.529+0300][gc,phases     ] GC(8)   Pre Evacuate Collection Set: 0,4ms
[2023-01-14T00:05:41.529+0300][gc,phases     ] GC(8)   Evacuate Collection Set: 5,5ms
[2023-01-14T00:05:41.530+0300][gc,phases     ] GC(8)   Post Evacuate Collection Set: 1,3ms
[2023-01-14T00:05:41.530+0300][gc,phases     ] GC(8)   Other: 0,9ms
[2023-01-14T00:05:41.531+0300][gc,heap       ] GC(8) Eden regions: 46->0(47)
[2023-01-14T00:05:41.531+0300][gc,heap       ] GC(8) Survivor regions: 5->4(7)
[2023-01-14T00:05:41.532+0300][gc,heap       ] GC(8) Old regions: 13->15
[2023-01-14T00:05:41.532+0300][gc,heap       ] GC(8) Humongous regions: 129->129
[2023-01-14T00:05:41.532+0300][gc,metaspace  ] GC(8) Metaspace: 41753K(44416K)->41753K(44416K) NonClass: 36461K(37888K)->36461K(37888K) Class: 5292K(6528K)->5292K(6528K)
[2023-01-14T00:05:41.533+0300][gc            ] GC(8) Pause Young (Normal) (G1 Evacuation Pause) 190M->146M(1024M) 11,832ms
[2023-01-14T00:05:41.533+0300][gc,cpu        ] GC(8) User=0,05s Sys=0,01s Real=0,01s
[2023-01-14T00:05:41.870+0300][gc,heap,exit  ] Heap
[2023-01-14T00:05:41.870+0300][gc,heap,exit  ]  garbage-first heap   total 1048576K, used 155710K [0x00000000c0000000, 0x0000000100000000)
[2023-01-14T00:05:41.870+0300][gc,heap,exit  ]   region size 1024K, 11 young (11264K), 4 survivors (4096K)
[2023-01-14T00:05:41.871+0300][gc,heap,exit  ]  Metaspace       used 42250K, capacity 44715K, committed 44800K, reserved 1087488K
[2023-01-14T00:05:41.871+0300][gc,heap,exit  ]   class space    used 5421K, capacity 6594K, committed 6656K, reserved 1048576K
