[2023-01-13T14:49:57.706+0300][gc,heap] Heap region size: 1M
[2023-01-13T14:49:57.712+0300][gc     ] Using G1
[2023-01-13T14:49:57.712+0300][gc,heap,coops] Heap address: 0x00000000c0000000, size: 1024 MB, Compressed Oops mode: 32-bit
[2023-01-13T14:49:57.713+0300][gc,cds       ] Mark closed archive regions in map: [0x00000000fff00000, 0x00000000fff6aff8]
[2023-01-13T14:49:57.713+0300][gc,cds       ] Mark open archive regions in map: [0x00000000ffe00000, 0x00000000ffe47ff8]
[2023-01-13T14:49:58.845+0300][gc,start     ] GC(0) Pause Young (Normal) (G1 Evacuation Pause)
[2023-01-13T14:49:58.847+0300][gc,task      ] GC(0) Using 10 workers of 10 for evacuation
[2023-01-13T14:49:58.857+0300][gc,phases    ] GC(0)   Pre Evacuate Collection Set: 0,0ms
[2023-01-13T14:49:58.858+0300][gc,phases    ] GC(0)   Evacuate Collection Set: 9,2ms
[2023-01-13T14:49:58.858+0300][gc,phases    ] GC(0)   Post Evacuate Collection Set: 0,8ms
[2023-01-13T14:49:58.858+0300][gc,phases    ] GC(0)   Other: 2,4ms
[2023-01-13T14:49:58.859+0300][gc,heap      ] GC(0) Eden regions: 51->0(44)
[2023-01-13T14:49:58.859+0300][gc,heap      ] GC(0) Survivor regions: 0->7(7)
[2023-01-13T14:49:58.859+0300][gc,heap      ] GC(0) Old regions: 2->2
[2023-01-13T14:49:58.860+0300][gc,heap      ] GC(0) Humongous regions: 0->0
[2023-01-13T14:49:58.860+0300][gc,metaspace ] GC(0) Metaspace: 14335K(15104K)->14335K(15104K) NonClass: 12545K(13056K)->12545K(13056K) Class: 1790K(2048K)->1790K(2048K)
[2023-01-13T14:49:58.860+0300][gc           ] GC(0) Pause Young (Normal) (G1 Evacuation Pause) 51M->7M(1024M) 15,035ms
[2023-01-13T14:49:58.860+0300][gc,cpu       ] GC(0) User=0,10s Sys=0,00s Real=0,01s
[2023-01-13T14:49:59.320+0300][gc,start     ] GC(1) Pause Young (Concurrent Start) (Metadata GC Threshold)
[2023-01-13T14:49:59.320+0300][gc,task      ] GC(1) Using 10 workers of 10 for evacuation
[2023-01-13T14:49:59.327+0300][gc,phases    ] GC(1)   Pre Evacuate Collection Set: 0,0ms
[2023-01-13T14:49:59.327+0300][gc,phases    ] GC(1)   Evacuate Collection Set: 6,2ms
[2023-01-13T14:49:59.327+0300][gc,phases    ] GC(1)   Post Evacuate Collection Set: 0,6ms
[2023-01-13T14:49:59.328+0300][gc,phases    ] GC(1)   Other: 0,4ms
[2023-01-13T14:49:59.328+0300][gc,heap      ] GC(1) Eden regions: 29->0(49)
[2023-01-13T14:49:59.328+0300][gc,heap      ] GC(1) Survivor regions: 7->2(7)
[2023-01-13T14:49:59.328+0300][gc,heap      ] GC(1) Old regions: 2->9
[2023-01-13T14:49:59.329+0300][gc,heap      ] GC(1) Humongous regions: 0->0
[2023-01-13T14:49:59.329+0300][gc,metaspace ] GC(1) Metaspace: 20558K(21248K)->20558K(21248K) NonClass: 18037K(18432K)->18037K(18432K) Class: 2521K(2816K)->2521K(2816K)
[2023-01-13T14:49:59.329+0300][gc           ] GC(1) Pause Young (Concurrent Start) (Metadata GC Threshold) 35M->8M(1024M) 9,390ms
[2023-01-13T14:49:59.329+0300][gc,cpu       ] GC(1) User=0,06s Sys=0,00s Real=0,01s
[2023-01-13T14:49:59.329+0300][gc           ] GC(2) Concurrent Cycle
[2023-01-13T14:49:59.330+0300][gc,marking   ] GC(2) Concurrent Clear Claimed Marks
[2023-01-13T14:49:59.330+0300][gc,marking   ] GC(2) Concurrent Clear Claimed Marks 0,247ms
[2023-01-13T14:49:59.330+0300][gc,marking   ] GC(2) Concurrent Scan Root Regions
[2023-01-13T14:49:59.331+0300][gc,marking   ] GC(2) Concurrent Scan Root Regions 0,936ms
[2023-01-13T14:49:59.331+0300][gc,marking   ] GC(2) Concurrent Mark (1,649s)
[2023-01-13T14:49:59.331+0300][gc,marking   ] GC(2) Concurrent Mark From Roots
[2023-01-13T14:49:59.332+0300][gc,task      ] GC(2) Using 3 workers of 3 for marking
[2023-01-13T14:49:59.334+0300][gc,marking   ] GC(2) Concurrent Mark From Roots 2,974ms
[2023-01-13T14:49:59.335+0300][gc,marking   ] GC(2) Concurrent Preclean
[2023-01-13T14:49:59.335+0300][gc,marking   ] GC(2) Concurrent Preclean 0,373ms
[2023-01-13T14:49:59.335+0300][gc,marking   ] GC(2) Concurrent Mark (1,649s, 1,653s) 3,963ms
[2023-01-13T14:49:59.336+0300][gc,start     ] GC(2) Pause Remark
[2023-01-13T14:49:59.337+0300][gc,stringtable] GC(2) Cleaned string and symbol table, strings: 5266 processed, 0 removed, symbols: 52361 processed, 43 removed
[2023-01-13T14:49:59.338+0300][gc            ] GC(2) Pause Remark 8M->8M(1024M) 1,872ms
[2023-01-13T14:49:59.338+0300][gc,cpu        ] GC(2) User=0,01s Sys=0,00s Real=0,00s
[2023-01-13T14:49:59.338+0300][gc,marking    ] GC(2) Concurrent Rebuild Remembered Sets
[2023-01-13T14:49:59.340+0300][gc,marking    ] GC(2) Concurrent Rebuild Remembered Sets 1,750ms
[2023-01-13T14:49:59.340+0300][gc,start      ] GC(2) Pause Cleanup
[2023-01-13T14:49:59.341+0300][gc            ] GC(2) Pause Cleanup 9M->9M(1024M) 0,446ms
[2023-01-13T14:49:59.341+0300][gc,cpu        ] GC(2) User=0,00s Sys=0,00s Real=0,00s
[2023-01-13T14:49:59.341+0300][gc,marking    ] GC(2) Concurrent Cleanup for Next Mark
[2023-01-13T14:49:59.343+0300][gc,marking    ] GC(2) Concurrent Cleanup for Next Mark 1,669ms
[2023-01-13T14:49:59.343+0300][gc            ] GC(2) Concurrent Cycle 13,701ms
[2023-01-13T14:50:00.019+0300][gc,start      ] GC(3) Pause Young (Normal) (G1 Evacuation Pause)
[2023-01-13T14:50:00.019+0300][gc,task       ] GC(3) Using 10 workers of 10 for evacuation
[2023-01-13T14:50:00.022+0300][gc,phases     ] GC(3)   Pre Evacuate Collection Set: 0,0ms
[2023-01-13T14:50:00.022+0300][gc,phases     ] GC(3)   Evacuate Collection Set: 1,7ms
[2023-01-13T14:50:00.022+0300][gc,phases     ] GC(3)   Post Evacuate Collection Set: 0,6ms
[2023-01-13T14:50:00.023+0300][gc,phases     ] GC(3)   Other: 0,8ms
[2023-01-13T14:50:00.023+0300][gc,heap       ] GC(3) Eden regions: 49->0(46)
[2023-01-13T14:50:00.023+0300][gc,heap       ] GC(3) Survivor regions: 2->5(7)
[2023-01-13T14:50:00.023+0300][gc,heap       ] GC(3) Old regions: 9->9
[2023-01-13T14:50:00.024+0300][gc,heap       ] GC(3) Humongous regions: 129->129
[2023-01-13T14:50:00.024+0300][gc,metaspace  ] GC(3) Metaspace: 29188K(30720K)->29188K(30720K) NonClass: 25702K(26624K)->25702K(26624K) Class: 3485K(4096K)->3485K(4096K)
[2023-01-13T14:50:00.024+0300][gc            ] GC(3) Pause Young (Normal) (G1 Evacuation Pause) 186M->140M(1024M) 5,477ms
[2023-01-13T14:50:00.024+0300][gc,cpu        ] GC(3) User=0,02s Sys=0,00s Real=0,01s
[2023-01-13T14:50:00.406+0300][gc,start      ] GC(4) Pause Young (Concurrent Start) (Metadata GC Threshold)
[2023-01-13T14:50:00.406+0300][gc,task       ] GC(4) Using 10 workers of 10 for evacuation
[2023-01-13T14:50:00.411+0300][gc,phases     ] GC(4)   Pre Evacuate Collection Set: 0,1ms
[2023-01-13T14:50:00.411+0300][gc,phases     ] GC(4)   Evacuate Collection Set: 3,5ms
[2023-01-13T14:50:00.411+0300][gc,phases     ] GC(4)   Post Evacuate Collection Set: 0,7ms
[2023-01-13T14:50:00.412+0300][gc,phases     ] GC(4)   Other: 0,5ms
[2023-01-13T14:50:00.412+0300][gc,heap       ] GC(4) Eden regions: 29->0(45)
[2023-01-13T14:50:00.412+0300][gc,heap       ] GC(4) Survivor regions: 5->6(7)
[2023-01-13T14:50:00.412+0300][gc,heap       ] GC(4) Old regions: 9->10
[2023-01-13T14:50:00.413+0300][gc,heap       ] GC(4) Humongous regions: 129->129
[2023-01-13T14:50:00.413+0300][gc,metaspace  ] GC(4) Metaspace: 34454K(35840K)->34454K(35840K) NonClass: 30339K(31104K)->30339K(31104K) Class: 4115K(4736K)->4115K(4736K)
[2023-01-13T14:50:00.413+0300][gc            ] GC(4) Pause Young (Concurrent Start) (Metadata GC Threshold) 169M->142M(1024M) 6,838ms
[2023-01-13T14:50:00.413+0300][gc,cpu        ] GC(4) User=0,02s Sys=0,00s Real=0,00s
[2023-01-13T14:50:00.413+0300][gc            ] GC(5) Concurrent Cycle
[2023-01-13T14:50:00.413+0300][gc,marking    ] GC(5) Concurrent Clear Claimed Marks
[2023-01-13T14:50:00.414+0300][gc,marking    ] GC(5) Concurrent Clear Claimed Marks 0,285ms
[2023-01-13T14:50:00.414+0300][gc,marking    ] GC(5) Concurrent Scan Root Regions
[2023-01-13T14:50:00.415+0300][gc,marking    ] GC(5) Concurrent Scan Root Regions 1,514ms
[2023-01-13T14:50:00.416+0300][gc,marking    ] GC(5) Concurrent Mark (2,733s)
[2023-01-13T14:50:00.416+0300][gc,marking    ] GC(5) Concurrent Mark From Roots
[2023-01-13T14:50:00.416+0300][gc,task       ] GC(5) Using 3 workers of 3 for marking
[2023-01-13T14:50:00.421+0300][gc,marking    ] GC(5) Concurrent Mark From Roots 5,645ms
[2023-01-13T14:50:00.422+0300][gc,marking    ] GC(5) Concurrent Preclean
[2023-01-13T14:50:00.422+0300][gc,marking    ] GC(5) Concurrent Preclean 0,358ms
[2023-01-13T14:50:00.422+0300][gc,marking    ] GC(5) Concurrent Mark (2,733s, 2,740s) 6,610ms
[2023-01-13T14:50:00.423+0300][gc,start      ] GC(5) Pause Remark
[2023-01-13T14:50:00.424+0300][gc,stringtable] GC(5) Cleaned string and symbol table, strings: 10398 processed, 12 removed, symbols: 85161 processed, 14 removed
[2023-01-13T14:50:00.425+0300][gc            ] GC(5) Pause Remark 143M->143M(1024M) 2,296ms
[2023-01-13T14:50:00.425+0300][gc,cpu        ] GC(5) User=0,02s Sys=0,00s Real=0,01s
[2023-01-13T14:50:00.425+0300][gc,marking    ] GC(5) Concurrent Rebuild Remembered Sets
[2023-01-13T14:50:00.427+0300][gc,marking    ] GC(5) Concurrent Rebuild Remembered Sets 1,881ms
[2023-01-13T14:50:00.428+0300][gc,start      ] GC(5) Pause Cleanup
[2023-01-13T14:50:00.428+0300][gc            ] GC(5) Pause Cleanup 143M->143M(1024M) 0,463ms
[2023-01-13T14:50:00.429+0300][gc,cpu        ] GC(5) User=0,01s Sys=0,00s Real=0,00s
[2023-01-13T14:50:00.429+0300][gc,marking    ] GC(5) Concurrent Cleanup for Next Mark
[2023-01-13T14:50:00.435+0300][gc,marking    ] GC(5) Concurrent Cleanup for Next Mark 6,293ms
[2023-01-13T14:50:00.435+0300][gc            ] GC(5) Concurrent Cycle 21,959ms
