[2023-01-13T14:58:22.031+0300][gc,heap] Heap region size: 1M
[2023-01-13T14:58:22.039+0300][gc     ] Using G1
[2023-01-13T14:58:22.040+0300][gc,heap,coops] Heap address: 0x00000000c0000000, size: 1024 MB, Compressed Oops mode: 32-bit
[2023-01-13T14:58:22.040+0300][gc,cds       ] Mark closed archive regions in map: [0x00000000fff00000, 0x00000000fff6aff8]
[2023-01-13T14:58:22.040+0300][gc,cds       ] Mark open archive regions in map: [0x00000000ffe00000, 0x00000000ffe47ff8]
[2023-01-13T14:58:23.722+0300][gc,start     ] GC(0) Pause Young (Normal) (G1 Evacuation Pause)
[2023-01-13T14:58:23.724+0300][gc,task      ] GC(0) Using 10 workers of 10 for evacuation
[2023-01-13T14:58:23.733+0300][gc,phases    ] GC(0)   Pre Evacuate Collection Set: 0,0ms
[2023-01-13T14:58:23.734+0300][gc,phases    ] GC(0)   Evacuate Collection Set: 8,0ms
[2023-01-13T14:58:23.734+0300][gc,phases    ] GC(0)   Post Evacuate Collection Set: 0,6ms
[2023-01-13T14:58:23.734+0300][gc,phases    ] GC(0)   Other: 2,0ms
[2023-01-13T14:58:23.735+0300][gc,heap      ] GC(0) Eden regions: 51->0(44)
[2023-01-13T14:58:23.735+0300][gc,heap      ] GC(0) Survivor regions: 0->7(7)
[2023-01-13T14:58:23.735+0300][gc,heap      ] GC(0) Old regions: 2->2
[2023-01-13T14:58:23.736+0300][gc,heap      ] GC(0) Humongous regions: 0->0
[2023-01-13T14:58:23.736+0300][gc,metaspace ] GC(0) Metaspace: 14311K(15104K)->14311K(15104K) NonClass: 12520K(13056K)->12520K(13056K) Class: 1790K(2048K)->1790K(2048K)
[2023-01-13T14:58:23.737+0300][gc           ] GC(0) Pause Young (Normal) (G1 Evacuation Pause) 51M->7M(1024M) 14,404ms
[2023-01-13T14:58:23.737+0300][gc,cpu       ] GC(0) User=0,07s Sys=0,01s Real=0,02s
[2023-01-13T14:58:24.465+0300][gc,start     ] GC(1) Pause Young (Concurrent Start) (Metadata GC Threshold)
[2023-01-13T14:58:24.465+0300][gc,task      ] GC(1) Using 10 workers of 10 for evacuation
[2023-01-13T14:58:24.473+0300][gc,phases    ] GC(1)   Pre Evacuate Collection Set: 0,0ms
[2023-01-13T14:58:24.474+0300][gc,phases    ] GC(1)   Evacuate Collection Set: 6,8ms
[2023-01-13T14:58:24.474+0300][gc,phases    ] GC(1)   Post Evacuate Collection Set: 0,6ms
[2023-01-13T14:58:24.475+0300][gc,phases    ] GC(1)   Other: 0,9ms
[2023-01-13T14:58:24.475+0300][gc,heap      ] GC(1) Eden regions: 29->0(49)
[2023-01-13T14:58:24.476+0300][gc,heap      ] GC(1) Survivor regions: 7->2(7)
[2023-01-13T14:58:24.476+0300][gc,heap      ] GC(1) Old regions: 2->9
[2023-01-13T14:58:24.476+0300][gc,heap      ] GC(1) Humongous regions: 0->0
[2023-01-13T14:58:24.477+0300][gc,metaspace ] GC(1) Metaspace: 20542K(21248K)->20542K(21248K) NonClass: 18017K(18432K)->18017K(18432K) Class: 2524K(2816K)->2524K(2816K)
[2023-01-13T14:58:24.477+0300][gc           ] GC(1) Pause Young (Concurrent Start) (Metadata GC Threshold) 36M->8M(1024M) 12,108ms
[2023-01-13T14:58:24.478+0300][gc,cpu       ] GC(1) User=0,05s Sys=0,00s Real=0,01s
[2023-01-13T14:58:24.478+0300][gc           ] GC(2) Concurrent Cycle
[2023-01-13T14:58:24.478+0300][gc,marking   ] GC(2) Concurrent Clear Claimed Marks
[2023-01-13T14:58:24.479+0300][gc,marking   ] GC(2) Concurrent Clear Claimed Marks 0,370ms
[2023-01-13T14:58:24.479+0300][gc,marking   ] GC(2) Concurrent Scan Root Regions
[2023-01-13T14:58:24.480+0300][gc,marking   ] GC(2) Concurrent Scan Root Regions 1,107ms
[2023-01-13T14:58:24.480+0300][gc,marking   ] GC(2) Concurrent Mark (2,514s)
[2023-01-13T14:58:24.481+0300][gc,marking   ] GC(2) Concurrent Mark From Roots
[2023-01-13T14:58:24.481+0300][gc,task      ] GC(2) Using 3 workers of 3 for marking
[2023-01-13T14:58:24.484+0300][gc,marking   ] GC(2) Concurrent Mark From Roots 3,571ms
[2023-01-13T14:58:24.485+0300][gc,marking   ] GC(2) Concurrent Preclean
[2023-01-13T14:58:24.485+0300][gc,marking   ] GC(2) Concurrent Preclean 0,519ms
[2023-01-13T14:58:24.486+0300][gc,marking   ] GC(2) Concurrent Mark (2,514s, 2,520s) 5,178ms
[2023-01-13T14:58:24.487+0300][gc,start     ] GC(2) Pause Remark
[2023-01-13T14:58:24.488+0300][gc,stringtable] GC(2) Cleaned string and symbol table, strings: 5267 processed, 0 removed, symbols: 52367 processed, 42 removed
[2023-01-13T14:58:24.489+0300][gc            ] GC(2) Pause Remark 8M->8M(1024M) 2,321ms
[2023-01-13T14:58:24.489+0300][gc,cpu        ] GC(2) User=0,00s Sys=0,00s Real=0,00s
[2023-01-13T14:58:24.490+0300][gc,marking    ] GC(2) Concurrent Rebuild Remembered Sets
[2023-01-13T14:58:24.492+0300][gc,marking    ] GC(2) Concurrent Rebuild Remembered Sets 1,963ms
[2023-01-13T14:58:24.492+0300][gc,start      ] GC(2) Pause Cleanup
[2023-01-13T14:58:24.493+0300][gc            ] GC(2) Pause Cleanup 8M->8M(1024M) 0,527ms
[2023-01-13T14:58:24.493+0300][gc,cpu        ] GC(2) User=0,00s Sys=0,00s Real=0,01s
[2023-01-13T14:58:24.494+0300][gc,marking    ] GC(2) Concurrent Cleanup for Next Mark
[2023-01-13T14:58:24.496+0300][gc,marking    ] GC(2) Concurrent Cleanup for Next Mark 2,501ms
[2023-01-13T14:58:24.497+0300][gc            ] GC(2) Concurrent Cycle 18,654ms
[2023-01-13T14:58:25.391+0300][gc,start      ] GC(3) Pause Young (Normal) (G1 Evacuation Pause)
[2023-01-13T14:58:25.391+0300][gc,task       ] GC(3) Using 10 workers of 10 for evacuation
[2023-01-13T14:58:25.401+0300][gc,phases     ] GC(3)   Pre Evacuate Collection Set: 0,0ms
[2023-01-13T14:58:25.401+0300][gc,phases     ] GC(3)   Evacuate Collection Set: 8,1ms
[2023-01-13T14:58:25.402+0300][gc,phases     ] GC(3)   Post Evacuate Collection Set: 0,8ms
[2023-01-13T14:58:25.402+0300][gc,phases     ] GC(3)   Other: 0,9ms
[2023-01-13T14:58:25.402+0300][gc,heap       ] GC(3) Eden regions: 49->0(46)
[2023-01-13T14:58:25.403+0300][gc,heap       ] GC(3) Survivor regions: 2->5(7)
[2023-01-13T14:58:25.403+0300][gc,heap       ] GC(3) Old regions: 9->9
[2023-01-13T14:58:25.403+0300][gc,heap       ] GC(3) Humongous regions: 129->129
[2023-01-13T14:58:25.404+0300][gc,metaspace  ] GC(3) Metaspace: 29288K(30720K)->29288K(30720K) NonClass: 25777K(26624K)->25777K(26624K) Class: 3510K(4096K)->3510K(4096K)
[2023-01-13T14:58:25.404+0300][gc            ] GC(3) Pause Young (Normal) (G1 Evacuation Pause) 186M->140M(1024M) 13,369ms
[2023-01-13T14:58:25.405+0300][gc,cpu        ] GC(3) User=0,13s Sys=0,00s Real=0,02s
[2023-01-13T14:58:25.961+0300][gc,heap,exit  ] Heap
[2023-01-13T14:58:25.961+0300][gc,heap,exit  ]  garbage-first heap   total 1048576K, used 166196K [0x00000000c0000000, 0x0000000100000000)
[2023-01-13T14:58:25.961+0300][gc,heap,exit  ]   region size 1024K, 28 young (28672K), 5 survivors (5120K)
[2023-01-13T14:58:25.962+0300][gc,heap,exit  ]  Metaspace       used 32570K, capacity 33955K, committed 34176K, reserved 1079296K
[2023-01-13T14:58:25.962+0300][gc,heap,exit  ]   class space    used 4020K, capacity 4634K, committed 4736K, reserved 1048576K
