[2023-01-14T00:17:47.012+0300][gc,heap] Heap region size: 1M
[2023-01-14T00:17:47.017+0300][gc     ] Using G1
[2023-01-14T00:17:47.017+0300][gc,heap,coops] Heap address: 0x00000000e0000000, size: 512 MB, Compressed Oops mode: 32-bit
[2023-01-14T00:17:47.018+0300][gc,cds       ] Mark closed archive regions in map: [0x00000000fff00000, 0x00000000fff6aff8]
[2023-01-14T00:17:47.018+0300][gc,cds       ] Mark open archive regions in map: [0x00000000ffe00000, 0x00000000ffe47ff8]
[2023-01-14T00:17:49.011+0300][gc,start     ] GC(0) Pause Young (Normal) (G1 Evacuation Pause)
[2023-01-14T00:17:49.013+0300][gc,task      ] GC(0) Using 10 workers of 10 for evacuation
[2023-01-14T00:17:49.022+0300][gc,phases    ] GC(0)   Pre Evacuate Collection Set: 0,0ms
[2023-01-14T00:17:49.023+0300][gc,phases    ] GC(0)   Evacuate Collection Set: 8,3ms
[2023-01-14T00:17:49.023+0300][gc,phases    ] GC(0)   Post Evacuate Collection Set: 0,6ms
[2023-01-14T00:17:49.024+0300][gc,phases    ] GC(0)   Other: 2,6ms
[2023-01-14T00:17:49.024+0300][gc,heap      ] GC(0) Eden regions: 25->0(21)
[2023-01-14T00:17:49.024+0300][gc,heap      ] GC(0) Survivor regions: 0->4(4)
[2023-01-14T00:17:49.025+0300][gc,heap      ] GC(0) Old regions: 2->5
[2023-01-14T00:17:49.025+0300][gc,heap      ] GC(0) Humongous regions: 0->0
[2023-01-14T00:17:49.026+0300][gc,metaspace ] GC(0) Metaspace: 7390K(7936K)->7390K(7936K) NonClass: 6565K(6912K)->6565K(6912K) Class: 825K(1024K)->825K(1024K)
[2023-01-14T00:17:49.026+0300][gc           ] GC(0) Pause Young (Normal) (G1 Evacuation Pause) 25M->7M(512M) 14,950ms
[2023-01-14T00:17:49.026+0300][gc,cpu       ] GC(0) User=0,00s Sys=0,08s Real=0,01s
[2023-01-14T00:20:59.372+0300][gc,heap,exit ] Heap
[2023-01-14T00:20:59.373+0300][gc,heap,exit ]  garbage-first heap   total 524288K, used 18927K [0x00000000e0000000, 0x0000000100000000)
[2023-01-14T00:20:59.373+0300][gc,heap,exit ]   region size 1024K, 16 young (16384K), 4 survivors (4096K)
[2023-01-14T00:20:59.374+0300][gc,heap,exit ]  Metaspace       used 8924K, capacity 9363K, committed 9728K, reserved 1058816K
[2023-01-14T00:20:59.374+0300][gc,heap,exit ]   class space    used 980K, capacity 1154K, committed 1280K, reserved 1048576K
