[2023-01-14T00:23:40.115+0300][gc,heap] Heap region size: 1M
[2023-01-14T00:23:40.125+0300][gc     ] Using G1
[2023-01-14T00:23:40.125+0300][gc,heap,coops] Heap address: 0x00000000e0000000, size: 512 MB, Compressed Oops mode: 32-bit
[2023-01-14T00:23:40.126+0300][gc,cds       ] Mark closed archive regions in map: [0x00000000fff00000, 0x00000000fff6aff8]
[2023-01-14T00:23:40.126+0300][gc,cds       ] Mark open archive regions in map: [0x00000000ffe00000, 0x00000000ffe47ff8]
[2023-01-14T00:23:42.201+0300][gc,start     ] GC(0) Pause Young (Normal) (G1 Evacuation Pause)
[2023-01-14T00:23:42.203+0300][gc,task      ] GC(0) Using 10 workers of 10 for evacuation
[2023-01-14T00:23:42.214+0300][gc,phases    ] GC(0)   Pre Evacuate Collection Set: 0,0ms
[2023-01-14T00:23:42.214+0300][gc,phases    ] GC(0)   Evacuate Collection Set: 9,5ms
[2023-01-14T00:23:42.215+0300][gc,phases    ] GC(0)   Post Evacuate Collection Set: 0,6ms
[2023-01-14T00:23:42.215+0300][gc,phases    ] GC(0)   Other: 2,4ms
[2023-01-14T00:23:42.215+0300][gc,heap      ] GC(0) Eden regions: 25->0(21)
[2023-01-14T00:23:42.216+0300][gc,heap      ] GC(0) Survivor regions: 0->4(4)
[2023-01-14T00:23:42.216+0300][gc,heap      ] GC(0) Old regions: 2->5
[2023-01-14T00:23:42.216+0300][gc,heap      ] GC(0) Humongous regions: 0->0
[2023-01-14T00:23:42.217+0300][gc,metaspace ] GC(0) Metaspace: 7408K(7936K)->7408K(7936K) NonClass: 6581K(6912K)->6581K(6912K) Class: 826K(1024K)->826K(1024K)
[2023-01-14T00:23:42.217+0300][gc           ] GC(0) Pause Young (Normal) (G1 Evacuation Pause) 25M->7M(512M) 16,085ms
[2023-01-14T00:23:42.218+0300][gc,cpu       ] GC(0) User=0,01s Sys=0,09s Real=0,01s
[2023-01-14T00:26:56.399+0300][gc,heap,exit ] Heap
[2023-01-14T00:26:56.400+0300][gc,heap,exit ]  garbage-first heap   total 524288K, used 19133K [0x00000000e0000000, 0x0000000100000000)
[2023-01-14T00:26:56.400+0300][gc,heap,exit ]   region size 1024K, 16 young (16384K), 4 survivors (4096K)
[2023-01-14T00:26:56.401+0300][gc,heap,exit ]  Metaspace       used 8928K, capacity 9375K, committed 9728K, reserved 1058816K
[2023-01-14T00:26:56.401+0300][gc,heap,exit ]   class space    used 981K, capacity 1154K, committed 1280K, reserved 1048576K
