[2023-01-13T14:49:30.660+0300][gc,heap] Heap region size: 1M
[2023-01-13T14:49:30.664+0300][gc     ] Using G1
[2023-01-13T14:49:30.665+0300][gc,heap,coops] Heap address: 0x00000000e0000000, size: 512 MB, Compressed Oops mode: 32-bit
[2023-01-13T14:49:30.665+0300][gc,cds       ] Mark closed archive regions in map: [0x00000000fff00000, 0x00000000fff6aff8]
[2023-01-13T14:49:30.665+0300][gc,cds       ] Mark open archive regions in map: [0x00000000ffe00000, 0x00000000ffe47ff8]
[2023-01-13T14:49:33.982+0300][gc,start     ] GC(0) Pause Young (Normal) (G1 Evacuation Pause)
[2023-01-13T14:49:33.983+0300][gc,task      ] GC(0) Using 10 workers of 10 for evacuation
[2023-01-13T14:49:33.994+0300][gc,phases    ] GC(0)   Pre Evacuate Collection Set: 0,0ms
[2023-01-13T14:49:33.994+0300][gc,phases    ] GC(0)   Evacuate Collection Set: 10,3ms
[2023-01-13T14:49:33.994+0300][gc,phases    ] GC(0)   Post Evacuate Collection Set: 0,7ms
[2023-01-13T14:49:33.995+0300][gc,phases    ] GC(0)   Other: 1,4ms
[2023-01-13T14:49:33.995+0300][gc,heap      ] GC(0) Eden regions: 25->0(21)
[2023-01-13T14:49:33.995+0300][gc,heap      ] GC(0) Survivor regions: 0->4(4)
[2023-01-13T14:49:33.995+0300][gc,heap      ] GC(0) Old regions: 2->5
[2023-01-13T14:49:33.995+0300][gc,heap      ] GC(0) Humongous regions: 0->0
[2023-01-13T14:49:33.996+0300][gc,metaspace ] GC(0) Metaspace: 7383K(7936K)->7383K(7936K) NonClass: 6557K(6912K)->6557K(6912K) Class: 826K(1024K)->826K(1024K)
[2023-01-13T14:49:33.996+0300][gc           ] GC(0) Pause Young (Normal) (G1 Evacuation Pause) 25M->7M(512M) 14,389ms
[2023-01-13T14:49:33.996+0300][gc,cpu       ] GC(0) User=0,00s Sys=0,11s Real=0,02s
