[2023-01-13T23:38:05.695+0300][gc,heap] Heap region size: 1M
[2023-01-13T23:38:05.700+0300][gc     ] Using G1
[2023-01-13T23:38:05.701+0300][gc,heap,coops] Heap address: 0x00000000e0000000, size: 512 MB, Compressed Oops mode: 32-bit
[2023-01-13T23:38:05.701+0300][gc,cds       ] Mark closed archive regions in map: [0x00000000fff00000, 0x00000000fff6aff8]
[2023-01-13T23:38:05.702+0300][gc,cds       ] Mark open archive regions in map: [0x00000000ffe00000, 0x00000000ffe47ff8]
[2023-01-13T23:38:07.817+0300][gc,start     ] GC(0) Pause Young (Normal) (G1 Evacuation Pause)
[2023-01-13T23:38:07.819+0300][gc,task      ] GC(0) Using 10 workers of 10 for evacuation
[2023-01-13T23:38:07.830+0300][gc,phases    ] GC(0)   Pre Evacuate Collection Set: 0,0ms
[2023-01-13T23:38:07.830+0300][gc,phases    ] GC(0)   Evacuate Collection Set: 10,0ms
[2023-01-13T23:38:07.830+0300][gc,phases    ] GC(0)   Post Evacuate Collection Set: 0,6ms
[2023-01-13T23:38:07.831+0300][gc,phases    ] GC(0)   Other: 2,1ms
[2023-01-13T23:38:07.831+0300][gc,heap      ] GC(0) Eden regions: 25->0(21)
[2023-01-13T23:38:07.831+0300][gc,heap      ] GC(0) Survivor regions: 0->4(4)
[2023-01-13T23:38:07.832+0300][gc,heap      ] GC(0) Old regions: 2->5
[2023-01-13T23:38:07.832+0300][gc,heap      ] GC(0) Humongous regions: 0->0
[2023-01-13T23:38:07.833+0300][gc,metaspace ] GC(0) Metaspace: 7404K(7936K)->7404K(7936K) NonClass: 6578K(6912K)->6578K(6912K) Class: 826K(1024K)->826K(1024K)
[2023-01-13T23:38:07.833+0300][gc           ] GC(0) Pause Young (Normal) (G1 Evacuation Pause) 25M->7M(512M) 16,122ms
[2023-01-13T23:38:07.834+0300][gc,cpu       ] GC(0) User=0,10s Sys=0,01s Real=0,02s
[2023-01-14T00:05:45.152+0300][gc,heap,exit ] Heap
[2023-01-14T00:05:45.153+0300][gc,heap,exit ]  garbage-first heap   total 524288K, used 20933K [0x00000000e0000000, 0x0000000100000000)
[2023-01-14T00:05:45.153+0300][gc,heap,exit ]   region size 1024K, 18 young (18432K), 4 survivors (4096K)
[2023-01-14T00:05:45.153+0300][gc,heap,exit ]  Metaspace       used 9057K, capacity 9499K, committed 9728K, reserved 1058816K
[2023-01-14T00:05:45.153+0300][gc,heap,exit ]   class space    used 980K, capacity 1154K, committed 1280K, reserved 1048576K
