[2023-01-14T00:15:48.774+0300][gc,heap] Heap region size: 1M
[2023-01-14T00:15:48.779+0300][gc     ] Using G1
[2023-01-14T00:15:48.780+0300][gc,heap,coops] Heap address: 0x00000000e0000000, size: 512 MB, Compressed Oops mode: 32-bit
[2023-01-14T00:15:48.780+0300][gc,cds       ] Mark closed archive regions in map: [0x00000000fff00000, 0x00000000fff6aff8]
[2023-01-14T00:15:48.781+0300][gc,cds       ] Mark open archive regions in map: [0x00000000ffe00000, 0x00000000ffe47ff8]
[2023-01-14T00:15:53.136+0300][gc,start     ] GC(0) Pause Young (Normal) (G1 Evacuation Pause)
[2023-01-14T00:15:53.137+0300][gc,task      ] GC(0) Using 10 workers of 10 for evacuation
[2023-01-14T00:15:53.148+0300][gc,phases    ] GC(0)   Pre Evacuate Collection Set: 0,0ms
[2023-01-14T00:15:53.150+0300][gc,phases    ] GC(0)   Evacuate Collection Set: 10,1ms
[2023-01-14T00:15:53.150+0300][gc,phases    ] GC(0)   Post Evacuate Collection Set: 0,5ms
[2023-01-14T00:15:53.150+0300][gc,phases    ] GC(0)   Other: 2,0ms
[2023-01-14T00:15:53.151+0300][gc,heap      ] GC(0) Eden regions: 25->0(21)
[2023-01-14T00:15:53.151+0300][gc,heap      ] GC(0) Survivor regions: 0->4(4)
[2023-01-14T00:15:53.151+0300][gc,heap      ] GC(0) Old regions: 2->5
[2023-01-14T00:15:53.152+0300][gc,heap      ] GC(0) Humongous regions: 0->0
[2023-01-14T00:15:53.152+0300][gc,metaspace ] GC(0) Metaspace: 7358K(7936K)->7358K(7936K) NonClass: 6535K(6912K)->6535K(6912K) Class: 822K(1024K)->822K(1024K)
[2023-01-14T00:15:53.152+0300][gc           ] GC(0) Pause Young (Normal) (G1 Evacuation Pause) 25M->7M(512M) 16,643ms
[2023-01-14T00:15:53.153+0300][gc,cpu       ] GC(0) User=0,03s Sys=0,08s Real=0,02s
[2023-01-14T00:16:38.837+0300][gc,heap,exit ] Heap
[2023-01-14T00:16:38.838+0300][gc,heap,exit ]  garbage-first heap   total 524288K, used 12723K [0x00000000e0000000, 0x0000000100000000)
[2023-01-14T00:16:38.838+0300][gc,heap,exit ]   region size 1024K, 10 young (10240K), 4 survivors (4096K)
[2023-01-14T00:16:38.838+0300][gc,heap,exit ]  Metaspace       used 8147K, capacity 8554K, committed 8832K, reserved 1056768K
[2023-01-14T00:16:38.838+0300][gc,heap,exit ]   class space    used 908K, capacity 1055K, committed 1152K, reserved 1048576K
