[2023-01-14T00:11:12.125+0300][gc,heap] Heap region size: 1M
[2023-01-14T00:11:12.133+0300][gc     ] Using G1
[2023-01-14T00:11:12.134+0300][gc,heap,coops] Heap address: 0x00000000e0000000, size: 512 MB, Compressed Oops mode: 32-bit
[2023-01-14T00:11:12.134+0300][gc,cds       ] Mark closed archive regions in map: [0x00000000fff00000, 0x00000000fff6aff8]
[2023-01-14T00:11:12.135+0300][gc,cds       ] Mark open archive regions in map: [0x00000000ffe00000, 0x00000000ffe47ff8]
[2023-01-14T00:11:14.538+0300][gc,start     ] GC(0) Pause Young (Normal) (G1 Evacuation Pause)
[2023-01-14T00:11:14.540+0300][gc,task      ] GC(0) Using 10 workers of 10 for evacuation
[2023-01-14T00:11:14.557+0300][gc,phases    ] GC(0)   Pre Evacuate Collection Set: 0,0ms
[2023-01-14T00:11:14.558+0300][gc,phases    ] GC(0)   Evacuate Collection Set: 15,2ms
[2023-01-14T00:11:14.560+0300][gc,phases    ] GC(0)   Post Evacuate Collection Set: 0,6ms
[2023-01-14T00:11:14.562+0300][gc,phases    ] GC(0)   Other: 3,6ms
[2023-01-14T00:11:14.563+0300][gc,heap      ] GC(0) Eden regions: 25->0(21)
[2023-01-14T00:11:14.564+0300][gc,heap      ] GC(0) Survivor regions: 0->4(4)
[2023-01-14T00:11:14.564+0300][gc,heap      ] GC(0) Old regions: 2->5
[2023-01-14T00:11:14.564+0300][gc,heap      ] GC(0) Humongous regions: 0->0
[2023-01-14T00:11:14.565+0300][gc,metaspace ] GC(0) Metaspace: 7417K(7936K)->7417K(7936K) NonClass: 6590K(6912K)->6590K(6912K) Class: 826K(1024K)->826K(1024K)
[2023-01-14T00:11:14.565+0300][gc           ] GC(0) Pause Young (Normal) (G1 Evacuation Pause) 25M->7M(512M) 26,987ms
[2023-01-14T00:11:14.566+0300][gc,cpu       ] GC(0) User=0,11s Sys=0,05s Real=0,03s
[2023-01-14T00:13:19.614+0300][gc,heap,exit ] Heap
[2023-01-14T00:13:19.614+0300][gc,heap,exit ]  garbage-first heap   total 524288K, used 12779K [0x00000000e0000000, 0x0000000100000000)
[2023-01-14T00:13:19.615+0300][gc,heap,exit ]   region size 1024K, 10 young (10240K), 4 survivors (4096K)
[2023-01-14T00:13:19.615+0300][gc,heap,exit ]  Metaspace       used 8332K, capacity 8767K, committed 9088K, reserved 1056768K
[2023-01-14T00:13:19.615+0300][gc,heap,exit ]   class space    used 931K, capacity 1058K, committed 1152K, reserved 1048576K
