[2023-01-13T14:58:09.698+0300][gc,heap] Heap region size: 1M
[2023-01-13T14:58:09.703+0300][gc     ] Using G1
[2023-01-13T14:58:09.703+0300][gc,heap,coops] Heap address: 0x00000000e0000000, size: 512 MB, Compressed Oops mode: 32-bit
[2023-01-13T14:58:09.704+0300][gc,cds       ] Mark closed archive regions in map: [0x00000000fff00000, 0x00000000fff6aff8]
[2023-01-13T14:58:09.704+0300][gc,cds       ] Mark open archive regions in map: [0x00000000ffe00000, 0x00000000ffe47ff8]
[2023-01-13T14:58:11.726+0300][gc,start     ] GC(0) Pause Young (Normal) (G1 Evacuation Pause)
[2023-01-13T14:58:11.728+0300][gc,task      ] GC(0) Using 10 workers of 10 for evacuation
[2023-01-13T14:58:11.737+0300][gc,phases    ] GC(0)   Pre Evacuate Collection Set: 0,0ms
[2023-01-13T14:58:11.737+0300][gc,phases    ] GC(0)   Evacuate Collection Set: 7,6ms
[2023-01-13T14:58:11.738+0300][gc,phases    ] GC(0)   Post Evacuate Collection Set: 0,7ms
[2023-01-13T14:58:11.738+0300][gc,phases    ] GC(0)   Other: 2,2ms
[2023-01-13T14:58:11.739+0300][gc,heap      ] GC(0) Eden regions: 25->0(21)
[2023-01-13T14:58:11.739+0300][gc,heap      ] GC(0) Survivor regions: 0->4(4)
[2023-01-13T14:58:11.739+0300][gc,heap      ] GC(0) Old regions: 2->5
[2023-01-13T14:58:11.740+0300][gc,heap      ] GC(0) Humongous regions: 0->0
[2023-01-13T14:58:11.740+0300][gc,metaspace ] GC(0) Metaspace: 7390K(7936K)->7390K(7936K) NonClass: 6564K(6912K)->6564K(6912K) Class: 826K(1024K)->826K(1024K)
[2023-01-13T14:58:11.740+0300][gc           ] GC(0) Pause Young (Normal) (G1 Evacuation Pause) 25M->7M(512M) 14,292ms
[2023-01-13T14:58:11.741+0300][gc,cpu       ] GC(0) User=0,00s Sys=0,07s Real=0,01s
[2023-01-13T18:13:30.068+0300][gc,start     ] GC(1) Pause Young (Normal) (G1 Evacuation Pause)
[2023-01-13T18:13:30.070+0300][gc,task      ] GC(1) Using 10 workers of 10 for evacuation
[2023-01-13T18:13:30.131+0300][gc,mmu       ] GC(1) MMU target violated: 21,0ms (20,0ms/21,0ms)
[2023-01-13T18:13:30.132+0300][gc,phases    ] GC(1)   Pre Evacuate Collection Set: 7,2ms
[2023-01-13T18:13:30.132+0300][gc,phases    ] GC(1)   Evacuate Collection Set: 50,2ms
[2023-01-13T18:13:30.133+0300][gc,phases    ] GC(1)   Post Evacuate Collection Set: 1,7ms
[2023-01-13T18:13:30.133+0300][gc,phases    ] GC(1)   Other: 5,4ms
[2023-01-13T18:13:30.134+0300][gc,heap      ] GC(1) Eden regions: 21->0(24)
[2023-01-13T18:13:30.134+0300][gc,heap      ] GC(1) Survivor regions: 4->1(4)
[2023-01-13T18:13:30.135+0300][gc,heap      ] GC(1) Old regions: 5->9
[2023-01-13T18:13:30.135+0300][gc,heap      ] GC(1) Humongous regions: 0->0
[2023-01-13T18:13:30.135+0300][gc,metaspace ] GC(1) Metaspace: 9264K(9984K)->9264K(9984K) NonClass: 8284K(8704K)->8284K(8704K) Class: 980K(1280K)->980K(1280K)
[2023-01-13T18:13:30.136+0300][gc           ] GC(1) Pause Young (Normal) (G1 Evacuation Pause) 28M->8M(512M) 68,117ms
[2023-01-13T18:13:30.136+0300][gc,cpu       ] GC(1) User=0,26s Sys=0,08s Real=0,07s
[2023-01-13T22:21:41.634+0300][gc,heap,exit ] Heap
[2023-01-13T22:21:41.635+0300][gc,heap,exit ]  garbage-first heap   total 524288K, used 22741K [0x00000000e0000000, 0x0000000100000000)
[2023-01-13T22:21:41.635+0300][gc,heap,exit ]   region size 1024K, 16 young (16384K), 1 survivors (1024K)
[2023-01-13T22:21:41.636+0300][gc,heap,exit ]  Metaspace       used 9283K, capacity 9747K, committed 9984K, reserved 1058816K
[2023-01-13T22:21:41.636+0300][gc,heap,exit ]   class space    used 981K, capacity 1154K, committed 1280K, reserved 1048576K
