[2023-01-13T13:11:37.894+0300][gc,heap] Heap region size: 1M
[2023-01-13T13:11:37.898+0300][gc     ] Using G1
[2023-01-13T13:11:37.898+0300][gc,heap,coops] Heap address: 0x00000000e0000000, size: 512 MB, Compressed Oops mode: 32-bit
[2023-01-13T13:11:37.899+0300][gc,cds       ] Mark closed archive regions in map: [0x00000000fff00000, 0x00000000fff6aff8]
[2023-01-13T13:11:37.899+0300][gc,cds       ] Mark open archive regions in map: [0x00000000ffe00000, 0x00000000ffe47ff8]
[2023-01-13T13:11:41.246+0300][gc,start     ] GC(0) Pause Young (Normal) (G1 Evacuation Pause)
[2023-01-13T13:11:41.247+0300][gc,task      ] GC(0) Using 10 workers of 10 for evacuation
[2023-01-13T13:11:41.257+0300][gc,phases    ] GC(0)   Pre Evacuate Collection Set: 0,0ms
[2023-01-13T13:11:41.258+0300][gc,phases    ] GC(0)   Evacuate Collection Set: 9,1ms
[2023-01-13T13:11:41.258+0300][gc,phases    ] GC(0)   Post Evacuate Collection Set: 0,7ms
[2023-01-13T13:11:41.258+0300][gc,phases    ] GC(0)   Other: 1,9ms
[2023-01-13T13:11:41.259+0300][gc,heap      ] GC(0) Eden regions: 25->0(21)
[2023-01-13T13:11:41.259+0300][gc,heap      ] GC(0) Survivor regions: 0->4(4)
[2023-01-13T13:11:41.259+0300][gc,heap      ] GC(0) Old regions: 2->5
[2023-01-13T13:11:41.259+0300][gc,heap      ] GC(0) Humongous regions: 0->0
[2023-01-13T13:11:41.260+0300][gc,metaspace ] GC(0) Metaspace: 7384K(7936K)->7384K(7936K) NonClass: 6558K(6912K)->6558K(6912K) Class: 825K(1024K)->825K(1024K)
[2023-01-13T13:11:41.260+0300][gc           ] GC(0) Pause Young (Normal) (G1 Evacuation Pause) 25M->7M(512M) 14,222ms
[2023-01-13T13:11:41.260+0300][gc,cpu       ] GC(0) User=0,06s Sys=0,03s Real=0,02s
[2023-01-13T14:47:01.219+0300][gc,heap,exit ] Heap
[2023-01-13T14:47:01.220+0300][gc,heap,exit ]  garbage-first heap   total 524288K, used 23096K [0x00000000e0000000, 0x0000000100000000)
[2023-01-13T14:47:01.220+0300][gc,heap,exit ]   region size 1024K, 20 young (20480K), 4 survivors (4096K)
[2023-01-13T14:47:01.221+0300][gc,heap,exit ]  Metaspace       used 9267K, capacity 9755K, committed 9984K, reserved 1058816K
[2023-01-13T14:47:01.221+0300][gc,heap,exit ]   class space    used 981K, capacity 1154K, committed 1280K, reserved 1048576K
