[2023-01-13T22:48:56.993+0300][gc,heap] Heap region size: 1M
[2023-01-13T22:48:56.998+0300][gc     ] Using G1
[2023-01-13T22:48:56.999+0300][gc,heap,coops] Heap address: 0x00000000e0000000, size: 512 MB, Compressed Oops mode: 32-bit
[2023-01-13T22:48:56.999+0300][gc,cds       ] Mark closed archive regions in map: [0x00000000fff00000, 0x00000000fff6aff8]
[2023-01-13T22:48:57.000+0300][gc,cds       ] Mark open archive regions in map: [0x00000000ffe00000, 0x00000000ffe47ff8]
[2023-01-13T22:48:59.189+0300][gc,start     ] GC(0) Pause Young (Normal) (G1 Evacuation Pause)
[2023-01-13T22:48:59.191+0300][gc,task      ] GC(0) Using 10 workers of 10 for evacuation
[2023-01-13T22:48:59.201+0300][gc,phases    ] GC(0)   Pre Evacuate Collection Set: 0,1ms
[2023-01-13T22:48:59.201+0300][gc,phases    ] GC(0)   Evacuate Collection Set: 8,2ms
[2023-01-13T22:48:59.202+0300][gc,phases    ] GC(0)   Post Evacuate Collection Set: 0,6ms
[2023-01-13T22:48:59.202+0300][gc,phases    ] GC(0)   Other: 2,7ms
[2023-01-13T22:48:59.203+0300][gc,heap      ] GC(0) Eden regions: 25->0(21)
[2023-01-13T22:48:59.203+0300][gc,heap      ] GC(0) Survivor regions: 0->4(4)
[2023-01-13T22:48:59.203+0300][gc,heap      ] GC(0) Old regions: 2->5
[2023-01-13T22:48:59.204+0300][gc,heap      ] GC(0) Humongous regions: 0->0
[2023-01-13T22:48:59.204+0300][gc,metaspace ] GC(0) Metaspace: 7381K(7936K)->7381K(7936K) NonClass: 6557K(6912K)->6557K(6912K) Class: 823K(1024K)->823K(1024K)
[2023-01-13T22:48:59.205+0300][gc           ] GC(0) Pause Young (Normal) (G1 Evacuation Pause) 25M->7M(512M) 15,352ms
[2023-01-13T22:48:59.205+0300][gc,cpu       ] GC(0) User=0,09s Sys=0,00s Real=0,01s
[2023-01-13T23:37:53.528+0300][gc,heap,exit ] Heap
[2023-01-13T23:37:53.529+0300][gc,heap,exit ]  garbage-first heap   total 524288K, used 21928K [0x00000000e0000000, 0x0000000100000000)
[2023-01-13T23:37:53.529+0300][gc,heap,exit ]   region size 1024K, 19 young (19456K), 4 survivors (4096K)
[2023-01-13T23:37:53.530+0300][gc,heap,exit ]  Metaspace       used 9180K, capacity 9683K, committed 9984K, reserved 1058816K
[2023-01-13T23:37:53.530+0300][gc,heap,exit ]   class space    used 981K, capacity 1154K, committed 1280K, reserved 1048576K
