[2023-01-10T14:38:58.551+0300][gc,heap] Heap region size: 1M
[2023-01-10T14:38:58.555+0300][gc     ] Using G1
[2023-01-10T14:38:58.555+0300][gc,heap,coops] Heap address: 0x00000000e0000000, size: 512 MB, Compressed Oops mode: 32-bit
[2023-01-10T14:38:58.556+0300][gc,cds       ] Mark closed archive regions in map: [0x00000000fff00000, 0x00000000fff6aff8]
[2023-01-10T14:38:58.556+0300][gc,cds       ] Mark open archive regions in map: [0x00000000ffe00000, 0x00000000ffe47ff8]
[2023-01-10T14:38:59.745+0300][gc,start     ] GC(0) Pause Young (Normal) (G1 Evacuation Pause)
[2023-01-10T14:38:59.746+0300][gc,task      ] GC(0) Using 10 workers of 10 for evacuation
[2023-01-10T14:38:59.757+0300][gc,phases    ] GC(0)   Pre Evacuate Collection Set: 0,0ms
[2023-01-10T14:38:59.757+0300][gc,phases    ] GC(0)   Evacuate Collection Set: 9,3ms
[2023-01-10T14:38:59.757+0300][gc,phases    ] GC(0)   Post Evacuate Collection Set: 0,7ms
[2023-01-10T14:38:59.758+0300][gc,phases    ] GC(0)   Other: 2,0ms
[2023-01-10T14:38:59.758+0300][gc,heap      ] GC(0) Eden regions: 25->0(21)
[2023-01-10T14:38:59.758+0300][gc,heap      ] GC(0) Survivor regions: 0->4(4)
[2023-01-10T14:38:59.758+0300][gc,heap      ] GC(0) Old regions: 2->5
[2023-01-10T14:38:59.759+0300][gc,heap      ] GC(0) Humongous regions: 0->0
[2023-01-10T14:38:59.759+0300][gc,metaspace ] GC(0) Metaspace: 7395K(7936K)->7395K(7936K) NonClass: 6568K(6912K)->6568K(6912K) Class: 826K(1024K)->826K(1024K)
[2023-01-10T14:38:59.759+0300][gc           ] GC(0) Pause Young (Normal) (G1 Evacuation Pause) 25M->7M(512M) 14,271ms
[2023-01-10T14:38:59.759+0300][gc,cpu       ] GC(0) User=0,00s Sys=0,10s Real=0,01s
[2023-01-10T17:23:01.746+0300][gc,heap,exit ] Heap
[2023-01-10T17:23:01.747+0300][gc,heap,exit ]  garbage-first heap   total 524288K, used 27088K [0x00000000e0000000, 0x0000000100000000)
[2023-01-10T17:23:01.747+0300][gc,heap,exit ]   region size 1024K, 24 young (24576K), 4 survivors (4096K)
[2023-01-10T17:23:01.747+0300][gc,heap,exit ]  Metaspace       used 9246K, capacity 9687K, committed 9984K, reserved 1058816K
[2023-01-10T17:23:01.747+0300][gc,heap,exit ]   class space    used 981K, capacity 1154K, committed 1280K, reserved 1048576K
